Archive member included to satisfy reference by file (symbol)

c:/st/stm32cubeide_1.11.0/stm32cubeide/plugins/com.st.stm32cube.ide.mcu.externaltools.gnu-tools-for-stm32.10.3-2021.10.win32_1.0.100.202210260954/tools/bin/../lib/gcc/arm-none-eabi/10.3.1/../../../../arm-none-eabi/lib/thumb/v7e-m+fp/hard\libc_nano.a(lib_a-errno.o)
                              ./Core/Src/syscalls.o (__errno)
c:/st/stm32cubeide_1.11.0/stm32cubeide/plugins/com.st.stm32cube.ide.mcu.externaltools.gnu-tools-for-stm32.10.3-2021.10.win32_1.0.100.202210260954/tools/bin/../lib/gcc/arm-none-eabi/10.3.1/../../../../arm-none-eabi/lib/thumb/v7e-m+fp/hard\libc_nano.a(lib_a-exit.o)
                              c:/st/stm32cubeide_1.11.0/stm32cubeide/plugins/com.st.stm32cube.ide.mcu.externaltools.gnu-tools-for-stm32.10.3-2021.10.win32_1.0.100.202210260954/tools/bin/../lib/gcc/arm-none-eabi/10.3.1/../../../../arm-none-eabi/lib/thumb/v7e-m+fp/hard/crt0.o (exit)
c:/st/stm32cubeide_1.11.0/stm32cubeide/plugins/com.st.stm32cube.ide.mcu.externaltools.gnu-tools-for-stm32.10.3-2021.10.win32_1.0.100.202210260954/tools/bin/../lib/gcc/arm-none-eabi/10.3.1/../../../../arm-none-eabi/lib/thumb/v7e-m+fp/hard\libc_nano.a(lib_a-impure.o)
                              c:/st/stm32cubeide_1.11.0/stm32cubeide/plugins/com.st.stm32cube.ide.mcu.externaltools.gnu-tools-for-stm32.10.3-2021.10.win32_1.0.100.202210260954/tools/bin/../lib/gcc/arm-none-eabi/10.3.1/../../../../arm-none-eabi/lib/thumb/v7e-m+fp/hard\libc_nano.a(lib_a-exit.o) (_global_impure_ptr)
c:/st/stm32cubeide_1.11.0/stm32cubeide/plugins/com.st.stm32cube.ide.mcu.externaltools.gnu-tools-for-stm32.10.3-2021.10.win32_1.0.100.202210260954/tools/bin/../lib/gcc/arm-none-eabi/10.3.1/../../../../arm-none-eabi/lib/thumb/v7e-m+fp/hard\libc_nano.a(lib_a-init.o)
                              c:/st/stm32cubeide_1.11.0/stm32cubeide/plugins/com.st.stm32cube.ide.mcu.externaltools.gnu-tools-for-stm32.10.3-2021.10.win32_1.0.100.202210260954/tools/bin/../lib/gcc/arm-none-eabi/10.3.1/../../../../arm-none-eabi/lib/thumb/v7e-m+fp/hard/crt0.o (__libc_init_array)
c:/st/stm32cubeide_1.11.0/stm32cubeide/plugins/com.st.stm32cube.ide.mcu.externaltools.gnu-tools-for-stm32.10.3-2021.10.win32_1.0.100.202210260954/tools/bin/../lib/gcc/arm-none-eabi/10.3.1/../../../../arm-none-eabi/lib/thumb/v7e-m+fp/hard\libc_nano.a(lib_a-memcpy-stub.o)
                              ./Core/Src/main.o (memcpy)
c:/st/stm32cubeide_1.11.0/stm32cubeide/plugins/com.st.stm32cube.ide.mcu.externaltools.gnu-tools-for-stm32.10.3-2021.10.win32_1.0.100.202210260954/tools/bin/../lib/gcc/arm-none-eabi/10.3.1/../../../../arm-none-eabi/lib/thumb/v7e-m+fp/hard\libc_nano.a(lib_a-memset.o)
                              c:/st/stm32cubeide_1.11.0/stm32cubeide/plugins/com.st.stm32cube.ide.mcu.externaltools.gnu-tools-for-stm32.10.3-2021.10.win32_1.0.100.202210260954/tools/bin/../lib/gcc/arm-none-eabi/10.3.1/../../../../arm-none-eabi/lib/thumb/v7e-m+fp/hard/crt0.o (memset)
c:/st/stm32cubeide_1.11.0/stm32cubeide/plugins/com.st.stm32cube.ide.mcu.externaltools.gnu-tools-for-stm32.10.3-2021.10.win32_1.0.100.202210260954/tools/bin/../lib/gcc/arm-none-eabi/10.3.1/../../../../arm-none-eabi/lib/thumb/v7e-m+fp/hard\libc_nano.a(lib_a-sprintf.o)
                              ./Core/Src/main.o (sprintf)
c:/st/stm32cubeide_1.11.0/stm32cubeide/plugins/com.st.stm32cube.ide.mcu.externaltools.gnu-tools-for-stm32.10.3-2021.10.win32_1.0.100.202210260954/tools/bin/../lib/gcc/arm-none-eabi/10.3.1/../../../../arm-none-eabi/lib/thumb/v7e-m+fp/hard\libc_nano.a(lib_a-strchr.o)
                              ./Core/Src/msgProcess.o (strchr)
c:/st/stm32cubeide_1.11.0/stm32cubeide/plugins/com.st.stm32cube.ide.mcu.externaltools.gnu-tools-for-stm32.10.3-2021.10.win32_1.0.100.202210260954/tools/bin/../lib/gcc/arm-none-eabi/10.3.1/../../../../arm-none-eabi/lib/thumb/v7e-m+fp/hard\libc_nano.a(lib_a-strlen.o)
                              ./Core/Src/main.o (strlen)
c:/st/stm32cubeide_1.11.0/stm32cubeide/plugins/com.st.stm32cube.ide.mcu.externaltools.gnu-tools-for-stm32.10.3-2021.10.win32_1.0.100.202210260954/tools/bin/../lib/gcc/arm-none-eabi/10.3.1/../../../../arm-none-eabi/lib/thumb/v7e-m+fp/hard\libc_nano.a(lib_a-strncpy.o)
                              ./Core/Src/msgProcess.o (strncpy)
c:/st/stm32cubeide_1.11.0/stm32cubeide/plugins/com.st.stm32cube.ide.mcu.externaltools.gnu-tools-for-stm32.10.3-2021.10.win32_1.0.100.202210260954/tools/bin/../lib/gcc/arm-none-eabi/10.3.1/../../../../arm-none-eabi/lib/thumb/v7e-m+fp/hard\libc_nano.a(lib_a-strtol.o)
                              ./Core/Src/msgProcess.o (strtol)
c:/st/stm32cubeide_1.11.0/stm32cubeide/plugins/com.st.stm32cube.ide.mcu.externaltools.gnu-tools-for-stm32.10.3-2021.10.win32_1.0.100.202210260954/tools/bin/../lib/gcc/arm-none-eabi/10.3.1/../../../../arm-none-eabi/lib/thumb/v7e-m+fp/hard\libc_nano.a(lib_a-ctype_.o)
[...]
Memory Configuration

Name             Origin             Length             Attributes
RAM              0x0000000020000000 0x0000000000020000 xrw
FLASH            0x0000000008000000 0x0000000000080000 xr
*default*        0x0000000000000000 0xffffffffffffffff

Linker script and memory map

LOAD c:/st/stm32cubeide_1.11.0/stm32cubeide/plugins/com.st.stm32cube.ide.mcu.externaltools.gnu-tools-for-stm32.10.3-2021.10.win32_1.0.100.202210260954/tools/bin/../lib/gcc/arm-none-eabi/10.3.1/thumb/v7e-m+fp/hard/crti.o
LOAD c:/st/stm32cubeide_1.11.0/stm32cubeide/plugins/com.st.stm32cube.ide.mcu.externaltools.gnu-tools-for-stm32.10.3-2021.10.win32_1.0.100.202210260954/tools/bin/../lib/gcc/arm-none-eabi/10.3.1/thumb/v7e-m+fp/hard/crtbegin.o
LOAD c:/st/stm32cubeide_1.11.0/stm32cubeide/plugins/com.st.stm32cube.ide.mcu.externaltools.gnu-tools-for-stm32.10.3-2021.10.win32_1.0.100.202210260954/tools/bin/../lib/gcc/arm-none-eabi/10.3.1/../../../../arm-none-eabi/lib/thumb/v7e-m+fp/hard/crt0.o
LOAD ./Core/Src/EXITinti.o
LOAD ./Core/Src/GNSSprocess.o
LOAD ./Core/Src/main.o
LOAD ./Core/Src/msgProcess.o
LOAD ./Core/Src/stm32f4xx_hal_msp.o
LOAD ./Core/Src/stm32f4xx_it.o
LOAD ./Core/Src/syscalls.o
LOAD ./Core/Src/sysmem.o
LOAD ./Core/Src/system_stm32f4xx.o
LOAD ./Core/Startup/startup_stm32f411ceux.o
LOAD ./Drivers/STM32F4xx_HAL_Driver/Src/stm32f4xx_hal.o
LOAD ./Drivers/STM32F4xx_HAL_Driver/Src/stm32f4xx_hal_cortex.o
LOAD ./Drivers/STM32F4xx_HAL_Driver/Src/stm32f4xx_hal_dma.o
LOAD ./Drivers/STM32F4xx_HAL_Driver/Src/stm32f4xx_hal_dma_ex.o
LOAD ./Drivers/STM32F4xx_HAL_Driver/Src/stm32f4xx_hal_exti.o
LOAD ./Drivers/STM32F4xx_HAL_Driver/Src/stm32f4xx_hal_flash.o
LOAD ./Drivers/STM32F4xx_HAL_Driver/Src/stm32f4xx_hal_flash_ex.o
LOAD ./Drivers/STM32F4xx_HAL_Driver/Src/stm32f4xx_hal_flash_ramfunc.o
LOAD ./Drivers/STM32F4xx_HAL_Driver/Src/stm32f4xx_hal_gpio.o
LOAD ./Drivers/STM32F4xx_HAL_Driver/Src/stm32f4xx_hal_pcd.o
LOAD ./Drivers/STM32F4xx_HAL_Driver/Src/stm32f4xx_hal_pcd_ex.o
LOAD ./Drivers/STM32F4xx_HAL_Driver/Src/stm32f4xx_hal_pwr.o
LOAD ./Drivers/STM32F4xx_HAL_Driver/Src/stm32f4xx_hal_pwr_ex.o
LOAD ./Drivers/STM32F4xx_HAL_Driver/Src/stm32f4xx_hal_rcc.o
LOAD ./Drivers/STM32F4xx_HAL_Driver/Src/stm32f4xx_hal_rcc_ex.o
LOAD ./Drivers/STM32F4xx_HAL_Driver/Src/stm32f4xx_hal_tim.o
LOAD ./Drivers/STM32F4xx_HAL_Driver/Src/stm32f4xx_hal_tim_ex.o
LOAD ./Drivers/STM32F4xx_HAL_Driver/Src/stm32f4xx_hal_uart.o
LOAD ./Drivers/STM32F4xx_HAL_Driver/Src/stm32f4xx_ll_usb.o
LOAD ./Middlewares/ST/STM32_USB_Device_Library/Class/CDC/Src/usbd_cdc.o
LOAD ./Middlewares/ST/STM32_USB_Device_Library/Core/Src/usbd_core.o
LOAD ./Middlewares/ST/STM32_USB_Device_Library/Core/Src/usbd_ctlreq.o
LOAD ./Middlewares/ST/STM32_USB_Device_Library/Core/Src/usbd_ioreq.o
LOAD ./USB_DEVICE/App/usb_device.o
LOAD ./USB_DEVICE/App/usbd_cdc_if.o
LOAD ./USB_DEVICE/App/usbd_desc.o
LOAD ./USB_DEVICE/Target/usbd_conf.o
START GROUP
LOAD c:/st/stm32cubeide_1.11.0/stm32cubeide/plugins/com.st.stm32cube.ide.mcu.externaltools.gnu-tools-for-stm32.10.3-2021.10.win32_1.0.100.202210260954/tools/bin/../lib/gcc/arm-none-eabi/10.3.1/../../../../arm-none-eabi/lib/thumb/v7e-m+fp/hard\libc_nano.a
LOAD c:/st/stm32cubeide_1.11.0/stm32cubeide/plugins/com.st.stm32cube.ide.mcu.externaltools.gnu-tools-for-stm32.10.3-2021.10.win32_1.0.100.202210260954/tools/bin/../lib/gcc/arm-none-eabi/10.3.1/../../../../arm-none-eabi/lib/thumb/v7e-m+fp/hard\libm.a
END GROUP
START GROUP
LOAD c:/st/stm32cubeide_1.11.0/stm32cubeide/plugins/com.st.stm32cube.ide.mcu.externaltools.gnu-tools-for-stm32.10.3-2021.10.win32_1.0.100.202210260954/tools/bin/../lib/gcc/arm-none-eabi/10.3.1/thumb/v7e-m+fp/hard\libgcc.a
LOAD c:/st/stm32cubeide_1.11.0/stm32cubeide/plugins/com.st.stm32cube.ide.mcu.externaltools.gnu-tools-for-stm32.10.3-2021.10.win32_1.0.100.202210260954/tools/bin/../lib/gcc/arm-none-eabi/10.3.1/../../../../arm-none-eabi/lib/thumb/v7e-m+fp/hard\libc_nano.a
END GROUP
START GROUP
LOAD c:/st/stm32cubeide_1.11.0/stm32cubeide/plugins/com.st.stm32cube.ide.mcu.externaltools.gnu-tools-for-stm32.10.3-2021.10.win32_1.0.100.202210260954/tools/bin/../lib/gcc/arm-none-eabi/10.3.1/thumb/v7e-m+fp/hard\libgcc.a
LOAD c:/st/stm32cubeide_1.11.0/stm32cubeide/plugins/com.st.stm32cube.ide.mcu.externaltools.gnu-tools-for-stm32.10.3-2021.10.win32_1.0.100.202210260954/tools/bin/../lib/gcc/arm-none-eabi/10.3.1/../../../../arm-none-eabi/lib/thumb/v7e-m+fp/hard\libc_nano.a
LOAD c:/st/stm32cubeide_1.11.0/stm32cubeide/plugins/com.st.stm32cube.ide.mcu.externaltools.gnu-tools-for-stm32.10.3-2021.10.win32_1.0.100.202210260954/tools/bin/../lib/gcc/arm-none-eabi/10.3.1/../../../../arm-none-eabi/lib/thumb/v7e-m+fp/hard\libnosys.a
END GROUP
START GROUP
LOAD c:/st/stm32cubeide_1.11.0/stm32cubeide/plugins/com.st.stm32cube.ide.mcu.externaltools.gnu-tools-for-stm32.10.3-2021.10.win32_1.0.100.202210260954/tools/bin/../lib/gcc/arm-none-eabi/10.3.1/thumb/v7e-m+fp/hard\libgcc.a
LOAD c:/st/stm32cubeide_1.11.0/stm32cubeide/plugins/com.st.stm32cube.ide.mcu.externaltools.gnu-tools-for-stm32.10.3-2021.10.win32_1.0.100.202210260954/tools/bin/../lib/gcc/arm-none-eabi/10.3.1/../../../../arm-none-eabi/lib/thumb/v7e-m+fp/hard\libc_nano.a
LOAD c:/st/stm32cubeide_1.11.0/stm32cubeide/plugins/com.st.stm32cube.ide.mcu.externaltools.gnu-tools-for-stm32.10.3-2021.10.win32_1.0.100.202210260954/tools/bin/../lib/gcc/arm-none-eabi/10.3.1/../../../../arm-none-eabi/lib/thumb/v7e-m+fp/hard\libnosys.a
END GROUP
LOAD c:/st/stm32cubeide_1.11.0/stm32cubeide/plugins/com.st.stm32cube.ide.mcu.externaltools.gnu-tools-for-stm32.10.3-2021.10.win32_1.0.100.202210260954/tools/bin/../lib/gcc/arm-none-eabi/10.3.1/thumb/v7e-m+fp/hard/crtend.o
LOAD c:/st/stm32cubeide_1.11.0/stm32cubeide/plugins/com.st.stm32cube.ide.mcu.externaltools.gnu-tools-for-stm32.10.3-2021.10.win32_1.0.100.202210260954/tools/bin/../lib/gcc/arm-none-eabi/10.3.1/thumb/v7e-m+fp/hard/crtn.o
                0x0000000020020000                _estack = (ORIGIN (RAM) + LENGTH (RAM))
                0x0000000000000200                _Min_Heap_Size = 0x200
                0x0000000000000400                _Min_Stack_Size = 0x400

.isr_vector     0x0000000008000000      0x198
                0x0000000008000000                . = ALIGN (0x4)
 *(.isr_vector)
 .isr_vector    0x0000000008000000      0x198 ./Core/Startup/startup_stm32f411ceux.o
                0x0000000008000000                g_pfnVectors
                0x0000000008000198                . = ALIGN (0x4)

.text           0x0000000008000198     0x9620
                0x0000000008000198                . = ALIGN (0x4)
 *(.text)
 .text          0x0000000008000198       0x40 c:/st/stm32cubeide_1.11.0/stm32cubeide/plugins/com.st.stm32cube.ide.mcu.externaltools.gnu-tools-for-stm32.10.3-2021.10.win32_1.0.100.202210260954/tools/bin/../lib/gcc/arm-none-eabi/10.3.1/thumb/v7e-m+fp/hard/crtbegin.o
 .text          0x00000000080001d8       0x30 c:/st/stm32cubeide_1.11.0/stm32cubeide/plugins/com.st.stm32cube.ide.mcu.externaltools.gnu-tools-for-stm32.10.3-2021.10.win32_1.0.100.202210260954/tools/bin/../lib/gcc/arm-none-eabi/10.3.1/thumb/v7e-m+fp/hard\libgcc.a(_aeabi_uldivmod.o)
                0x00000000080001d8                __aeabi_uldivmod
 .text          0x0000000008000208      0x2d0 c:/st/stm32cubeide_1.11.0/stm32cubeide/plugins/com.st.stm32cube.ide.mcu.externaltools.gnu-tools-for-stm32.10.3-2021.10.win32_1.0.100.202210260954/tools/bin/../lib/gcc/arm-none-eabi/10.3.1/thumb/v7e-m+fp/hard\libgcc.a(_udivmoddi4.o)
                0x0000000008000208                __udivmoddi4
 .text          0x00000000080004d8        0x4 c:/st/stm32cubeide_1.11.0/stm32cubeide/plugins/com.st.stm32cube.ide.mcu.externaltools.gnu-tools-for-stm32.10.3-2021.10.win32_1.0.100.202210260954/tools/bin/../lib/gcc/arm-none-eabi/10.3.1/thumb/v7e-m+fp/hard\libgcc.a(_dvmd_tls.o)
                0x00000000080004d8                __aeabi_idiv0
                0x00000000080004d8                __aeabi_ldiv0
 *(.text*)
 .text.__NVIC_EnableIRQ
                0x00000000080004dc       0x3c ./Core/Src/EXITinti.o
 .text.initEXIT
                0x0000000008000518       0x8c ./Core/Src/EXITinti.o
                0x0000000008000518                initEXIT
 .text.EXTI3_IRQHandler
                0x00000000080005a4       0x34 ./Core/Src/EXITinti.o
                0x00000000080005a4                EXTI3_IRQHandler
 .text.main     0x00000000080005d8       0x84 ./Core/Src/main.o
                0x00000000080005d8                main
 .text.sysValinit
                0x000000000800065c       0x44 ./Core/Src/main.o
                0x000000000800065c                sysValinit
 .text.HAL_UARTEx_RxEventCallback
                0x00000000080006a0       0xc4 ./Core/Src/main.o
                0x00000000080006a0                HAL_UARTEx_RxEventCallback
 .text.HAL_TIM_PeriodElapsedCallback
                0x0000000008000764       0x34 ./Core/Src/main.o
                0x0000000008000764                HAL_TIM_PeriodElapsedCallback
 .text.SystemClock_Config
                0x0000000008000798       0xd0 ./Core/Src/main.o
                0x0000000008000798                SystemClock_Config
 .text.MX_TIM4_Init
                0x0000000008000868       0x9c ./Core/Src/main.o
 .text.MX_USART1_UART_Init
                0x0000000008000904       0x54 ./Core/Src/main.o
 .text.MX_USART2_UART_Init
                0x0000000008000958       0x54 ./Core/Src/main.o
 .text.MX_DMA_Init
                0x00000000080009ac       0x6c ./Core/Src/main.o
 .text.MX_GPIO_Init
                0x0000000008000a18       0xa4 ./Core/Src/main.o
 .text.Error_Handler
                0x0000000008000abc        0xa ./Core/Src/main.o
                0x0000000008000abc                Error_Handler
 *fill*         0x0000000008000ac6        0x2 
 .text.HAL_MspInit
                0x0000000008000ac8       0x50 ./Core/Src/stm32f4xx_hal_msp.o
                0x0000000008000ac8                HAL_MspInit
 .text.HAL_TIM_Base_MspInit
                0x0000000008000b18       0x50 ./Core/Src/stm32f4xx_hal_msp.o
                0x0000000008000b18                HAL_TIM_Base_MspInit
 .text.HAL_UART_MspInit
                0x0000000008000b68      0x1e0 ./Core/Src/stm32f4xx_hal_msp.o
                0x0000000008000b68                HAL_UART_MspInit
 .text.NMI_Handler
                0x0000000008000d48        0x6 ./Core/Src/stm32f4xx_it.o
                0x0000000008000d48                NMI_Handler
 .text.HardFault_Handler
                0x0000000008000d4e        0x6 ./Core/Src/stm32f4xx_it.o
                0x0000000008000d4e                HardFault_Handler
 .text.MemManage_Handler
                0x0000000008000d54        0x6 ./Core/Src/stm32f4xx_it.o
                0x0000000008000d54                MemManage_Handler
 .text.BusFault_Handler
                0x0000000008000d5a        0x6 ./Core/Src/stm32f4xx_it.o
                0x0000000008000d5a                BusFault_Handler
 .text.UsageFault_Handler
                0x0000000008000d60        0x6 ./Core/Src/stm32f4xx_it.o
                0x0000000008000d60                UsageFault_Handler
 .text.SVC_Handler
                0x0000000008000d66        0xe ./Core/Src/stm32f4xx_it.o
                0x0000000008000d66                SVC_Handler
 .text.DebugMon_Handler
                0x0000000008000d74        0xe ./Core/Src/stm32f4xx_it.o
                0x0000000008000d74                DebugMon_Handler
 .text.PendSV_Handler
                0x0000000008000d82        0xe ./Core/Src/stm32f4xx_it.o
                0x0000000008000d82                PendSV_Handler
 .text.SysTick_Handler
                0x0000000008000d90        0xc ./Core/Src/stm32f4xx_it.o
                0x0000000008000d90                SysTick_Handler
 .text.DMA1_Stream5_IRQHandler
                0x0000000008000d9c       0x14 ./Core/Src/stm32f4xx_it.o
                0x0000000008000d9c                DMA1_Stream5_IRQHandler
 .text.TIM4_IRQHandler
                0x0000000008000db0       0x14 ./Core/Src/stm32f4xx_it.o
                0x0000000008000db0                TIM4_IRQHandler
 .text.USART1_IRQHandler
                0x0000000008000dc4       0x14 ./Core/Src/stm32f4xx_it.o
                0x0000000008000dc4                USART1_IRQHandler
 .text.USART2_IRQHandler
                0x0000000008000dd8       0x14 ./Core/Src/stm32f4xx_it.o
                0x0000000008000dd8                USART2_IRQHandler
 .text.DMA2_Stream2_IRQHandler
                0x0000000008000dec       0x14 ./Core/Src/stm32f4xx_it.o
                0x0000000008000dec                DMA2_Stream2_IRQHandler
 .text.OTG_FS_IRQHandler
                0x0000000008000e00       0x14 ./Core/Src/stm32f4xx_it.o
                0x0000000008000e00                OTG_FS_IRQHandler
 .text.SystemInit
                0x0000000008000e14       0x24 ./Core/Src/system_stm32f4xx.o
                0x0000000008000e14                SystemInit
 .text.Reset_Handler
                0x0000000008000e38       0x50 ./Core/Startup/startup_stm32f411ceux.o
                0x0000000008000e38                Reset_Handler
 .text.Default_Handler
                0x0000000008000e88        0x2 ./Core/Startup/startup_stm32f411ceux.o
                0x0000000008000e88                RTC_Alarm_IRQHandler
                0x0000000008000e88                EXTI2_IRQHandler
                0x0000000008000e88                SPI4_IRQHandler
                0x0000000008000e88                TIM1_CC_IRQHandler
                0x0000000008000e88                DMA2_Stream5_IRQHandler
                0x0000000008000e88                PVD_IRQHandler
                0x0000000008000e88                SDIO_IRQHandler
                0x0000000008000e88                TAMP_STAMP_IRQHandler
                0x0000000008000e88                TIM1_UP_TIM10_IRQHandler
                0x0000000008000e88                I2C3_ER_IRQHandler
                0x0000000008000e88                EXTI0_IRQHandler
                0x0000000008000e88                I2C2_EV_IRQHandler
                0x0000000008000e88                DMA1_Stream2_IRQHandler
                0x0000000008000e88                FPU_IRQHandler
                0x0000000008000e88                SPI1_IRQHandler
                0x0000000008000e88                TIM1_BRK_TIM9_IRQHandler
                0x0000000008000e88                DMA2_Stream3_IRQHandler
                0x0000000008000e88                USART6_IRQHandler
                0x0000000008000e88                DMA2_Stream0_IRQHandler
                0x0000000008000e88                I2C1_EV_IRQHandler
                0x0000000008000e88                DMA1_Stream6_IRQHandler
                0x0000000008000e88                DMA1_Stream1_IRQHandler
                0x0000000008000e88                TIM3_IRQHandler
                0x0000000008000e88                RCC_IRQHandler
                0x0000000008000e88                Default_Handler
                0x0000000008000e88                EXTI15_10_IRQHandler
                0x0000000008000e88                ADC_IRQHandler
                0x0000000008000e88                DMA1_Stream7_IRQHandler
                0x0000000008000e88                SPI5_IRQHandler
                0x0000000008000e88                TIM5_IRQHandler
                0x0000000008000e88                DMA2_Stream7_IRQHandler
                0x0000000008000e88                I2C3_EV_IRQHandler
                0x0000000008000e88                EXTI9_5_IRQHandler
                0x0000000008000e88                RTC_WKUP_IRQHandler
                0x0000000008000e88                SPI2_IRQHandler
                0x0000000008000e88                DMA1_Stream0_IRQHandler
                0x0000000008000e88                EXTI4_IRQHandler
                0x0000000008000e88                WWDG_IRQHandler
                0x0000000008000e88                TIM2_IRQHandler
                0x0000000008000e88                OTG_FS_WKUP_IRQHandler
                0x0000000008000e88                TIM1_TRG_COM_TIM11_IRQHandler
                0x0000000008000e88                EXTI1_IRQHandler
                0x0000000008000e88                I2C2_ER_IRQHandler
                0x0000000008000e88                DMA2_Stream1_IRQHandler
                0x0000000008000e88                FLASH_IRQHandler
                0x0000000008000e88                DMA2_Stream4_IRQHandler
                0x0000000008000e88                SPI3_IRQHandler
                0x0000000008000e88                DMA1_Stream4_IRQHandler
                0x0000000008000e88                I2C1_ER_IRQHandler
                0x0000000008000e88                DMA2_Stream6_IRQHandler
                0x0000000008000e88                DMA1_Stream3_IRQHandler
 *fill*         0x0000000008000e8a        0x2 
 .text.HAL_Init
                0x0000000008000e8c       0x44 ./Drivers/STM32F4xx_HAL_Driver/Src/stm32f4xx_hal.o
                0x0000000008000e8c                HAL_Init
 .text.HAL_InitTick
                0x0000000008000ed0       0x60 ./Drivers/STM32F4xx_HAL_Driver/Src/stm32f4xx_hal.o
                0x0000000008000ed0                HAL_InitTick
 .text.HAL_IncTick
                0x0000000008000f30       0x28 ./Drivers/STM32F4xx_HAL_Driver/Src/stm32f4xx_hal.o
                0x0000000008000f30                HAL_IncTick
 .text.HAL_GetTick
                0x0000000008000f58       0x18 ./Drivers/STM32F4xx_HAL_Driver/Src/stm32f4xx_hal.o
                0x0000000008000f58                HAL_GetTick
 .text.HAL_Delay
                0x0000000008000f70       0x48 ./Drivers/STM32F4xx_HAL_Driver/Src/stm32f4xx_hal.o
                0x0000000008000f70                HAL_Delay
 .text.__NVIC_SetPriorityGrouping
                0x0000000008000fb8       0x48 ./Drivers/STM32F4xx_HAL_Driver/Src/stm32f4xx_hal_cortex.o
 .text.__NVIC_GetPriorityGrouping
                0x0000000008001000       0x1c ./Drivers/STM32F4xx_HAL_Driver/Src/stm32f4xx_hal_cortex.o
 .text.__NVIC_EnableIRQ
                0x000000000800101c       0x3c ./Drivers/STM32F4xx_HAL_Driver/Src/stm32f4xx_hal_cortex.o
 .text.__NVIC_SetPriority
                0x0000000008001058       0x54 ./Drivers/STM32F4xx_HAL_Driver/Src/stm32f4xx_hal_cortex.o
 .text.NVIC_EncodePriority
                0x00000000080010ac       0x66 ./Drivers/STM32F4xx_HAL_Driver/Src/stm32f4xx_hal_cortex.o
 *fill*         0x0000000008001112        0x2 
 .text.SysTick_Config
                0x0000000008001114       0x44 ./Drivers/STM32F4xx_HAL_Driver/Src/stm32f4xx_hal_cortex.o
 .text.HAL_NVIC_SetPriorityGrouping
                0x0000000008001158       0x16 ./Drivers/STM32F4xx_HAL_Driver/Src/stm32f4xx_hal_cortex.o
                0x0000000008001158                HAL_NVIC_SetPriorityGrouping
 .text.HAL_NVIC_SetPriority
                0x000000000800116e       0x38 ./Drivers/STM32F4xx_HAL_Driver/Src/stm32f4xx_hal_cortex.o
                0x000000000800116e                HAL_NVIC_SetPriority
 .text.HAL_NVIC_EnableIRQ
                0x00000000080011a6       0x1c ./Drivers/STM32F4xx_HAL_Driver/Src/stm32f4xx_hal_cortex.o
                0x00000000080011a6                HAL_NVIC_EnableIRQ
 .text.HAL_SYSTICK_Config
                0x00000000080011c2       0x18 ./Drivers/STM32F4xx_HAL_Driver/Src/stm32f4xx_hal_cortex.o
                0x00000000080011c2                HAL_SYSTICK_Config
 *fill*         0x00000000080011da        0x2 
 .text.HAL_DMA_Init
                0x00000000080011dc      0x15c ./Drivers/STM32F4xx_HAL_Driver/Src/stm32f4xx_hal_dma.o
                0x00000000080011dc                HAL_DMA_Init
 .text.HAL_DMA_Start_IT
                0x0000000008001338       0xb0 ./Drivers/STM32F4xx_HAL_Driver/Src/stm32f4xx_hal_dma.o
                0x0000000008001338                HAL_DMA_Start_IT
 .text.HAL_DMA_Abort
                0x00000000080013e8       0xe0 ./Drivers/STM32F4xx_HAL_Driver/Src/stm32f4xx_hal_dma.o
                0x00000000080013e8                HAL_DMA_Abort
 .text.HAL_DMA_Abort_IT
                0x00000000080014c8       0x44 ./Drivers/STM32F4xx_HAL_Driver/Src/stm32f4xx_hal_dma.o
                0x00000000080014c8                HAL_DMA_Abort_IT
 .text.HAL_DMA_IRQHandler
                0x000000000800150c      0x314 ./Drivers/STM32F4xx_HAL_Driver/Src/stm32f4xx_hal_dma.o
                0x000000000800150c                HAL_DMA_IRQHandler
 .text.DMA_SetConfig
                0x0000000008001820       0x5c ./Drivers/STM32F4xx_HAL_Driver/Src/stm32f4xx_hal_dma.o
 .text.DMA_CalcBaseAndBitshift
                0x000000000800187c       0x6c ./Drivers/STM32F4xx_HAL_Driver/Src/stm32f4xx_hal_dma.o
 .text.DMA_CheckFifoParam
                0x00000000080018e8       0xf8 ./Drivers/STM32F4xx_HAL_Driver/Src/stm32f4xx_hal_dma.o
 .text.HAL_GPIO_Init
                0x00000000080019e0      0x308 ./Drivers/STM32F4xx_HAL_Driver/Src/stm32f4xx_hal_gpio.o
                0x00000000080019e0                HAL_GPIO_Init
 .text.HAL_GPIO_WritePin
                0x0000000008001ce8       0x32 ./Drivers/STM32F4xx_HAL_Driver/Src/stm32f4xx_hal_gpio.o
                0x0000000008001ce8                HAL_GPIO_WritePin
 .text.HAL_PCD_Init
                0x0000000008001d1a      0x23a ./Drivers/STM32F4xx_HAL_Driver/Src/stm32f4xx_hal_pcd.o
                0x0000000008001d1a                HAL_PCD_Init
 .text.HAL_PCD_Start
                0x0000000008001f54       0x66 ./Drivers/STM32F4xx_HAL_Driver/Src/stm32f4xx_hal_pcd.o
                0x0000000008001f54                HAL_PCD_Start
 .text.HAL_PCD_IRQHandler
                0x0000000008001fba      0x93e ./Drivers/STM32F4xx_HAL_Driver/Src/stm32f4xx_hal_pcd.o
                0x0000000008001fba                HAL_PCD_IRQHandler
 .text.HAL_PCD_SetAddress
                0x00000000080028f8       0x4a ./Drivers/STM32F4xx_HAL_Driver/Src/stm32f4xx_hal_pcd.o
                0x00000000080028f8                HAL_PCD_SetAddress
 .text.HAL_PCD_EP_Open
                0x0000000008002942       0xd0 ./Drivers/STM32F4xx_HAL_Driver/Src/stm32f4xx_hal_pcd.o
                0x0000000008002942                HAL_PCD_EP_Open
 .text.HAL_PCD_EP_Close
                0x0000000008002a12       0x94 ./Drivers/STM32F4xx_HAL_Driver/Src/stm32f4xx_hal_pcd.o
                0x0000000008002a12                HAL_PCD_EP_Close
 .text.HAL_PCD_EP_Receive
                0x0000000008002aa6       0x96 ./Drivers/STM32F4xx_HAL_Driver/Src/stm32f4xx_hal_pcd.o
                0x0000000008002aa6                HAL_PCD_EP_Receive
 .text.HAL_PCD_EP_GetRxCount
                0x0000000008002b3c       0x30 ./Drivers/STM32F4xx_HAL_Driver/Src/stm32f4xx_hal_pcd.o
                0x0000000008002b3c                HAL_PCD_EP_GetRxCount
 .text.HAL_PCD_EP_Transmit
                0x0000000008002b6c       0x94 ./Drivers/STM32F4xx_HAL_Driver/Src/stm32f4xx_hal_pcd.o
                0x0000000008002b6c                HAL_PCD_EP_Transmit
 .text.HAL_PCD_EP_SetStall
                0x0000000008002c00       0xc8 ./Drivers/STM32F4xx_HAL_Driver/Src/stm32f4xx_hal_pcd.o
                0x0000000008002c00                HAL_PCD_EP_SetStall
 .text.HAL_PCD_EP_ClrStall
                0x0000000008002cc8       0xac ./Drivers/STM32F4xx_HAL_Driver/Src/stm32f4xx_hal_pcd.o
                0x0000000008002cc8                HAL_PCD_EP_ClrStall
 .text.HAL_PCD_EP_Abort
                0x0000000008002d74       0x62 ./Drivers/STM32F4xx_HAL_Driver/Src/stm32f4xx_hal_pcd.o
                0x0000000008002d74                HAL_PCD_EP_Abort
 .text.PCD_WriteEmptyTxFifo
                0x0000000008002dd6      0x11a ./Drivers/STM32F4xx_HAL_Driver/Src/stm32f4xx_hal_pcd.o
 .text.PCD_EP_OutXfrComplete_int
                0x0000000008002ef0      0x1d0 ./Drivers/STM32F4xx_HAL_Driver/Src/stm32f4xx_hal_pcd.o
 .text.PCD_EP_OutSetupPacket_int
                0x00000000080030c0       0x8c ./Drivers/STM32F4xx_HAL_Driver/Src/stm32f4xx_hal_pcd.o
 .text.HAL_PCDEx_SetTxFiFo
                0x000000000800314c       0x8e ./Drivers/STM32F4xx_HAL_Driver/Src/stm32f4xx_hal_pcd_ex.o
                0x000000000800314c                HAL_PCDEx_SetTxFiFo
 .text.HAL_PCDEx_SetRxFiFo
                0x00000000080031da       0x22 ./Drivers/STM32F4xx_HAL_Driver/Src/stm32f4xx_hal_pcd_ex.o
                0x00000000080031da                HAL_PCDEx_SetRxFiFo
 .text.HAL_PCDEx_LPM_Callback
                0x00000000080031fc       0x18 ./Drivers/STM32F4xx_HAL_Driver/Src/stm32f4xx_hal_pcd_ex.o
                0x00000000080031fc                HAL_PCDEx_LPM_Callback
 .text.HAL_RCC_OscConfig
                0x0000000008003214      0x4f0 ./Drivers/STM32F4xx_HAL_Driver/Src/stm32f4xx_hal_rcc.o
                0x0000000008003214                HAL_RCC_OscConfig
 .text.HAL_RCC_ClockConfig
                0x0000000008003704      0x1cc ./Drivers/STM32F4xx_HAL_Driver/Src/stm32f4xx_hal_rcc.o
                0x0000000008003704                HAL_RCC_ClockConfig
 .text.HAL_RCC_GetSysClockFreq
                0x00000000080038d0      0x18c ./Drivers/STM32F4xx_HAL_Driver/Src/stm32f4xx_hal_rcc.o
                0x00000000080038d0                HAL_RCC_GetSysClockFreq
 .text.HAL_RCC_GetHCLKFreq
                0x0000000008003a5c       0x18 ./Drivers/STM32F4xx_HAL_Driver/Src/stm32f4xx_hal_rcc.o
                0x0000000008003a5c                HAL_RCC_GetHCLKFreq
 .text.HAL_RCC_GetPCLK1Freq
                0x0000000008003a74       0x28 ./Drivers/STM32F4xx_HAL_Driver/Src/stm32f4xx_hal_rcc.o
                0x0000000008003a74                HAL_RCC_GetPCLK1Freq
 .text.HAL_RCC_GetPCLK2Freq
                0x0000000008003a9c       0x28 ./Drivers/STM32F4xx_HAL_Driver/Src/stm32f4xx_hal_rcc.o
                0x0000000008003a9c                HAL_RCC_GetPCLK2Freq
 .text.HAL_TIM_Base_Init
                0x0000000008003ac4       0x9e ./Drivers/STM32F4xx_HAL_Driver/Src/stm32f4xx_hal_tim.o
                0x0000000008003ac4                HAL_TIM_Base_Init
 *fill*         0x0000000008003b62        0x2 
 .text.HAL_TIM_Base_Start_IT
                0x0000000008003b64       0xc4 ./Drivers/STM32F4xx_HAL_Driver/Src/stm32f4xx_hal_tim.o
                0x0000000008003b64                HAL_TIM_Base_Start_IT
 .text.HAL_TIM_IRQHandler
                0x0000000008003c28      0x210 ./Drivers/STM32F4xx_HAL_Driver/Src/stm32f4xx_hal_tim.o
                0x0000000008003c28                HAL_TIM_IRQHandler
 .text.HAL_TIM_ConfigClockSource
                0x0000000008003e38      0x18e ./Drivers/STM32F4xx_HAL_Driver/Src/stm32f4xx_hal_tim.o
                0x0000000008003e38                HAL_TIM_ConfigClockSource
 .text.HAL_TIM_OC_DelayElapsedCallback
                0x0000000008003fc6       0x14 ./Drivers/STM32F4xx_HAL_Driver/Src/stm32f4xx_hal_tim.o
                0x0000000008003fc6                HAL_TIM_OC_DelayElapsedCallback
 .text.HAL_TIM_IC_CaptureCallback
                0x0000000008003fda       0x14 ./Drivers/STM32F4xx_HAL_Driver/Src/stm32f4xx_hal_tim.o
                0x0000000008003fda                HAL_TIM_IC_CaptureCallback
 .text.HAL_TIM_PWM_PulseFinishedCallback
                0x0000000008003fee       0x14 ./Drivers/STM32F4xx_HAL_Driver/Src/stm32f4xx_hal_tim.o
                0x0000000008003fee                HAL_TIM_PWM_PulseFinishedCallback
 .text.HAL_TIM_TriggerCallback
                0x0000000008004002       0x14 ./Drivers/STM32F4xx_HAL_Driver/Src/stm32f4xx_hal_tim.o
                0x0000000008004002                HAL_TIM_TriggerCallback
 *fill*         0x0000000008004016        0x2 
 .text.TIM_Base_SetConfig
                0x0000000008004018      0x100 ./Drivers/STM32F4xx_HAL_Driver/Src/stm32f4xx_hal_tim.o
                0x0000000008004018                TIM_Base_SetConfig
 .text.TIM_TI1_ConfigInputStage
                0x0000000008004118       0x5e ./Drivers/STM32F4xx_HAL_Driver/Src/stm32f4xx_hal_tim.o
 .text.TIM_TI2_ConfigInputStage
                0x0000000008004176       0x60 ./Drivers/STM32F4xx_HAL_Driver/Src/stm32f4xx_hal_tim.o
 .text.TIM_ITRx_SetConfig
                0x00000000080041d6       0x36 ./Drivers/STM32F4xx_HAL_Driver/Src/stm32f4xx_hal_tim.o
 .text.TIM_ETR_SetConfig
                0x000000000800420c       0x40 ./Drivers/STM32F4xx_HAL_Driver/Src/stm32f4xx_hal_tim.o
                0x000000000800420c                TIM_ETR_SetConfig
 .text.HAL_TIMEx_MasterConfigSynchronization
                0x000000000800424c       0xdc ./Drivers/STM32F4xx_HAL_Driver/Src/stm32f4xx_hal_tim_ex.o
                0x000000000800424c                HAL_TIMEx_MasterConfigSynchronization
 .text.HAL_TIMEx_CommutCallback
                0x0000000008004328       0x14 ./Drivers/STM32F4xx_HAL_Driver/Src/stm32f4xx_hal_tim_ex.o
                0x0000000008004328                HAL_TIMEx_CommutCallback
 .text.HAL_TIMEx_BreakCallback
                0x000000000800433c       0x14 ./Drivers/STM32F4xx_HAL_Driver/Src/stm32f4xx_hal_tim_ex.o
                0x000000000800433c                HAL_TIMEx_BreakCallback
 .text.HAL_UART_Init
                0x0000000008004350       0x9a ./Drivers/STM32F4xx_HAL_Driver/Src/stm32f4xx_hal_uart.o
                0x0000000008004350                HAL_UART_Init
 .text.HAL_UARTEx_ReceiveToIdle_DMA
                0x00000000080043ea       0xca ./Drivers/STM32F4xx_HAL_Driver/Src/stm32f4xx_hal_uart.o
                0x00000000080043ea                HAL_UARTEx_ReceiveToIdle_DMA
 .text.HAL_UART_IRQHandler
                0x00000000080044b4      0x51c ./Drivers/STM32F4xx_HAL_Driver/Src/stm32f4xx_hal_uart.o
                0x00000000080044b4                HAL_UART_IRQHandler
 .text.HAL_UART_TxCpltCallback
                0x00000000080049d0       0x14 ./Drivers/STM32F4xx_HAL_Driver/Src/stm32f4xx_hal_uart.o
                0x00000000080049d0                HAL_UART_TxCpltCallback
 .text.HAL_UART_RxCpltCallback
                0x00000000080049e4       0x14 ./Drivers/STM32F4xx_HAL_Driver/Src/stm32f4xx_hal_uart.o
                0x00000000080049e4                HAL_UART_RxCpltCallback
 .text.HAL_UART_RxHalfCpltCallback
                0x00000000080049f8       0x14 ./Drivers/STM32F4xx_HAL_Driver/Src/stm32f4xx_hal_uart.o
                0x00000000080049f8                HAL_UART_RxHalfCpltCallback
 .text.HAL_UART_ErrorCallback
                0x0000000008004a0c       0x14 ./Drivers/STM32F4xx_HAL_Driver/Src/stm32f4xx_hal_uart.o
                0x0000000008004a0c                HAL_UART_ErrorCallback
 .text.UART_DMAReceiveCplt
                0x0000000008004a20      0x126 ./Drivers/STM32F4xx_HAL_Driver/Src/stm32f4xx_hal_uart.o
 .text.UART_DMARxHalfCplt
                0x0000000008004b46       0x36 ./Drivers/STM32F4xx_HAL_Driver/Src/stm32f4xx_hal_uart.o
 .text.UART_DMAError
                0x0000000008004b7c       0x94 ./Drivers/STM32F4xx_HAL_Driver/Src/stm32f4xx_hal_uart.o
 .text.UART_Start_Receive_DMA
                0x0000000008004c10      0x13c ./Drivers/STM32F4xx_HAL_Driver/Src/stm32f4xx_hal_uart.o
                0x0000000008004c10                UART_Start_Receive_DMA
 .text.UART_EndTxTransfer
                0x0000000008004d4c       0x50 ./Drivers/STM32F4xx_HAL_Driver/Src/stm32f4xx_hal_uart.o
 .text.UART_EndRxTransfer
                0x0000000008004d9c       0xc6 ./Drivers/STM32F4xx_HAL_Driver/Src/stm32f4xx_hal_uart.o
 .text.UART_DMAAbortOnError
                0x0000000008004e62       0x28 ./Drivers/STM32F4xx_HAL_Driver/Src/stm32f4xx_hal_uart.o
 .text.UART_Transmit_IT
                0x0000000008004e8a       0xa0 ./Drivers/STM32F4xx_HAL_Driver/Src/stm32f4xx_hal_uart.o
 .text.UART_EndTransmit_IT
                0x0000000008004f2a       0x30 ./Drivers/STM32F4xx_HAL_Driver/Src/stm32f4xx_hal_uart.o
 .text.UART_Receive_IT
                0x0000000008004f5a      0x176 ./Drivers/STM32F4xx_HAL_Driver/Src/stm32f4xx_hal_uart.o
 .text.UART_SetConfig
                0x00000000080050d0      0x4e8 ./Drivers/STM32F4xx_HAL_Driver/Src/stm32f4xx_hal_uart.o
 .text.USB_CoreInit
                0x00000000080055b8       0xc2 ./Drivers/STM32F4xx_HAL_Driver/Src/stm32f4xx_ll_usb.o
                0x00000000080055b8                USB_CoreInit
 *fill*         0x000000000800567a        0x2 
 .text.USB_SetTurnaroundTime
                0x000000000800567c      0x144 ./Drivers/STM32F4xx_HAL_Driver/Src/stm32f4xx_ll_usb.o
                0x000000000800567c                USB_SetTurnaroundTime
 .text.USB_EnableGlobalInt
                0x00000000080057c0       0x22 ./Drivers/STM32F4xx_HAL_Driver/Src/stm32f4xx_ll_usb.o
                0x00000000080057c0                USB_EnableGlobalInt
 .text.USB_DisableGlobalInt
                0x00000000080057e2       0x22 ./Drivers/STM32F4xx_HAL_Driver/Src/stm32f4xx_ll_usb.o
                0x00000000080057e2                USB_DisableGlobalInt
 .text.USB_SetCurrentMode
                0x0000000008005804       0x98 ./Drivers/STM32F4xx_HAL_Driver/Src/stm32f4xx_ll_usb.o
                0x0000000008005804                USB_SetCurrentMode
 .text.USB_DevInit
                0x000000000800589c      0x2c8 ./Drivers/STM32F4xx_HAL_Driver/Src/stm32f4xx_ll_usb.o
                0x000000000800589c                USB_DevInit
 .text.USB_FlushTxFifo
                0x0000000008005b64       0x68 ./Drivers/STM32F4xx_HAL_Driver/Src/stm32f4xx_ll_usb.o
                0x0000000008005b64                USB_FlushTxFifo
 .text.USB_FlushRxFifo
                0x0000000008005bcc       0x60 ./Drivers/STM32F4xx_HAL_Driver/Src/stm32f4xx_ll_usb.o
                0x0000000008005bcc                USB_FlushRxFifo
 .text.USB_SetDevSpeed
                0x0000000008005c2c       0x32 ./Drivers/STM32F4xx_HAL_Driver/Src/stm32f4xx_ll_usb.o
                0x0000000008005c2c                USB_SetDevSpeed
 .text.USB_GetDevSpeed
                0x0000000008005c5e       0x4a ./Drivers/STM32F4xx_HAL_Driver/Src/stm32f4xx_ll_usb.o
                0x0000000008005c5e                USB_GetDevSpeed
 .text.USB_ActivateEndpoint
                0x0000000008005ca8      0x10e ./Drivers/STM32F4xx_HAL_Driver/Src/stm32f4xx_ll_usb.o
                0x0000000008005ca8                USB_ActivateEndpoint
 *fill*         0x0000000008005db6        0x2 
 .text.USB_DeactivateEndpoint
                0x0000000008005db8      0x1b8 ./Drivers/STM32F4xx_HAL_Driver/Src/stm32f4xx_ll_usb.o
                0x0000000008005db8                USB_DeactivateEndpoint
 .text.USB_EPStartXfer
                0x0000000008005f70      0x490 ./Drivers/STM32F4xx_HAL_Driver/Src/stm32f4xx_ll_usb.o
                0x0000000008005f70                USB_EPStartXfer
 .text.USB_EP0StartXfer
                0x0000000008006400      0x2b0 ./Drivers/STM32F4xx_HAL_Driver/Src/stm32f4xx_ll_usb.o
                0x0000000008006400                USB_EP0StartXfer
 .text.USB_EPStopXfer
                0x00000000080066b0      0x154 ./Drivers/STM32F4xx_HAL_Driver/Src/stm32f4xx_ll_usb.o
                0x00000000080066b0                USB_EPStopXfer
 .text.USB_WritePacket
                0x0000000008006804       0x7c ./Drivers/STM32F4xx_HAL_Driver/Src/stm32f4xx_ll_usb.o
                0x0000000008006804                USB_WritePacket
 .text.USB_ReadPacket
                0x0000000008006880       0xb0 ./Drivers/STM32F4xx_HAL_Driver/Src/stm32f4xx_ll_usb.o
                0x0000000008006880                USB_ReadPacket
 .text.USB_EPSetStall
                0x0000000008006930       0xdc ./Drivers/STM32F4xx_HAL_Driver/Src/stm32f4xx_ll_usb.o
                0x0000000008006930                USB_EPSetStall
 .text.USB_EPClearStall
                0x0000000008006a0c       0xcc ./Drivers/STM32F4xx_HAL_Driver/Src/stm32f4xx_ll_usb.o
                0x0000000008006a0c                USB_EPClearStall
 .text.USB_SetDevAddress
                0x0000000008006ad8       0x4c ./Drivers/STM32F4xx_HAL_Driver/Src/stm32f4xx_ll_usb.o
                0x0000000008006ad8                USB_SetDevAddress
 .text.USB_DevConnect
                0x0000000008006b24       0x42 ./Drivers/STM32F4xx_HAL_Driver/Src/stm32f4xx_ll_usb.o
                0x0000000008006b24                USB_DevConnect
 .text.USB_DevDisconnect
                0x0000000008006b66       0x42 ./Drivers/STM32F4xx_HAL_Driver/Src/stm32f4xx_ll_usb.o
                0x0000000008006b66                USB_DevDisconnect
 .text.USB_ReadInterrupts
                0x0000000008006ba8       0x26 ./Drivers/STM32F4xx_HAL_Driver/Src/stm32f4xx_ll_usb.o
                0x0000000008006ba8                USB_ReadInterrupts
 .text.USB_ReadDevAllOutEpInterrupt
                0x0000000008006bce       0x34 ./Drivers/STM32F4xx_HAL_Driver/Src/stm32f4xx_ll_usb.o
                0x0000000008006bce                USB_ReadDevAllOutEpInterrupt
 .text.USB_ReadDevAllInEpInterrupt
                0x0000000008006c02       0x34 ./Drivers/STM32F4xx_HAL_Driver/Src/stm32f4xx_ll_usb.o
                0x0000000008006c02                USB_ReadDevAllInEpInterrupt
 .text.USB_ReadDevOutEPInterrupt
                0x0000000008006c36       0x3c ./Drivers/STM32F4xx_HAL_Driver/Src/stm32f4xx_ll_usb.o
                0x0000000008006c36                USB_ReadDevOutEPInterrupt
 .text.USB_ReadDevInEPInterrupt
                0x0000000008006c72       0x5c ./Drivers/STM32F4xx_HAL_Driver/Src/stm32f4xx_ll_usb.o
                0x0000000008006c72                USB_ReadDevInEPInterrupt
 .text.USB_GetMode
                0x0000000008006cce       0x1c ./Drivers/STM32F4xx_HAL_Driver/Src/stm32f4xx_ll_usb.o
                0x0000000008006cce                USB_GetMode
 .text.USB_ActivateSetup
                0x0000000008006cea       0x46 ./Drivers/STM32F4xx_HAL_Driver/Src/stm32f4xx_ll_usb.o
                0x0000000008006cea                USB_ActivateSetup
 .text.USB_EP0_OutStart
                0x0000000008006d30       0xbc ./Drivers/STM32F4xx_HAL_Driver/Src/stm32f4xx_ll_usb.o
                0x0000000008006d30                USB_EP0_OutStart
 .text.USB_CoreReset
                0x0000000008006dec       0x68 ./Drivers/STM32F4xx_HAL_Driver/Src/stm32f4xx_ll_usb.o
 .text.USBD_CDC_Init
                0x0000000008006e54      0x1f0 ./Middlewares/ST/STM32_USB_Device_Library/Class/CDC/Src/usbd_cdc.o
 .text.USBD_CDC_DeInit
                0x0000000008007044      0x104 ./Middlewares/ST/STM32_USB_Device_Library/Class/CDC/Src/usbd_cdc.o
 .text.USBD_CDC_Setup
                0x0000000008007148      0x1b8 ./Middlewares/ST/STM32_USB_Device_Library/Class/CDC/Src/usbd_cdc.o
 .text.USBD_CDC_DataIn
                0x0000000008007300       0xfe ./Middlewares/ST/STM32_USB_Device_Library/Class/CDC/Src/usbd_cdc.o
 .text.USBD_CDC_DataOut
                0x00000000080073fe       0x70 ./Middlewares/ST/STM32_USB_Device_Library/Class/CDC/Src/usbd_cdc.o
 .text.USBD_CDC_EP0_RxReady
                0x000000000800746e       0x76 ./Middlewares/ST/STM32_USB_Device_Library/Class/CDC/Src/usbd_cdc.o
 .text.USBD_CDC_GetFSCfgDesc
                0x00000000080074e4       0x70 ./Middlewares/ST/STM32_USB_Device_Library/Class/CDC/Src/usbd_cdc.o
 .text.USBD_CDC_GetHSCfgDesc
                0x0000000008007554       0x70 ./Middlewares/ST/STM32_USB_Device_Library/Class/CDC/Src/usbd_cdc.o
 .text.USBD_CDC_GetOtherSpeedCfgDesc
                0x00000000080075c4       0x70 ./Middlewares/ST/STM32_USB_Device_Library/Class/CDC/Src/usbd_cdc.o
 .text.USBD_CDC_GetDeviceQualifierDescriptor
                0x0000000008007634       0x20 ./Middlewares/ST/STM32_USB_Device_Library/Class/CDC/Src/usbd_cdc.o
                0x0000000008007634                USBD_CDC_GetDeviceQualifierDescriptor
 .text.USBD_CDC_RegisterInterface
                0x0000000008007654       0x34 ./Middlewares/ST/STM32_USB_Device_Library/Class/CDC/Src/usbd_cdc.o
                0x0000000008007654                USBD_CDC_RegisterInterface
 .text.USBD_CDC_SetTxBuffer
                0x0000000008007688       0x44 ./Middlewares/ST/STM32_USB_Device_Library/Class/CDC/Src/usbd_cdc.o
                0x0000000008007688                USBD_CDC_SetTxBuffer
 .text.USBD_CDC_SetRxBuffer
                0x00000000080076cc       0x3a ./Middlewares/ST/STM32_USB_Device_Library/Class/CDC/Src/usbd_cdc.o
                0x00000000080076cc                USBD_CDC_SetRxBuffer
 *fill*         0x0000000008007706        0x2 
 .text.USBD_CDC_ReceivePacket
                0x0000000008007708       0x6c ./Middlewares/ST/STM32_USB_Device_Library/Class/CDC/Src/usbd_cdc.o
                0x0000000008007708                USBD_CDC_ReceivePacket
 .text.USBD_Init
                0x0000000008007774       0x60 ./Middlewares/ST/STM32_USB_Device_Library/Core/Src/usbd_core.o
                0x0000000008007774                USBD_Init
 .text.USBD_RegisterClass
                0x00000000080077d4       0x6c ./Middlewares/ST/STM32_USB_Device_Library/Core/Src/usbd_core.o
                0x00000000080077d4                USBD_RegisterClass
 .text.USBD_Start
                0x0000000008007840       0x18 ./Middlewares/ST/STM32_USB_Device_Library/Core/Src/usbd_core.o
                0x0000000008007840                USBD_Start
 .text.USBD_RunTestMode
                0x0000000008007858       0x16 ./Middlewares/ST/STM32_USB_Device_Library/Core/Src/usbd_core.o
                0x0000000008007858                USBD_RunTestMode
 .text.USBD_SetClassConfig
                0x000000000800786e       0x38 ./Middlewares/ST/STM32_USB_Device_Library/Core/Src/usbd_core.o
                0x000000000800786e                USBD_SetClassConfig
 .text.USBD_ClrClassConfig
                0x00000000080078a6       0x34 ./Middlewares/ST/STM32_USB_Device_Library/Core/Src/usbd_core.o
                0x00000000080078a6                USBD_ClrClassConfig
 .text.USBD_LL_SetupStage
                0x00000000080078da       0xaa ./Middlewares/ST/STM32_USB_Device_Library/Core/Src/usbd_core.o
                0x00000000080078da                USBD_LL_SetupStage
 .text.USBD_LL_DataOutStage
                0x0000000008007984      0x166 ./Middlewares/ST/STM32_USB_Device_Library/Core/Src/usbd_core.o
                0x0000000008007984                USBD_LL_DataOutStage
 .text.USBD_LL_DataInStage
                0x0000000008007aea      0x164 ./Middlewares/ST/STM32_USB_Device_Library/Core/Src/usbd_core.o
                0x0000000008007aea                USBD_LL_DataInStage
 .text.USBD_LL_Reset
                0x0000000008007c4e       0xa4 ./Middlewares/ST/STM32_USB_Device_Library/Core/Src/usbd_core.o
                0x0000000008007c4e                USBD_LL_Reset
 .text.USBD_LL_SetSpeed
                0x0000000008007cf2       0x20 ./Middlewares/ST/STM32_USB_Device_Library/Core/Src/usbd_core.o
                0x0000000008007cf2                USBD_LL_SetSpeed
 .text.USBD_LL_Suspend
                0x0000000008007d12       0x2c ./Middlewares/ST/STM32_USB_Device_Library/Core/Src/usbd_core.o
                0x0000000008007d12                USBD_LL_Suspend
 .text.USBD_LL_Resume
                0x0000000008007d3e       0x30 ./Middlewares/ST/STM32_USB_Device_Library/Core/Src/usbd_core.o
                0x0000000008007d3e                USBD_LL_Resume
 .text.USBD_LL_SOF
                0x0000000008007d6e       0x40 ./Middlewares/ST/STM32_USB_Device_Library/Core/Src/usbd_core.o
                0x0000000008007d6e                USBD_LL_SOF
 .text.USBD_LL_IsoINIncomplete
                0x0000000008007dae       0x64 ./Middlewares/ST/STM32_USB_Device_Library/Core/Src/usbd_core.o
                0x0000000008007dae                USBD_LL_IsoINIncomplete
 .text.USBD_LL_IsoOUTIncomplete
                0x0000000008007e12       0x64 ./Middlewares/ST/STM32_USB_Device_Library/Core/Src/usbd_core.o
                0x0000000008007e12                USBD_LL_IsoOUTIncomplete
 .text.USBD_LL_DevConnected
                0x0000000008007e76       0x16 ./Middlewares/ST/STM32_USB_Device_Library/Core/Src/usbd_core.o
                0x0000000008007e76                USBD_LL_DevConnected
 .text.USBD_LL_DevDisconnected
                0x0000000008007e8c       0x46 ./Middlewares/ST/STM32_USB_Device_Library/Core/Src/usbd_core.o
                0x0000000008007e8c                USBD_LL_DevDisconnected
 .text.USBD_CoreFindIF
                0x0000000008007ed2       0x1a ./Middlewares/ST/STM32_USB_Device_Library/Core/Src/usbd_core.o
                0x0000000008007ed2                USBD_CoreFindIF
 .text.USBD_CoreFindEP
                0x0000000008007eec       0x1a ./Middlewares/ST/STM32_USB_Device_Library/Core/Src/usbd_core.o
                0x0000000008007eec                USBD_CoreFindEP
 .text.USBD_GetEpDesc
                0x0000000008007f06       0x74 ./Middlewares/ST/STM32_USB_Device_Library/Core/Src/usbd_core.o
                0x0000000008007f06                USBD_GetEpDesc
 .text.USBD_GetNextDesc
                0x0000000008007f7a       0x3a ./Middlewares/ST/STM32_USB_Device_Library/Core/Src/usbd_core.o
                0x0000000008007f7a                USBD_GetNextDesc
 .text.SWAPBYTE
                0x0000000008007fb4       0x3c ./Middlewares/ST/STM32_USB_Device_Library/Core/Src/usbd_ctlreq.o
 .text.USBD_StdDevReq
                0x0000000008007ff0       0xe4 ./Middlewares/ST/STM32_USB_Device_Library/Core/Src/usbd_ctlreq.o
                0x0000000008007ff0                USBD_StdDevReq
 .text.USBD_StdItfReq
                0x00000000080080d4       0xd8 ./Middlewares/ST/STM32_USB_Device_Library/Core/Src/usbd_ctlreq.o
                0x00000000080080d4                USBD_StdItfReq
 .text.USBD_StdEPReq
                0x00000000080081ac      0x33a ./Middlewares/ST/STM32_USB_Device_Library/Core/Src/usbd_ctlreq.o
                0x00000000080081ac                USBD_StdEPReq
 *fill*         0x00000000080084e6        0x2 
 .text.USBD_GetDescriptor
                0x00000000080084e8      0x2d4 ./Middlewares/ST/STM32_USB_Device_Library/Core/Src/usbd_ctlreq.o
 .text.USBD_SetAddress
                0x00000000080087bc       0x88 ./Middlewares/ST/STM32_USB_Device_Library/Core/Src/usbd_ctlreq.o
 .text.USBD_SetConfig
                0x0000000008008844      0x154 ./Middlewares/ST/STM32_USB_Device_Library/Core/Src/usbd_ctlreq.o
 .text.USBD_GetConfig
                0x0000000008008998       0x6c ./Middlewares/ST/STM32_USB_Device_Library/Core/Src/usbd_ctlreq.o
 .text.USBD_GetStatus
                0x0000000008008a04       0x68 ./Middlewares/ST/STM32_USB_Device_Library/Core/Src/usbd_ctlreq.o
 .text.USBD_SetFeature
                0x0000000008008a6c       0x52 ./Middlewares/ST/STM32_USB_Device_Library/Core/Src/usbd_ctlreq.o
 .text.USBD_ClrFeature
                0x0000000008008abe       0x44 ./Middlewares/ST/STM32_USB_Device_Library/Core/Src/usbd_ctlreq.o
 .text.USBD_ParseSetupRequest
                0x0000000008008b02       0x74 ./Middlewares/ST/STM32_USB_Device_Library/Core/Src/usbd_ctlreq.o
                0x0000000008008b02                USBD_ParseSetupRequest
 .text.USBD_CtlError
                0x0000000008008b76       0x22 ./Middlewares/ST/STM32_USB_Device_Library/Core/Src/usbd_ctlreq.o
                0x0000000008008b76                USBD_CtlError
 .text.USBD_GetString
                0x0000000008008b98       0x8c ./Middlewares/ST/STM32_USB_Device_Library/Core/Src/usbd_ctlreq.o
                0x0000000008008b98                USBD_GetString
 .text.USBD_GetLen
                0x0000000008008c24       0x34 ./Middlewares/ST/STM32_USB_Device_Library/Core/Src/usbd_ctlreq.o
 .text.USBD_CtlSendData
                0x0000000008008c58       0x36 ./Middlewares/ST/STM32_USB_Device_Library/Core/Src/usbd_ioreq.o
                0x0000000008008c58                USBD_CtlSendData
 .text.USBD_CtlContinueSendData
                0x0000000008008c8e       0x22 ./Middlewares/ST/STM32_USB_Device_Library/Core/Src/usbd_ioreq.o
                0x0000000008008c8e                USBD_CtlContinueSendData
 .text.USBD_CtlPrepareRx
                0x0000000008008cb0       0x3a ./Middlewares/ST/STM32_USB_Device_Library/Core/Src/usbd_ioreq.o
                0x0000000008008cb0                USBD_CtlPrepareRx
 .text.USBD_CtlContinueRx
                0x0000000008008cea       0x22 ./Middlewares/ST/STM32_USB_Device_Library/Core/Src/usbd_ioreq.o
                0x0000000008008cea                USBD_CtlContinueRx
 .text.USBD_CtlSendStatus
                0x0000000008008d0c       0x26 ./Middlewares/ST/STM32_USB_Device_Library/Core/Src/usbd_ioreq.o
                0x0000000008008d0c                USBD_CtlSendStatus
 .text.USBD_CtlReceiveStatus
                0x0000000008008d32       0x26 ./Middlewares/ST/STM32_USB_Device_Library/Core/Src/usbd_ioreq.o
                0x0000000008008d32                USBD_CtlReceiveStatus
 .text.MX_USB_DEVICE_Init
                0x0000000008008d58       0x60 ./USB_DEVICE/App/usb_device.o
                0x0000000008008d58                MX_USB_DEVICE_Init
 .text.CDC_Init_FS
                0x0000000008008db8       0x28 ./USB_DEVICE/App/usbd_cdc_if.o
 .text.CDC_DeInit_FS
                0x0000000008008de0       0x10 ./USB_DEVICE/App/usbd_cdc_if.o
 .text.CDC_Control_FS
                0x0000000008008df0       0xbc ./USB_DEVICE/App/usbd_cdc_if.o
 .text.CDC_Receive_FS
                0x0000000008008eac       0x28 ./USB_DEVICE/App/usbd_cdc_if.o
 .text.CDC_TransmitCplt_FS
                0x0000000008008ed4       0x22 ./USB_DEVICE/App/usbd_cdc_if.o
 *fill*         0x0000000008008ef6        0x2 
 .text.USBD_FS_DeviceDescriptor
                0x0000000008008ef8       0x24 ./USB_DEVICE/App/usbd_desc.o
                0x0000000008008ef8                USBD_FS_DeviceDescriptor
 .text.USBD_FS_LangIDStrDescriptor
                0x0000000008008f1c       0x24 ./USB_DEVICE/App/usbd_desc.o
                0x0000000008008f1c                USBD_FS_LangIDStrDescriptor
 .text.USBD_FS_ProductStrDescriptor
                0x0000000008008f40       0x3c ./USB_DEVICE/App/usbd_desc.o
                0x0000000008008f40                USBD_FS_ProductStrDescriptor
 .text.USBD_FS_ManufacturerStrDescriptor
                0x0000000008008f7c       0x28 ./USB_DEVICE/App/usbd_desc.o
                0x0000000008008f7c                USBD_FS_ManufacturerStrDescriptor
 .text.USBD_FS_SerialStrDescriptor
                0x0000000008008fa4       0x24 ./USB_DEVICE/App/usbd_desc.o
                0x0000000008008fa4                USBD_FS_SerialStrDescriptor
 .text.USBD_FS_ConfigStrDescriptor
                0x0000000008008fc8       0x3c ./USB_DEVICE/App/usbd_desc.o
                0x0000000008008fc8                USBD_FS_ConfigStrDescriptor
 .text.USBD_FS_InterfaceStrDescriptor
                0x0000000008009004       0x3c ./USB_DEVICE/App/usbd_desc.o
                0x0000000008009004                USBD_FS_InterfaceStrDescriptor
 .text.Get_SerialNum
                0x0000000008009040       0x58 ./USB_DEVICE/App/usbd_desc.o
 .text.IntToUnicode
                0x0000000008009098       0x7e ./USB_DEVICE/App/usbd_desc.o
 *fill*         0x0000000008009116        0x2 
 .text.HAL_PCD_MspInit
                0x0000000008009118       0xa8 ./USB_DEVICE/Target/usbd_conf.o
                0x0000000008009118                HAL_PCD_MspInit
 .text.HAL_PCD_SetupStageCallback
                0x00000000080091c0       0x24 ./USB_DEVICE/Target/usbd_conf.o
                0x00000000080091c0                HAL_PCD_SetupStageCallback
 .text.HAL_PCD_DataOutStageCallback
                0x00000000080091e4       0x36 ./USB_DEVICE/Target/usbd_conf.o
                0x00000000080091e4                HAL_PCD_DataOutStageCallback
 .text.HAL_PCD_DataInStageCallback
                0x000000000800921a       0x34 ./USB_DEVICE/Target/usbd_conf.o
                0x000000000800921a                HAL_PCD_DataInStageCallback
 .text.HAL_PCD_SOFCallback
                0x000000000800924e       0x1c ./USB_DEVICE/Target/usbd_conf.o
                0x000000000800924e                HAL_PCD_SOFCallback
 .text.HAL_PCD_ResetCallback
                0x000000000800926a       0x3c ./USB_DEVICE/Target/usbd_conf.o
                0x000000000800926a                HAL_PCD_ResetCallback
 *fill*         0x00000000080092a6        0x2 
 .text.HAL_PCD_SuspendCallback
                0x00000000080092a8       0x4c ./USB_DEVICE/Target/usbd_conf.o
                0x00000000080092a8                HAL_PCD_SuspendCallback
 .text.HAL_PCD_ResumeCallback
                0x00000000080092f4       0x1c ./USB_DEVICE/Target/usbd_conf.o
                0x00000000080092f4                HAL_PCD_ResumeCallback
 .text.HAL_PCD_ISOOUTIncompleteCallback
                0x0000000008009310       0x24 ./USB_DEVICE/Target/usbd_conf.o
                0x0000000008009310                HAL_PCD_ISOOUTIncompleteCallback
 .text.HAL_PCD_ISOINIncompleteCallback
                0x0000000008009334       0x24 ./USB_DEVICE/Target/usbd_conf.o
                0x0000000008009334                HAL_PCD_ISOINIncompleteCallback
 .text.HAL_PCD_ConnectCallback
                0x0000000008009358       0x1c ./USB_DEVICE/Target/usbd_conf.o
                0x0000000008009358                HAL_PCD_ConnectCallback
 .text.HAL_PCD_DisconnectCallback
                0x0000000008009374       0x1c ./USB_DEVICE/Target/usbd_conf.o
                0x0000000008009374                HAL_PCD_DisconnectCallback
 .text.USBD_LL_Init
                0x0000000008009390       0x98 ./USB_DEVICE/Target/usbd_conf.o
                0x0000000008009390                USBD_LL_Init
 .text.USBD_LL_Start
                0x0000000008009428       0x36 ./USB_DEVICE/Target/usbd_conf.o
                0x0000000008009428                USBD_LL_Start
 .text.USBD_LL_OpenEP
                0x000000000800945e       0x4c ./USB_DEVICE/Target/usbd_conf.o
                0x000000000800945e                USBD_LL_OpenEP
 .text.USBD_LL_CloseEP
                0x00000000080094aa       0x3e ./USB_DEVICE/Target/usbd_conf.o
                0x00000000080094aa                USBD_LL_CloseEP
 .text.USBD_LL_StallEP
                0x00000000080094e8       0x3e ./USB_DEVICE/Target/usbd_conf.o
                0x00000000080094e8                USBD_LL_StallEP
 .text.USBD_LL_ClearStallEP
                0x0000000008009526       0x3e ./USB_DEVICE/Target/usbd_conf.o
                0x0000000008009526                USBD_LL_ClearStallEP
 .text.USBD_LL_IsStallEP
                0x0000000008009564       0x58 ./USB_DEVICE/Target/usbd_conf.o
                0x0000000008009564                USBD_LL_IsStallEP
 .text.USBD_LL_SetUSBAddress
                0x00000000080095bc       0x3e ./USB_DEVICE/Target/usbd_conf.o
                0x00000000080095bc                USBD_LL_SetUSBAddress
 .text.USBD_LL_Transmit
                0x00000000080095fa       0x42 ./USB_DEVICE/Target/usbd_conf.o
                0x00000000080095fa                USBD_LL_Transmit
 .text.USBD_LL_PrepareReceive
                0x000000000800963c       0x42 ./USB_DEVICE/Target/usbd_conf.o
                0x000000000800963c                USBD_LL_PrepareReceive
 .text.USBD_LL_GetRxDataSize
                0x000000000800967e       0x26 ./USB_DEVICE/Target/usbd_conf.o
                0x000000000800967e                USBD_LL_GetRxDataSize
 .text.USBD_static_malloc
                0x00000000080096a4       0x1c ./USB_DEVICE/Target/usbd_conf.o
                0x00000000080096a4                USBD_static_malloc
 .text.USBD_static_free
                0x00000000080096c0       0x14 ./USB_DEVICE/Target/usbd_conf.o
                0x00000000080096c0                USBD_static_free
 .text.USBD_Get_USB_Status
                0x00000000080096d4       0x58 ./USB_DEVICE/Target/usbd_conf.o
                0x00000000080096d4                USBD_Get_USB_Status
 .text.__libc_init_array
                0x000000000800972c       0x48 c:/st/stm32cubeide_1.11.0/stm32cubeide/plugins/com.st.stm32cube.ide.mcu.externaltools.gnu-tools-for-stm32.10.3-2021.10.win32_1.0.100.202210260954/tools/bin/../lib/gcc/arm-none-eabi/10.3.1/../../../../arm-none-eabi/lib/thumb/v7e-m+fp/hard\libc_nano.a(lib_a-init.o)
                0x000000000800972c                __libc_init_array
 .text.memcpy   0x0000000008009774       0x1c c:/st/stm32cubeide_1.11.0/stm32cubeide/plugins/com.st.stm32cube.ide.mcu.externaltools.gnu-tools-for-stm32.10.3-2021.10.win32_1.0.100.202210260954/tools/bin/../lib/gcc/arm-none-eabi/10.3.1/../../../../arm-none-eabi/lib/thumb/v7e-m+fp/hard\libc_nano.a(lib_a-memcpy-stub.o)
                0x0000000008009774                memcpy
 .text.memset   0x0000000008009790       0x10 c:/st/stm32cubeide_1.11.0/stm32cubeide/plugins/com.st.stm32cube.ide.mcu.externaltools.gnu-tools-for-stm32.10.3-2021.10.win32_1.0.100.202210260954/tools/bin/../lib/gcc/arm-none-eabi/10.3.1/../../../../arm-none-eabi/lib/thumb/v7e-m+fp/hard\libc_nano.a(lib_a-memset.o)
                0x0000000008009790                memset
 *(.glue_7)
 .glue_7        0x00000000080097a0        0x0 linker stubs
 *(.glue_7t)
 .glue_7t       0x00000000080097a0        0x0 linker stubs
 *(.eh_frame)
 .eh_frame      0x00000000080097a0        0x0 c:/st/stm32cubeide_1.11.0/stm32cubeide/plugins/com.st.stm32cube.ide.mcu.externaltools.gnu-tools-for-stm32.10.3-2021.10.win32_1.0.100.202210260954/tools/bin/../lib/gcc/arm-none-eabi/10.3.1/thumb/v7e-m+fp/hard/crtbegin.o
 *(.init)
 .init          0x00000000080097a0        0x4 c:/st/stm32cubeide_1.11.0/stm32cubeide/plugins/com.st.stm32cube.ide.mcu.externaltools.gnu-tools-for-stm32.10.3-2021.10.win32_1.0.100.202210260954/tools/bin/../lib/gcc/arm-none-eabi/10.3.1/thumb/v7e-m+fp/hard/crti.o
                0x00000000080097a0                _init
 .init          0x00000000080097a4        0x8 c:/st/stm32cubeide_1.11.0/stm32cubeide/plugins/com.st.stm32cube.ide.mcu.externaltools.gnu-tools-for-stm32.10.3-2021.10.win32_1.0.100.202210260954/tools/bin/../lib/gcc/arm-none-eabi/10.3.1/thumb/v7e-m+fp/hard/crtn.o
 *(.fini)
 .fini          0x00000000080097ac        0x4 c:/st/stm32cubeide_1.11.0/stm32cubeide/plugins/com.st.stm32cube.ide.mcu.externaltools.gnu-tools-for-stm32.10.3-2021.10.win32_1.0.100.202210260954/tools/bin/../lib/gcc/arm-none-eabi/10.3.1/thumb/v7e-m+fp/hard/crti.o
                0x00000000080097ac                _fini
 .fini          0x00000000080097b0        0x8 c:/st/stm32cubeide_1.11.0/stm32cubeide/plugins/com.st.stm32cube.ide.mcu.externaltools.gnu-tools-for-stm32.10.3-2021.10.win32_1.0.100.202210260954/tools/bin/../lib/gcc/arm-none-eabi/10.3.1/thumb/v7e-m+fp/hard/crtn.o
                0x00000000080097b8                . = ALIGN (0x4)
                0x00000000080097b8                _etext = .

.vfp11_veneer   0x00000000080097b8        0x0
 .vfp11_veneer  0x00000000080097b8        0x0 linker stubs

.v4_bx          0x00000000080097b8        0x0
 .v4_bx         0x00000000080097b8        0x0 linker stubs

.iplt           0x00000000080097b8        0x0
 .iplt          0x00000000080097b8        0x0 c:/st/stm32cubeide_1.11.0/stm32cubeide/plugins/com.st.stm32cube.ide.mcu.externaltools.gnu-tools-for-stm32.10.3-2021.10.win32_1.0.100.202210260954/tools/bin/../lib/gcc/arm-none-eabi/10.3.1/thumb/v7e-m+fp/hard/crtbegin.o

.rodata         0x00000000080097b8       0x5c
                0x00000000080097b8                . = ALIGN (0x4)
 *(.rodata)
 .rodata        0x00000000080097b8       0x3a ./USB_DEVICE/App/usbd_desc.o
 *(.rodata*)
 *fill*         0x00000000080097f2        0x2 
 .rodata.AHBPrescTable
                0x00000000080097f4       0x10 ./Core/Src/system_stm32f4xx.o
                0x00000000080097f4                AHBPrescTable
 .rodata.APBPrescTable
                0x0000000008009804        0x8 ./Core/Src/system_stm32f4xx.o
                0x0000000008009804                APBPrescTable
 .rodata.flagBitshiftOffset.0
                0x000000000800980c        0x8 ./Drivers/STM32F4xx_HAL_Driver/Src/stm32f4xx_hal_dma.o
                0x0000000008009814                . = ALIGN (0x4)

.ARM.extab      0x0000000008009814        0x0
                0x0000000008009814                . = ALIGN (0x4)
 *(.ARM.extab* .gnu.linkonce.armextab.*)
                0x0000000008009814                . = ALIGN (0x4)

.ARM            0x0000000008009814        0x8
                0x0000000008009814                . = ALIGN (0x4)
                0x0000000008009814                __exidx_start = .
 *(.ARM.exidx*)
 .ARM.exidx     0x0000000008009814        0x8 c:/st/stm32cubeide_1.11.0/stm32cubeide/plugins/com.st.stm32cube.ide.mcu.externaltools.gnu-tools-for-stm32.10.3-2021.10.win32_1.0.100.202210260954/tools/bin/../lib/gcc/arm-none-eabi/10.3.1/thumb/v7e-m+fp/hard\libgcc.a(_udivmoddi4.o)
                0x000000000800981c                __exidx_end = .
                0x000000000800981c                . = ALIGN (0x4)

.rel.dyn        0x000000000800981c        0x0
 .rel.iplt      0x000000000800981c        0x0 c:/st/stm32cubeide_1.11.0/stm32cubeide/plugins/com.st.stm32cube.ide.mcu.externaltools.gnu-tools-for-stm32.10.3-2021.10.win32_1.0.100.202210260954/tools/bin/../lib/gcc/arm-none-eabi/10.3.1/thumb/v7e-m+fp/hard/crtbegin.o

.preinit_array  0x000000000800981c        0x0
                0x000000000800981c                . = ALIGN (0x4)
                0x000000000800981c                PROVIDE (__preinit_array_start = .)
 *(.preinit_array*)
                0x000000000800981c                PROVIDE (__preinit_array_end = .)
                0x000000000800981c                . = ALIGN (0x4)

.init_array     0x000000000800981c        0x4
                0x000000000800981c                . = ALIGN (0x4)
                0x000000000800981c                PROVIDE (__init_array_start = .)
 *(SORT_BY_NAME(.init_array.*))
 *(.init_array*)
 .init_array    0x000000000800981c        0x4 c:/st/stm32cubeide_1.11.0/stm32cubeide/plugins/com.st.stm32cube.ide.mcu.externaltools.gnu-tools-for-stm32.10.3-2021.10.win32_1.0.100.202210260954/tools/bin/../lib/gcc/arm-none-eabi/10.3.1/thumb/v7e-m+fp/hard/crtbegin.o
                0x0000000008009820                PROVIDE (__init_array_end = .)
                0x0000000008009820                . = ALIGN (0x4)

.fini_array     0x0000000008009820        0x4
                0x0000000008009820                . = ALIGN (0x4)
                [!provide]                        PROVIDE (__fini_array_start = .)
 *(SORT_BY_NAME(.fini_array.*))
 *(.fini_array*)
 .fini_array    0x0000000008009820        0x4 c:/st/stm32cubeide_1.11.0/stm32cubeide/plugins/com.st.stm32cube.ide.mcu.externaltools.gnu-tools-for-stm32.10.3-2021.10.win32_1.0.100.202210260954/tools/bin/../lib/gcc/arm-none-eabi/10.3.1/thumb/v7e-m+fp/hard/crtbegin.o
                [!provide]                        PROVIDE (__fini_array_end = .)
                0x0000000008009824                . = ALIGN (0x4)
                0x0000000008009824                _sidata = LOADADDR (.data)

.data           0x0000000020000000       0xfc load address 0x0000000008009824
                0x0000000020000000                . = ALIGN (0x4)
                0x0000000020000000                _sdata = .
 *(.data)
 *(.data*)
 .data.SystemCoreClock
                0x0000000020000000        0x4 ./Core/Src/system_stm32f4xx.o
                0x0000000020000000                SystemCoreClock
 .data.uwTickPrio
                0x0000000020000004        0x4 ./Drivers/STM32F4xx_HAL_Driver/Src/stm32f4xx_hal.o
                0x0000000020000004                uwTickPrio
 .data.uwTickFreq
                0x0000000020000008        0x1 ./Drivers/STM32F4xx_HAL_Driver/Src/stm32f4xx_hal.o
                0x0000000020000008                uwTickFreq
 *fill*         0x0000000020000009        0x3 
 .data.USBD_CDC_DeviceQualifierDesc
                0x000000002000000c        0xa ./Middlewares/ST/STM32_USB_Device_Library/Class/CDC/Src/usbd_cdc.o
 *fill*         0x0000000020000016        0x2 
 .data.USBD_CDC
                0x0000000020000018       0x38 ./Middlewares/ST/STM32_USB_Device_Library/Class/CDC/Src/usbd_cdc.o
                0x0000000020000018                USBD_CDC
 .data.USBD_CDC_CfgDesc
                0x0000000020000050       0x43 ./Middlewares/ST/STM32_USB_Device_Library/Class/CDC/Src/usbd_cdc.o
 .data.CDCInEpAdd
                0x0000000020000093        0x1 ./Middlewares/ST/STM32_USB_Device_Library/Class/CDC/Src/usbd_cdc.o
 .data.CDCOutEpAdd
                0x0000000020000094        0x1 ./Middlewares/ST/STM32_USB_Device_Library/Class/CDC/Src/usbd_cdc.o
 .data.CDCCmdEpAdd
                0x0000000020000095        0x1 ./Middlewares/ST/STM32_USB_Device_Library/Class/CDC/Src/usbd_cdc.o
 *fill*         0x0000000020000096        0x2 
 .data.USBD_Interface_fops_FS
                0x0000000020000098       0x14 ./USB_DEVICE/App/usbd_cdc_if.o
                0x0000000020000098                USBD_Interface_fops_FS
 .data.FS_Desc  0x00000000200000ac       0x1c ./USB_DEVICE/App/usbd_desc.o
                0x00000000200000ac                FS_Desc
 .data.USBD_FS_DeviceDesc
                0x00000000200000c8       0x12 ./USB_DEVICE/App/usbd_desc.o
                0x00000000200000c8                USBD_FS_DeviceDesc
 *fill*         0x00000000200000da        0x2 
 .data.USBD_LangIDDesc
                0x00000000200000dc        0x4 ./USB_DEVICE/App/usbd_desc.o
                0x00000000200000dc                USBD_LangIDDesc
 .data.USBD_StringSerial
                0x00000000200000e0       0x1a ./USB_DEVICE/App/usbd_desc.o
                0x00000000200000e0                USBD_StringSerial
 *(.RamFunc)
 *(.RamFunc*)
                0x00000000200000fc                . = ALIGN (0x4)
 *fill*         0x00000000200000fa        0x2 
                0x00000000200000fc                _edata = .

.igot.plt       0x00000000200000fc        0x0 load address 0x0000000008009920
 .igot.plt      0x00000000200000fc        0x0 c:/st/stm32cubeide_1.11.0/stm32cubeide/plugins/com.st.stm32cube.ide.mcu.externaltools.gnu-tools-for-stm32.10.3-2021.10.win32_1.0.100.202210260954/tools/bin/../lib/gcc/arm-none-eabi/10.3.1/thumb/v7e-m+fp/hard/crtbegin.o
                0x00000000200000fc                . = ALIGN (0x4)

.bss            0x00000000200000fc     0x21d0 load address 0x0000000008009920
                0x00000000200000fc                _sbss = .
                0x00000000200000fc                __bss_start__ = _sbss
 *(.bss)
 .bss           0x00000000200000fc       0x1c c:/st/stm32cubeide_1.11.0/stm32cubeide/plugins/com.st.stm32cube.ide.mcu.externaltools.gnu-tools-for-stm32.10.3-2021.10.win32_1.0.100.202210260954/tools/bin/../lib/gcc/arm-none-eabi/10.3.1/thumb/v7e-m+fp/hard/crtbegin.o
 *(.bss*)
 .bss.intterruptEvent_Flag
                0x0000000020000118        0x1 ./Core/Src/EXITinti.o
                0x0000000020000118                intterruptEvent_Flag
 *fill*         0x0000000020000119        0x3 
 .bss.Rx1Buff   0x000000002000011c       0xff ./Core/Src/main.o
                0x000000002000011c                Rx1Buff
 *fill*         0x000000002000021b        0x1 
 .bss.Rx2Buff   0x000000002000021c       0xff ./Core/Src/main.o
                0x000000002000021c                Rx2Buff
 *fill*         0x000000002000031b        0x1 
 .bss.dataComm_mainBuff
                0x000000002000031c       0xff ./Core/Src/main.o
                0x000000002000031c                dataComm_mainBuff
 *fill*         0x000000002000041b        0x1 
 .bss.lteComm_MainBuff
                0x000000002000041c       0xff ./Core/Src/main.o
                0x000000002000041c                lteComm_MainBuff
 *fill*         0x000000002000051b        0x1 
 .bss.htim4     0x000000002000051c       0x48 ./Core/Src/main.o
                0x000000002000051c                htim4
 .bss.huart1    0x0000000020000564       0x44 ./Core/Src/main.o
                0x0000000020000564                huart1
 .bss.huart2    0x00000000200005a8       0x44 ./Core/Src/main.o
                0x00000000200005a8                huart2
 .bss.hdma_usart1_rx
                0x00000000200005ec       0x60 ./Core/Src/main.o
                0x00000000200005ec                hdma_usart1_rx
 .bss.hdma_usart2_rx
                0x000000002000064c       0x60 ./Core/Src/main.o
                0x000000002000064c                hdma_usart2_rx
 .bss.sysCounter
                0x00000000200006ac        0xa ./Core/Src/main.o
                0x00000000200006ac                sysCounter
 *fill*         0x00000000200006b6        0x2 
 .bss.sysFlag   0x00000000200006b8        0x2 ./Core/Src/main.o
                0x00000000200006b8                sysFlag
 *fill*         0x00000000200006ba        0x2 
 .bss.uwTick    0x00000000200006bc        0x4 ./Drivers/STM32F4xx_HAL_Driver/Src/stm32f4xx_hal.o
                0x00000000200006bc                uwTick
 .bss.cfgidx.0  0x00000000200006c0        0x1 ./Middlewares/ST/STM32_USB_Device_Library/Core/Src/usbd_ctlreq.o
 *fill*         0x00000000200006c1        0x3 
 .bss.hUsbDeviceFS
                0x00000000200006c4      0x2dc ./USB_DEVICE/App/usb_device.o
                0x00000000200006c4                hUsbDeviceFS
 .bss.UserRxBufferFS
                0x00000000200009a0      0x800 ./USB_DEVICE/App/usbd_cdc_if.o
                0x00000000200009a0                UserRxBufferFS
 .bss.UserTxBufferFS
                0x00000000200011a0      0x800 ./USB_DEVICE/App/usbd_cdc_if.o
                0x00000000200011a0                UserTxBufferFS
 .bss.USBD_StrDesc
                0x00000000200019a0      0x200 ./USB_DEVICE/App/usbd_desc.o
                0x00000000200019a0                USBD_StrDesc
 .bss.hpcd_USB_OTG_FS
                0x0000000020001ba0      0x50c ./USB_DEVICE/Target/usbd_conf.o
                0x0000000020001ba0                hpcd_USB_OTG_FS
 .bss.mem.0     0x00000000200020ac      0x220 ./USB_DEVICE/Target/usbd_conf.o
 *(COMMON)
                0x00000000200022cc                . = ALIGN (0x4)
                0x00000000200022cc                _ebss = .
                0x00000000200022cc                __bss_end__ = _ebss

._user_heap_stack
                0x00000000200022cc      0x604 load address 0x0000000008009920
                0x00000000200022d0                . = ALIGN (0x8)
 *fill*         0x00000000200022cc        0x4 
                [!provide]                        PROVIDE (end = .)
                0x00000000200022d0                PROVIDE (_end = .)
                0x00000000200024d0                . = (. + _Min_Heap_Size)
 *fill*         0x00000000200022d0      0x200 
                0x00000000200028d0                . = (. + _Min_Stack_Size)
 *fill*         0x00000000200024d0      0x400 
                0x00000000200028d0                . = ALIGN (0x8)

/DISCARD/
 libc.a(*)
 libm.a(*)
 libgcc.a(*)

.ARM.attributes
                0x0000000000000000       0x30
 *(.ARM.attributes)
 .ARM.attributes
                0x0000000000000000       0x1e c:/st/stm32cubeide_1.11.0/stm32cubeide/plugins/com.st.stm32cube.ide.mcu.externaltools.gnu-tools-for-stm32.10.3-2021.10.win32_1.0.100.202210260954/tools/bin/../lib/gcc/arm-none-eabi/10.3.1/thumb/v7e-m+fp/hard/crti.o
 .ARM.attributes
                0x000000000000001e       0x34 c:/st/stm32cubeide_1.11.0/stm32cubeide/plugins/com.st.stm32cube.ide.mcu.externaltools.gnu-tools-for-stm32.10.3-2021.10.win32_1.0.100.202210260954/tools/bin/../lib/gcc/arm-none-eabi/10.3.1/thumb/v7e-m+fp/hard/crtbegin.o
 .ARM.attributes
                0x0000000000000052       0x34 ./Core/Src/EXITinti.o
 .ARM.attributes
                0x0000000000000086       0x34 ./Core/Src/main.o
 .ARM.attributes
                0x00000000000000ba       0x34 ./Core/Src/stm32f4xx_hal_msp.o
 .ARM.attributes
                0x00000000000000ee       0x34 ./Core/Src/stm32f4xx_it.o
 .ARM.attributes
                0x0000000000000122       0x34 ./Core/Src/system_stm32f4xx.o
 .ARM.attributes
                0x0000000000000156       0x21 ./Core/Startup/startup_stm32f411ceux.o
 .ARM.attributes
                0x0000000000000177       0x34 ./Drivers/STM32F4xx_HAL_Driver/Src/stm32f4xx_hal.o
 .ARM.attributes
                0x00000000000001ab       0x34 ./Drivers/STM32F4xx_HAL_Driver/Src/stm32f4xx_hal_cortex.o
 .ARM.attributes
                0x00000000000001df       0x34 ./Drivers/STM32F4xx_HAL_Driver/Src/stm32f4xx_hal_dma.o
 .ARM.attributes
                0x0000000000000213       0x34 ./Drivers/STM32F4xx_HAL_Driver/Src/stm32f4xx_hal_gpio.o
 .ARM.attributes
                0x0000000000000247       0x34 ./Drivers/STM32F4xx_HAL_Driver/Src/stm32f4xx_hal_pcd.o
 .ARM.attributes
                0x000000000000027b       0x34 ./Drivers/STM32F4xx_HAL_Driver/Src/stm32f4xx_hal_pcd_ex.o
 .ARM.attributes
                0x00000000000002af       0x34 ./Drivers/STM32F4xx_HAL_Driver/Src/stm32f4xx_hal_rcc.o
 .ARM.attributes
                0x00000000000002e3       0x34 ./Drivers/STM32F4xx_HAL_Driver/Src/stm32f4xx_hal_tim.o
 .ARM.attributes
                0x0000000000000317       0x34 ./Drivers/STM32F4xx_HAL_Driver/Src/stm32f4xx_hal_tim_ex.o
 .ARM.attributes
                0x000000000000034b       0x34 ./Drivers/STM32F4xx_HAL_Driver/Src/stm32f4xx_hal_uart.o
 .ARM.attributes
                0x000000000000037f       0x34 ./Drivers/STM32F4xx_HAL_Driver/Src/stm32f4xx_ll_usb.o
 .ARM.attributes
                0x00000000000003b3       0x34 ./Middlewares/ST/STM32_USB_Device_Library/Class/CDC/Src/usbd_cdc.o
 .ARM.attributes
                0x00000000000003e7       0x34 ./Middlewares/ST/STM32_USB_Device_Library/Core/Src/usbd_core.o
 .ARM.attributes
                0x000000000000041b       0x34 ./Middlewares/ST/STM32_USB_Device_Library/Core/Src/usbd_ctlreq.o
 .ARM.attributes
                0x000000000000044f       0x34 ./Middlewares/ST/STM32_USB_Device_Library/Core/Src/usbd_ioreq.o
 .ARM.attributes
                0x0000000000000483       0x34 ./USB_DEVICE/App/usb_device.o
 .ARM.attributes
                0x00000000000004b7       0x34 ./USB_DEVICE/App/usbd_cdc_if.o
 .ARM.attributes
                0x00000000000004eb       0x34 ./USB_DEVICE/App/usbd_desc.o
 .ARM.attributes
                0x000000000000051f       0x34 ./USB_DEVICE/Target/usbd_conf.o
 .ARM.attributes
                0x0000000000000553       0x34 c:/st/stm32cubeide_1.11.0/stm32cubeide/plugins/com.st.stm32cube.ide.mcu.externaltools.gnu-tools-for-stm32.10.3-2021.10.win32_1.0.100.202210260954/tools/bin/../lib/gcc/arm-none-eabi/10.3.1/../../../../arm-none-eabi/lib/thumb/v7e-m+fp/hard\libc_nano.a(lib_a-init.o)
 .ARM.attributes
                0x0000000000000587       0x34 c:/st/stm32cubeide_1.11.0/stm32cubeide/plugins/com.st.stm32cube.ide.mcu.externaltools.gnu-tools-for-stm32.10.3-2021.10.win32_1.0.100.202210260954/tools/bin/../lib/gcc/arm-none-eabi/10.3.1/../../../../arm-none-eabi/lib/thumb/v7e-m+fp/hard\libc_nano.a(lib_a-memcpy-stub.o)
 .ARM.attributes
                0x00000000000005bb       0x34 c:/st/stm32cubeide_1.11.0/stm32cubeide/plugins/com.st.stm32cube.ide.mcu.externaltools.gnu-tools-for-stm32.10.3-2021.10.win32_1.0.100.202210260954/tools/bin/../lib/gcc/arm-none-eabi/10.3.1/../../../../arm-none-eabi/lib/thumb/v7e-m+fp/hard\libc_nano.a(lib_a-memset.o)
 .ARM.attributes
                0x00000000000005ef       0x1e c:/st/stm32cubeide_1.11.0/stm32cubeide/plugins/com.st.stm32cube.ide.mcu.externaltools.gnu-tools-for-stm32.10.3-2021.10.win32_1.0.100.202210260954/tools/bin/../lib/gcc/arm-none-eabi/10.3.1/thumb/v7e-m+fp/hard\libgcc.a(_aeabi_uldivmod.o)
 .ARM.attributes
                0x000000000000060d       0x34 c:/st/stm32cubeide_1.11.0/stm32cubeide/plugins/com.st.stm32cube.ide.mcu.externaltools.gnu-tools-for-stm32.10.3-2021.10.win32_1.0.100.202210260954/tools/bin/../lib/gcc/arm-none-eabi/10.3.1/thumb/v7e-m+fp/hard\libgcc.a(_udivmoddi4.o)
 .ARM.attributes
                0x0000000000000641       0x1e c:/st/stm32cubeide_1.11.0/stm32cubeide/plugins/com.st.stm32cube.ide.mcu.externaltools.gnu-tools-for-stm32.10.3-2021.10.win32_1.0.100.202210260954/tools/bin/../lib/gcc/arm-none-eabi/10.3.1/thumb/v7e-m+fp/hard\libgcc.a(_dvmd_tls.o)
 .ARM.attributes
                0x000000000000065f       0x1e c:/st/stm32cubeide_1.11.0/stm32cubeide/plugins/com.st.stm32cube.ide.mcu.externaltools.gnu-tools-for-stm32.10.3-2021.10.win32_1.0.100.202210260954/tools/bin/../lib/gcc/arm-none-eabi/10.3.1/thumb/v7e-m+fp/hard/crtn.o
OUTPUT(ZephC_LTE_Gateway.elf elf32-littlearm)
LOAD linker stubs
LOAD c:/st/stm32cubeide_1.11.0/stm32cubeide/plugins/com.st.stm32cube.ide.mcu.externaltools.gnu-tools-for-stm32.10.3-2021.10.win32_1.0.100.202210260954/tools/bin/../lib/gcc/arm-none-eabi/10.3.1/../../../../arm-none-eabi/lib/thumb/v7e-m+fp/hard\libc.a
LOAD c:/st/stm32cubeide_1.11.0/stm32cubeide/plugins/com.st.stm32cube.ide.mcu.externaltools.gnu-tools-for-stm32.10.3-2021.10.win32_1.0.100.202210260954/tools/bin/../lib/gcc/arm-none-eabi/10.3.1/../../../../arm-none-eabi/lib/thumb/v7e-m+fp/hard\libm.a
LOAD c:/st/stm32cubeide_1.11.0/stm32cubeide/plugins/com.st.stm32cube.ide.mcu.externaltools.gnu-tools-for-stm32.10.3-2021.10.win32_1.0.100.202210260954/tools/bin/../lib/gcc/arm-none-eabi/10.3.1/thumb/v7e-m+fp/hard\libgcc.a

.debug_info     0x0000000000000000    0x1876c
 .debug_info    0x0000000000000000      0x76e ./Core/Src/EXITinti.o
 .debug_info    0x000000000000076e     0x17b9 ./Core/Src/main.o
 .debug_info    0x0000000000001f27      0xfe4 ./Core/Src/stm32f4xx_hal_msp.o
 .debug_info    0x0000000000002f0b      0xf01 ./Core/Src/stm32f4xx_it.o
 .debug_info    0x0000000000003e0c      0x54f ./Core/Src/system_stm32f4xx.o
 .debug_info    0x000000000000435b       0x22 ./Core/Startup/startup_stm32f411ceux.o
 .debug_info    0x000000000000437d      0x90d ./Drivers/STM32F4xx_HAL_Driver/Src/stm32f4xx_hal.o
 .debug_info    0x0000000000004c8a      0xd8b ./Drivers/STM32F4xx_HAL_Driver/Src/stm32f4xx_hal_cortex.o
 .debug_info    0x0000000000005a15      0x947 ./Drivers/STM32F4xx_HAL_Driver/Src/stm32f4xx_hal_dma.o
 .debug_info    0x000000000000635c      0x78e ./Drivers/STM32F4xx_HAL_Driver/Src/stm32f4xx_hal_gpio.o
 .debug_info    0x0000000000006aea     0x168d ./Drivers/STM32F4xx_HAL_Driver/Src/stm32f4xx_hal_pcd.o
 .debug_info    0x0000000000008177      0x717 ./Drivers/STM32F4xx_HAL_Driver/Src/stm32f4xx_hal_pcd_ex.o
 .debug_info    0x000000000000888e      0x98d ./Drivers/STM32F4xx_HAL_Driver/Src/stm32f4xx_hal_rcc.o
 .debug_info    0x000000000000921b     0x2bb6 ./Drivers/STM32F4xx_HAL_Driver/Src/stm32f4xx_hal_tim.o
 .debug_info    0x000000000000bdd1     0x15d8 ./Drivers/STM32F4xx_HAL_Driver/Src/stm32f4xx_hal_tim_ex.o
 .debug_info    0x000000000000d3a9     0x31b4 ./Drivers/STM32F4xx_HAL_Driver/Src/stm32f4xx_hal_uart.o
 .debug_info    0x000000000001055d     0x1a97 ./Drivers/STM32F4xx_HAL_Driver/Src/stm32f4xx_ll_usb.o
 .debug_info    0x0000000000011ff4     0x130c ./Middlewares/ST/STM32_USB_Device_Library/Class/CDC/Src/usbd_cdc.o
 .debug_info    0x0000000000013300      0xee7 ./Middlewares/ST/STM32_USB_Device_Library/Core/Src/usbd_core.o
 .debug_info    0x00000000000141e7      0xb7f ./Middlewares/ST/STM32_USB_Device_Library/Core/Src/usbd_ctlreq.o
 .debug_info    0x0000000000014d66      0x7da ./Middlewares/ST/STM32_USB_Device_Library/Core/Src/usbd_ioreq.o
 .debug_info    0x0000000000015540      0x76a ./USB_DEVICE/App/usb_device.o
 .debug_info    0x0000000000015caa      0x96f ./USB_DEVICE/App/usbd_cdc_if.o
 .debug_info    0x0000000000016619      0x498 ./USB_DEVICE/App/usbd_desc.o
 .debug_info    0x0000000000016ab1     0x1cbb ./USB_DEVICE/Target/usbd_conf.o

.debug_abbrev   0x0000000000000000     0x3760
 .debug_abbrev  0x0000000000000000      0x195 ./Core/Src/EXITinti.o
 .debug_abbrev  0x0000000000000195      0x399 ./Core/Src/main.o
 .debug_abbrev  0x000000000000052e      0x209 ./Core/Src/stm32f4xx_hal_msp.o
 .debug_abbrev  0x0000000000000737      0x1f6 ./Core/Src/stm32f4xx_it.o
 .debug_abbrev  0x000000000000092d      0x116 ./Core/Src/system_stm32f4xx.o
 .debug_abbrev  0x0000000000000a43       0x12 ./Core/Startup/startup_stm32f411ceux.o
 .debug_abbrev  0x0000000000000a55      0x23e ./Drivers/STM32F4xx_HAL_Driver/Src/stm32f4xx_hal.o
 .debug_abbrev  0x0000000000000c93      0x316 ./Drivers/STM32F4xx_HAL_Driver/Src/stm32f4xx_hal_cortex.o
 .debug_abbrev  0x0000000000000fa9      0x21b ./Drivers/STM32F4xx_HAL_Driver/Src/stm32f4xx_hal_dma.o
 .debug_abbrev  0x00000000000011c4      0x1c4 ./Drivers/STM32F4xx_HAL_Driver/Src/stm32f4xx_hal_gpio.o
 .debug_abbrev  0x0000000000001388      0x2bb ./Drivers/STM32F4xx_HAL_Driver/Src/stm32f4xx_hal_pcd.o
 .debug_abbrev  0x0000000000001643      0x1ce ./Drivers/STM32F4xx_HAL_Driver/Src/stm32f4xx_hal_pcd_ex.o
 .debug_abbrev  0x0000000000001811      0x2aa ./Drivers/STM32F4xx_HAL_Driver/Src/stm32f4xx_hal_rcc.o
 .debug_abbrev  0x0000000000001abb      0x26e ./Drivers/STM32F4xx_HAL_Driver/Src/stm32f4xx_hal_tim.o
 .debug_abbrev  0x0000000000001d29      0x276 ./Drivers/STM32F4xx_HAL_Driver/Src/stm32f4xx_hal_tim_ex.o
 .debug_abbrev  0x0000000000001f9f      0x305 ./Drivers/STM32F4xx_HAL_Driver/Src/stm32f4xx_hal_uart.o
 .debug_abbrev  0x00000000000022a4      0x296 ./Drivers/STM32F4xx_HAL_Driver/Src/stm32f4xx_ll_usb.o
 .debug_abbrev  0x000000000000253a      0x2be ./Middlewares/ST/STM32_USB_Device_Library/Class/CDC/Src/usbd_cdc.o
 .debug_abbrev  0x00000000000027f8      0x263 ./Middlewares/ST/STM32_USB_Device_Library/Core/Src/usbd_core.o
 .debug_abbrev  0x0000000000002a5b      0x25c ./Middlewares/ST/STM32_USB_Device_Library/Core/Src/usbd_ctlreq.o
 .debug_abbrev  0x0000000000002cb7      0x18a ./Middlewares/ST/STM32_USB_Device_Library/Core/Src/usbd_ioreq.o
 .debug_abbrev  0x0000000000002e41      0x18a ./USB_DEVICE/App/usb_device.o
 .debug_abbrev  0x0000000000002fcb      0x290 ./USB_DEVICE/App/usbd_cdc_if.o
 .debug_abbrev  0x000000000000325b      0x1da ./USB_DEVICE/App/usbd_desc.o
 .debug_abbrev  0x0000000000003435      0x32b ./USB_DEVICE/Target/usbd_conf.o

.debug_aranges  0x0000000000000000     0x13f8
 .debug_aranges
                0x0000000000000000       0x30 ./Core/Src/EXITinti.o
 .debug_aranges
                0x0000000000000030       0xb8 ./Core/Src/main.o
 .debug_aranges
                0x00000000000000e8       0x40 ./Core/Src/stm32f4xx_hal_msp.o
 .debug_aranges
                0x0000000000000128       0x90 ./Core/Src/stm32f4xx_it.o
 .debug_aranges
                0x00000000000001b8       0x28 ./Core/Src/system_stm32f4xx.o
 .debug_aranges
                0x00000000000001e0       0x28 ./Core/Startup/startup_stm32f411ceux.o
 .debug_aranges
                0x0000000000000208       0xf0 ./Drivers/STM32F4xx_HAL_Driver/Src/stm32f4xx_hal.o
 .debug_aranges
                0x00000000000002f8      0x118 ./Drivers/STM32F4xx_HAL_Driver/Src/stm32f4xx_hal_cortex.o
 .debug_aranges
                0x0000000000000410       0x90 ./Drivers/STM32F4xx_HAL_Driver/Src/stm32f4xx_hal_dma.o
 .debug_aranges
                0x00000000000004a0       0x58 ./Drivers/STM32F4xx_HAL_Driver/Src/stm32f4xx_hal_gpio.o
 .debug_aranges
                0x00000000000004f8      0x148 ./Drivers/STM32F4xx_HAL_Driver/Src/stm32f4xx_hal_pcd.o
 .debug_aranges
                0x0000000000000640       0x38 ./Drivers/STM32F4xx_HAL_Driver/Src/stm32f4xx_hal_pcd_ex.o
 .debug_aranges
                0x0000000000000678       0x88 ./Drivers/STM32F4xx_HAL_Driver/Src/stm32f4xx_hal_rcc.o
 .debug_aranges
                0x0000000000000700      0x3d0 ./Drivers/STM32F4xx_HAL_Driver/Src/stm32f4xx_hal_tim.o
 .debug_aranges
                0x0000000000000ad0      0x168 ./Drivers/STM32F4xx_HAL_Driver/Src/stm32f4xx_hal_tim_ex.o
 .debug_aranges
                0x0000000000000c38      0x200 ./Drivers/STM32F4xx_HAL_Driver/Src/stm32f4xx_hal_uart.o
 .debug_aranges
                0x0000000000000e38      0x1a0 ./Drivers/STM32F4xx_HAL_Driver/Src/stm32f4xx_ll_usb.o
 .debug_aranges
                0x0000000000000fd8       0x90 ./Middlewares/ST/STM32_USB_Device_Library/Class/CDC/Src/usbd_cdc.o
 .debug_aranges
                0x0000000000001068       0xd8 ./Middlewares/ST/STM32_USB_Device_Library/Core/Src/usbd_core.o
 .debug_aranges
                0x0000000000001140       0x90 ./Middlewares/ST/STM32_USB_Device_Library/Core/Src/usbd_ctlreq.o
 .debug_aranges
                0x00000000000011d0       0x50 ./Middlewares/ST/STM32_USB_Device_Library/Core/Src/usbd_ioreq.o
 .debug_aranges
                0x0000000000001220       0x20 ./USB_DEVICE/App/usb_device.o
 .debug_aranges
                0x0000000000001240       0x48 ./USB_DEVICE/App/usbd_cdc_if.o
 .debug_aranges
                0x0000000000001288       0x60 ./USB_DEVICE/App/usbd_desc.o
 .debug_aranges
                0x00000000000012e8      0x110 ./USB_DEVICE/Target/usbd_conf.o

.debug_ranges   0x0000000000000000     0x12a0
 .debug_ranges  0x0000000000000000       0x20 ./Core/Src/EXITinti.o
 .debug_ranges  0x0000000000000020       0xa8 ./Core/Src/main.o
 .debug_ranges  0x00000000000000c8       0x30 ./Core/Src/stm32f4xx_hal_msp.o
 .debug_ranges  0x00000000000000f8       0x80 ./Core/Src/stm32f4xx_it.o
 .debug_ranges  0x0000000000000178       0x18 ./Core/Src/system_stm32f4xx.o
 .debug_ranges  0x0000000000000190       0x20 ./Core/Startup/startup_stm32f411ceux.o
 .debug_ranges  0x00000000000001b0       0xe0 ./Drivers/STM32F4xx_HAL_Driver/Src/stm32f4xx_hal.o
 .debug_ranges  0x0000000000000290      0x108 ./Drivers/STM32F4xx_HAL_Driver/Src/stm32f4xx_hal_cortex.o
 .debug_ranges  0x0000000000000398       0x80 ./Drivers/STM32F4xx_HAL_Driver/Src/stm32f4xx_hal_dma.o
 .debug_ranges  0x0000000000000418       0x48 ./Drivers/STM32F4xx_HAL_Driver/Src/stm32f4xx_hal_gpio.o
 .debug_ranges  0x0000000000000460      0x138 ./Drivers/STM32F4xx_HAL_Driver/Src/stm32f4xx_hal_pcd.o
 .debug_ranges  0x0000000000000598       0x28 ./Drivers/STM32F4xx_HAL_Driver/Src/stm32f4xx_hal_pcd_ex.o
 .debug_ranges  0x00000000000005c0       0x78 ./Drivers/STM32F4xx_HAL_Driver/Src/stm32f4xx_hal_rcc.o
 .debug_ranges  0x0000000000000638      0x3c0 ./Drivers/STM32F4xx_HAL_Driver/Src/stm32f4xx_hal_tim.o
 .debug_ranges  0x00000000000009f8      0x158 ./Drivers/STM32F4xx_HAL_Driver/Src/stm32f4xx_hal_tim_ex.o
 .debug_ranges  0x0000000000000b50      0x220 ./Drivers/STM32F4xx_HAL_Driver/Src/stm32f4xx_hal_uart.o
 .debug_ranges  0x0000000000000d70      0x190 ./Drivers/STM32F4xx_HAL_Driver/Src/stm32f4xx_ll_usb.o
 .debug_ranges  0x0000000000000f00       0x80 ./Middlewares/ST/STM32_USB_Device_Library/Class/CDC/Src/usbd_cdc.o
 .debug_ranges  0x0000000000000f80       0xc8 ./Middlewares/ST/STM32_USB_Device_Library/Core/Src/usbd_core.o
 .debug_ranges  0x0000000000001048       0x80 ./Middlewares/ST/STM32_USB_Device_Library/Core/Src/usbd_ctlreq.o
 .debug_ranges  0x00000000000010c8       0x40 ./Middlewares/ST/STM32_USB_Device_Library/Core/Src/usbd_ioreq.o
 .debug_ranges  0x0000000000001108       0x10 ./USB_DEVICE/App/usb_device.o
 .debug_ranges  0x0000000000001118       0x38 ./USB_DEVICE/App/usbd_cdc_if.o
 .debug_ranges  0x0000000000001150       0x50 ./USB_DEVICE/App/usbd_desc.o
 .debug_ranges  0x00000000000011a0      0x100 ./USB_DEVICE/Target/usbd_conf.o

.debug_macro    0x0000000000000000    0x1996a
 .debug_macro   0x0000000000000000      0x1fc ./Core/Src/EXITinti.o
 .debug_macro   0x00000000000001fc      0xa78 ./Core/Src/EXITinti.o
 .debug_macro   0x0000000000000c74       0x2e ./Core/Src/EXITinti.o
 .debug_macro   0x0000000000000ca2       0x28 ./Core/Src/EXITinti.o
 .debug_macro   0x0000000000000cca       0x22 ./Core/Src/EXITinti.o
 .debug_macro   0x0000000000000cec       0x8e ./Core/Src/EXITinti.o
 .debug_macro   0x0000000000000d7a       0x51 ./Core/Src/EXITinti.o
 .debug_macro   0x0000000000000dcb      0x103 ./Core/Src/EXITinti.o
 .debug_macro   0x0000000000000ece       0x6a ./Core/Src/EXITinti.o
 .debug_macro   0x0000000000000f38      0x1df ./Core/Src/EXITinti.o
 .debug_macro   0x0000000000001117       0x1c ./Core/Src/EXITinti.o
 .debug_macro   0x0000000000001133       0x22 ./Core/Src/EXITinti.o
 .debug_macro   0x0000000000001155       0xd9 ./Core/Src/EXITinti.o
 .debug_macro   0x000000000000122e     0x102d ./Core/Src/EXITinti.o
 .debug_macro   0x000000000000225b      0x11f ./Core/Src/EXITinti.o
 .debug_macro   0x000000000000237a     0xb953 ./Core/Src/EXITinti.o
 .debug_macro   0x000000000000dccd       0x6d ./Core/Src/EXITinti.o
 .debug_macro   0x000000000000dd3a      0x2a1 ./Core/Src/EXITinti.o
 .debug_macro   0x000000000000dfdb     0x367e ./Core/Src/EXITinti.o
 .debug_macro   0x0000000000011659      0x174 ./Core/Src/EXITinti.o
 .debug_macro   0x00000000000117cd       0x5c ./Core/Src/EXITinti.o
 .debug_macro   0x0000000000011829      0x447 ./Core/Src/EXITinti.o
 .debug_macro   0x0000000000011c70      0x9fe ./Core/Src/EXITinti.o
 .debug_macro   0x000000000001266e      0x115 ./Core/Src/EXITinti.o
 .debug_macro   0x0000000000012783      0x11b ./Core/Src/EXITinti.o
 .debug_macro   0x000000000001289e       0xa5 ./Core/Src/EXITinti.o
 .debug_macro   0x0000000000012943      0x15f ./Core/Src/EXITinti.o
 .debug_macro   0x0000000000012aa2      0x287 ./Core/Src/EXITinti.o
 .debug_macro   0x0000000000012d29       0x5f ./Core/Src/EXITinti.o
 .debug_macro   0x0000000000012d88      0x236 ./Core/Src/EXITinti.o
 .debug_macro   0x0000000000012fbe      0x132 ./Core/Src/EXITinti.o
 .debug_macro   0x00000000000130f0      0x264 ./Core/Src/EXITinti.o
 .debug_macro   0x0000000000013354       0x2e ./Core/Src/EXITinti.o
 .debug_macro   0x0000000000013382      0x11a ./Core/Src/EXITinti.o
 .debug_macro   0x000000000001349c       0x85 ./Core/Src/EXITinti.o
 .debug_macro   0x0000000000013521       0x89 ./Core/Src/EXITinti.o
 .debug_macro   0x00000000000135aa      0x8e6 ./Core/Src/EXITinti.o
 .debug_macro   0x0000000000013e90       0x47 ./Core/Src/EXITinti.o
 .debug_macro   0x0000000000013ed7      0x295 ./Core/Src/EXITinti.o
 .debug_macro   0x000000000001416c      0x248 ./Core/Src/EXITinti.o
 .debug_macro   0x00000000000143b4       0xba ./Core/Src/EXITinti.o
 .debug_macro   0x000000000001446e      0x126 ./Core/Src/EXITinti.o
 .debug_macro   0x0000000000014594      0x454 ./Core/Src/main.o
 .debug_macro   0x00000000000149e8       0x52 ./Core/Src/main.o
 .debug_macro   0x0000000000014a3a       0x1e ./Core/Src/main.o
 .debug_macro   0x0000000000014a58       0x3c ./Core/Src/main.o
 .debug_macro   0x0000000000014a94       0x34 ./Core/Src/main.o
 .debug_macro   0x0000000000014ac8       0x16 ./Core/Src/main.o
 .debug_macro   0x0000000000014ade       0x35 ./Core/Src/main.o
 .debug_macro   0x0000000000014b13      0x341 ./Core/Src/main.o
 .debug_macro   0x0000000000014e54       0x10 ./Core/Src/main.o
 .debug_macro   0x0000000000014e64       0x16 ./Core/Src/main.o
 .debug_macro   0x0000000000014e7a       0x43 ./Core/Src/main.o
 .debug_macro   0x0000000000014ebd       0x34 ./Core/Src/main.o
 .debug_macro   0x0000000000014ef1       0x10 ./Core/Src/main.o
 .debug_macro   0x0000000000014f01       0x58 ./Core/Src/main.o
 .debug_macro   0x0000000000014f59       0x71 ./Core/Src/main.o
 .debug_macro   0x0000000000014fca       0x1c ./Core/Src/main.o
 .debug_macro   0x0000000000014fe6      0x12a ./Core/Src/main.o
 .debug_macro   0x0000000000015110       0x10 ./Core/Src/main.o
 .debug_macro   0x0000000000015120       0x1c ./Core/Src/main.o
 .debug_macro   0x000000000001513c       0x52 ./Core/Src/main.o
 .debug_macro   0x000000000001518e       0x22 ./Core/Src/main.o
 .debug_macro   0x00000000000151b0       0x10 ./Core/Src/main.o
 .debug_macro   0x00000000000151c0       0x52 ./Core/Src/main.o
 .debug_macro   0x0000000000015212       0xd5 ./Core/Src/main.o
 .debug_macro   0x00000000000152e7       0x1c ./Core/Src/main.o
 .debug_macro   0x0000000000015303       0x3d ./Core/Src/main.o
 .debug_macro   0x0000000000015340       0x16 ./Core/Src/main.o
 .debug_macro   0x0000000000015356      0x145 ./Core/Src/main.o
 .debug_macro   0x000000000001549b       0x16 ./Core/Src/main.o
 .debug_macro   0x00000000000154b1       0x16 ./Core/Src/main.o
 .debug_macro   0x00000000000154c7       0x29 ./Core/Src/main.o
 .debug_macro   0x00000000000154f0       0x16 ./Core/Src/main.o
 .debug_macro   0x0000000000015506       0x20 ./Core/Src/main.o
 .debug_macro   0x0000000000015526       0x65 ./Core/Src/main.o
 .debug_macro   0x000000000001558b      0x20f ./Core/Src/main.o
 .debug_macro   0x000000000001579a       0x95 ./Core/Src/main.o
 .debug_macro   0x000000000001582f       0x10 ./Core/Src/main.o
 .debug_macro   0x000000000001583f      0x201 ./Core/Src/stm32f4xx_hal_msp.o
 .debug_macro   0x0000000000015a40      0x20b ./Core/Src/stm32f4xx_it.o
 .debug_macro   0x0000000000015c4b      0x1f2 ./Core/Src/system_stm32f4xx.o
 .debug_macro   0x0000000000015e3d      0x252 ./Drivers/STM32F4xx_HAL_Driver/Src/stm32f4xx_hal.o
 .debug_macro   0x000000000001608f      0x1f2 ./Drivers/STM32F4xx_HAL_Driver/Src/stm32f4xx_hal_cortex.o
 .debug_macro   0x0000000000016281      0x1f8 ./Drivers/STM32F4xx_HAL_Driver/Src/stm32f4xx_hal_dma.o
 .debug_macro   0x0000000000016479      0x1f8 ./Drivers/STM32F4xx_HAL_Driver/Src/stm32f4xx_hal_gpio.o
 .debug_macro   0x0000000000016671      0x1fe ./Drivers/STM32F4xx_HAL_Driver/Src/stm32f4xx_hal_pcd.o
 .debug_macro   0x000000000001686f      0x1f2 ./Drivers/STM32F4xx_HAL_Driver/Src/stm32f4xx_hal_pcd_ex.o
 .debug_macro   0x0000000000016a61      0x216 ./Drivers/STM32F4xx_HAL_Driver/Src/stm32f4xx_hal_rcc.o
 .debug_macro   0x0000000000016c77      0x1f3 ./Drivers/STM32F4xx_HAL_Driver/Src/stm32f4xx_hal_tim.o
 .debug_macro   0x0000000000016e6a      0x1f2 ./Drivers/STM32F4xx_HAL_Driver/Src/stm32f4xx_hal_tim_ex.o
 .debug_macro   0x000000000001705c      0x1f3 ./Drivers/STM32F4xx_HAL_Driver/Src/stm32f4xx_hal_uart.o
 .debug_macro   0x000000000001724f      0x1f2 ./Drivers/STM32F4xx_HAL_Driver/Src/stm32f4xx_ll_usb.o
 .debug_macro   0x0000000000017441      0x417 ./Middlewares/ST/STM32_USB_Device_Library/Class/CDC/Src/usbd_cdc.o
 .debug_macro   0x0000000000017858       0x97 ./Middlewares/ST/STM32_USB_Device_Library/Class/CDC/Src/usbd_cdc.o
 .debug_macro   0x00000000000178ef       0xfd ./Middlewares/ST/STM32_USB_Device_Library/Class/CDC/Src/usbd_cdc.o
 .debug_macro   0x00000000000179ec       0x56 ./Middlewares/ST/STM32_USB_Device_Library/Class/CDC/Src/usbd_cdc.o
 .debug_macro   0x0000000000017a42      0x3fe ./Middlewares/ST/STM32_USB_Device_Library/Core/Src/usbd_core.o
 .debug_macro   0x0000000000017e40      0x215 ./Middlewares/ST/STM32_USB_Device_Library/Core/Src/usbd_core.o
 .debug_macro   0x0000000000018055      0x408 ./Middlewares/ST/STM32_USB_Device_Library/Core/Src/usbd_ctlreq.o
 .debug_macro   0x000000000001845d      0x404 ./Middlewares/ST/STM32_USB_Device_Library/Core/Src/usbd_ioreq.o
 .debug_macro   0x0000000000018861      0x437 ./USB_DEVICE/App/usb_device.o
 .debug_macro   0x0000000000018c98       0x22 ./USB_DEVICE/App/usb_device.o
 .debug_macro   0x0000000000018cba       0x16 ./USB_DEVICE/App/usb_device.o
 .debug_macro   0x0000000000018cd0      0x422 ./USB_DEVICE/App/usbd_cdc_if.o
 .debug_macro   0x00000000000190f2      0x441 ./USB_DEVICE/App/usbd_desc.o
 .debug_macro   0x0000000000019533       0x1c ./USB_DEVICE/App/usbd_desc.o
 .debug_macro   0x000000000001954f      0x41b ./USB_DEVICE/Target/usbd_conf.o

.debug_line     0x0000000000000000    0x1869f
 .debug_line    0x0000000000000000      0x76c ./Core/Src/EXITinti.o
 .debug_line    0x000000000000076c      0xea1 ./Core/Src/main.o
 .debug_line    0x000000000000160d      0x819 ./Core/Src/stm32f4xx_hal_msp.o
 .debug_line    0x0000000000001e26      0x85d ./Core/Src/stm32f4xx_it.o
 .debug_line    0x0000000000002683      0x78c ./Core/Src/system_stm32f4xx.o
 .debug_line    0x0000000000002e0f       0x88 ./Core/Startup/startup_stm32f411ceux.o
 .debug_line    0x0000000000002e97      0x9f2 ./Drivers/STM32F4xx_HAL_Driver/Src/stm32f4xx_hal.o
 .debug_line    0x0000000000003889      0xca1 ./Drivers/STM32F4xx_HAL_Driver/Src/stm32f4xx_hal_cortex.o