Archive member included to satisfy reference by file (symbol)

c:/st/stm32cubeide_1.11.0/stm32cubeide/plugins/com.st.stm32cube.ide.mcu.externaltools.gnu-tools-for-stm32.10.3-2021.10.win32_1.0.100.202210260954/tools/bin/../lib/gcc/arm-none-eabi/10.3.1/../../../../arm-none-eabi/lib/thumb/v7e-m+fp/hard\libc_nano.a(lib_a-atoi.o)
                              ./Core/Src/GNSSprocess.o (atoi)
c:/st/stm32cubeide_1.11.0/stm32cubeide/plugins/com.st.stm32cube.ide.mcu.externaltools.gnu-tools-for-stm32.10.3-2021.10.win32_1.0.100.202210260954/tools/bin/../lib/gcc/arm-none-eabi/10.3.1/../../../../arm-none-eabi/lib/thumb/v7e-m+fp/hard\libc_nano.a(lib_a-errno.o)
                              ./Core/Src/syscalls.o (__errno)
c:/st/stm32cubeide_1.11.0/stm32cubeide/plugins/com.st.stm32cube.ide.mcu.externaltools.gnu-tools-for-stm32.10.3-2021.10.win32_1.0.100.202210260954/tools/bin/../lib/gcc/arm-none-eabi/10.3.1/../../../../arm-none-eabi/lib/thumb/v7e-m+fp/hard\libc_nano.a(lib_a-exit.o)
                              c:/st/stm32cubeide_1.11.0/stm32cubeide/plugins/com.st.stm32cube.ide.mcu.externaltools.gnu-tools-for-stm32.10.3-2021.10.win32_1.0.100.202210260954/tools/bin/../lib/gcc/arm-none-eabi/10.3.1/../../../../arm-none-eabi/lib/thumb/v7e-m+fp/hard/crt0.o (exit)
c:/st/stm32cubeide_1.11.0/stm32cubeide/plugins/com.st.stm32cube.ide.mcu.externaltools.gnu-tools-for-stm32.10.3-2021.10.win32_1.0.100.202210260954/tools/bin/../lib/gcc/arm-none-eabi/10.3.1/../../../../arm-none-eabi/lib/thumb/v7e-m+fp/hard\libc_nano.a(lib_a-impure.o)
                              c:/st/stm32cubeide_1.11.0/stm32cubeide/plugins/com.st.stm32cube.ide.mcu.externaltools.gnu-tools-for-stm32.10.3-2021.10.win32_1.0.100.202210260954/tools/bin/../lib/gcc/arm-none-eabi/10.3.1/../../../../arm-none-eabi/lib/thumb/v7e-m+fp/hard\libc_nano.a(lib_a-exit.o) (_global_impure_ptr)
c:/st/stm32cubeide_1.11.0/stm32cubeide/plugins/com.st.stm32cube.ide.mcu.externaltools.gnu-tools-for-stm32.10.3-2021.10.win32_1.0.100.202210260954/tools/bin/../lib/gcc/arm-none-eabi/10.3.1/../../../../arm-none-eabi/lib/thumb/v7e-m+fp/hard\libc_nano.a(lib_a-init.o)
                              c:/st/stm32cubeide_1.11.0/stm32cubeide/plugins/com.st.stm32cube.ide.mcu.externaltools.gnu-tools-for-stm32.10.3-2021.10.win32_1.0.100.202210260954/tools/bin/../lib/gcc/arm-none-eabi/10.3.1/../../../../arm-none-eabi/lib/thumb/v7e-m+fp/hard/crt0.o (__libc_init_array)
c:/st/stm32cubeide_1.11.0/stm32cubeide/plugins/com.st.stm32cube.ide.mcu.externaltools.gnu-tools-for-stm32.10.3-2021.10.win32_1.0.100.202210260954/tools/bin/../lib/gcc/arm-none-eabi/10.3.1/../../../../arm-none-eabi/lib/thumb/v7e-m+fp/hard\libc_nano.a(lib_a-memcpy-stub.o)
                              ./Core/Src/GNSSprocess.o (memcpy)
c:/st/stm32cubeide_1.11.0/stm32cubeide/plugins/com.st.stm32cube.ide.mcu.externaltools.gnu-tools-for-stm32.10.3-2021.10.win32_1.0.100.202210260954/tools/bin/../lib/gcc/arm-none-eabi/10.3.1/../../../../arm-none-eabi/lib/thumb/v7e-m+fp/hard\libc_nano.a(lib_a-memset.o)
                              c:/st/stm32cubeide_1.11.0/stm32cubeide/plugins/com.st.stm32cube.ide.mcu.externaltools.gnu-tools-for-stm32.10.3-2021.10.win32_1.0.100.202210260954/tools/bin/../lib/gcc/arm-none-eabi/10.3.1/../../../../arm-none-eabi/lib/thumb/v7e-m+fp/hard/crt0.o (memset)
c:/st/stm32cubeide_1.11.0/stm32cubeide/plugins/com.st.stm32cube.ide.mcu.externaltools.gnu-tools-for-stm32.10.3-2021.10.win32_1.0.100.202210260954/tools/bin/../lib/gcc/arm-none-eabi/10.3.1/../../../../arm-none-eabi/lib/thumb/v7e-m+fp/hard\libc_nano.a(lib_a-sprintf.o)
                              ./Core/Src/GNSSprocess.o (sprintf)
c:/st/stm32cubeide_1.11.0/stm32cubeide/plugins/com.st.stm32cube.ide.mcu.externaltools.gnu-tools-for-stm32.10.3-2021.10.win32_1.0.100.202210260954/tools/bin/../lib/gcc/arm-none-eabi/10.3.1/../../../../arm-none-eabi/lib/thumb/v7e-m+fp/hard\libc_nano.a(lib_a-strchr.o)
                              ./Core/Src/msgProcess.o (strchr)
c:/st/stm32cubeide_1.11.0/stm32cubeide/plugins/com.st.stm32cube.ide.mcu.externaltools.gnu-tools-for-stm32.10.3-2021.10.win32_1.0.100.202210260954/tools/bin/../lib/gcc/arm-none-eabi/10.3.1/../../../../arm-none-eabi/lib/thumb/v7e-m+fp/hard\libc_nano.a(lib_a-strlen.o)
                              ./Core/Src/initernet.o (strlen)
c:/st/stm32cubeide_1.11.0/stm32cubeide/plugins/com.st.stm32cube.ide.mcu.externaltools.gnu-tools-for-stm32.10.3-2021.10.win32_1.0.100.202210260954/tools/bin/../lib/gcc/arm-none-eabi/10.3.1/../../../../arm-none-eabi/lib/thumb/v7e-m+fp/hard\libc_nano.a(lib_a-strncpy.o)
                              ./Core/Src/msgProcess.o (strncpy)
c:/st/stm32cubeide_1.11.0/stm32cubeide/plugins/com.st.stm32cube.ide.mcu.externaltools.gnu-tools-for-stm32.10.3-2021.10.win32_1.0.100.202210260954/tools/bin/../lib/gcc/arm-none-eabi/10.3.1/../../../../arm-none-eabi/lib/thumb/v7e-m+fp/hard\libc_nano.a(lib_a-strtol.o)
[...]
Memory Configuration

Name             Origin             Length             Attributes
RAM              0x0000000020000000 0x0000000000020000 xrw
FLASH            0x0000000008000000 0x0000000000080000 xr
*default*        0x0000000000000000 0xffffffffffffffff

Linker script and memory map

LOAD c:/st/stm32cubeide_1.11.0/stm32cubeide/plugins/com.st.stm32cube.ide.mcu.externaltools.gnu-tools-for-stm32.10.3-2021.10.win32_1.0.100.202210260954/tools/bin/../lib/gcc/arm-none-eabi/10.3.1/thumb/v7e-m+fp/hard/crti.o
LOAD c:/st/stm32cubeide_1.11.0/stm32cubeide/plugins/com.st.stm32cube.ide.mcu.externaltools.gnu-tools-for-stm32.10.3-2021.10.win32_1.0.100.202210260954/tools/bin/../lib/gcc/arm-none-eabi/10.3.1/thumb/v7e-m+fp/hard/crtbegin.o
LOAD c:/st/stm32cubeide_1.11.0/stm32cubeide/plugins/com.st.stm32cube.ide.mcu.externaltools.gnu-tools-for-stm32.10.3-2021.10.win32_1.0.100.202210260954/tools/bin/../lib/gcc/arm-none-eabi/10.3.1/../../../../arm-none-eabi/lib/thumb/v7e-m+fp/hard/crt0.o
LOAD ./Core/Src/EXITinti.o
LOAD ./Core/Src/GNSSprocess.o
LOAD ./Core/Src/LTEdriver.o
LOAD ./Core/Src/initernet.o
LOAD ./Core/Src/main.o
LOAD ./Core/Src/msgProcess.o
LOAD ./Core/Src/stm32f4xx_hal_msp.o
LOAD ./Core/Src/stm32f4xx_it.o
LOAD ./Core/Src/syscalls.o
LOAD ./Core/Src/sysmem.o
LOAD ./Core/Src/system_stm32f4xx.o
LOAD ./Core/Startup/startup_stm32f411ceux.o
LOAD ./Drivers/STM32F4xx_HAL_Driver/Src/stm32f4xx_hal.o
LOAD ./Drivers/STM32F4xx_HAL_Driver/Src/stm32f4xx_hal_cortex.o
LOAD ./Drivers/STM32F4xx_HAL_Driver/Src/stm32f4xx_hal_dma.o
LOAD ./Drivers/STM32F4xx_HAL_Driver/Src/stm32f4xx_hal_dma_ex.o
LOAD ./Drivers/STM32F4xx_HAL_Driver/Src/stm32f4xx_hal_exti.o
LOAD ./Drivers/STM32F4xx_HAL_Driver/Src/stm32f4xx_hal_flash.o
LOAD ./Drivers/STM32F4xx_HAL_Driver/Src/stm32f4xx_hal_flash_ex.o
LOAD ./Drivers/STM32F4xx_HAL_Driver/Src/stm32f4xx_hal_flash_ramfunc.o
LOAD ./Drivers/STM32F4xx_HAL_Driver/Src/stm32f4xx_hal_gpio.o
LOAD ./Drivers/STM32F4xx_HAL_Driver/Src/stm32f4xx_hal_pcd.o
LOAD ./Drivers/STM32F4xx_HAL_Driver/Src/stm32f4xx_hal_pcd_ex.o
LOAD ./Drivers/STM32F4xx_HAL_Driver/Src/stm32f4xx_hal_pwr.o
LOAD ./Drivers/STM32F4xx_HAL_Driver/Src/stm32f4xx_hal_pwr_ex.o
LOAD ./Drivers/STM32F4xx_HAL_Driver/Src/stm32f4xx_hal_rcc.o
LOAD ./Drivers/STM32F4xx_HAL_Driver/Src/stm32f4xx_hal_rcc_ex.o
LOAD ./Drivers/STM32F4xx_HAL_Driver/Src/stm32f4xx_hal_tim.o
LOAD ./Drivers/STM32F4xx_HAL_Driver/Src/stm32f4xx_hal_tim_ex.o
LOAD ./Drivers/STM32F4xx_HAL_Driver/Src/stm32f4xx_hal_uart.o
LOAD ./Drivers/STM32F4xx_HAL_Driver/Src/stm32f4xx_ll_usb.o
LOAD ./Middlewares/ST/STM32_USB_Device_Library/Class/CDC/Src/usbd_cdc.o
LOAD ./Middlewares/ST/STM32_USB_Device_Library/Core/Src/usbd_core.o
LOAD ./Middlewares/ST/STM32_USB_Device_Library/Core/Src/usbd_ctlreq.o
LOAD ./Middlewares/ST/STM32_USB_Device_Library/Core/Src/usbd_ioreq.o
LOAD ./USB_DEVICE/App/usb_device.o
LOAD ./USB_DEVICE/App/usbd_cdc_if.o
LOAD ./USB_DEVICE/App/usbd_desc.o
LOAD ./USB_DEVICE/Target/usbd_conf.o
START GROUP
LOAD c:/st/stm32cubeide_1.11.0/stm32cubeide/plugins/com.st.stm32cube.ide.mcu.externaltools.gnu-tools-for-stm32.10.3-2021.10.win32_1.0.100.202210260954/tools/bin/../lib/gcc/arm-none-eabi/10.3.1/../../../../arm-none-eabi/lib/thumb/v7e-m+fp/hard\libc_nano.a
LOAD c:/st/stm32cubeide_1.11.0/stm32cubeide/plugins/com.st.stm32cube.ide.mcu.externaltools.gnu-tools-for-stm32.10.3-2021.10.win32_1.0.100.202210260954/tools/bin/../lib/gcc/arm-none-eabi/10.3.1/../../../../arm-none-eabi/lib/thumb/v7e-m+fp/hard\libm.a
END GROUP
START GROUP
LOAD c:/st/stm32cubeide_1.11.0/stm32cubeide/plugins/com.st.stm32cube.ide.mcu.externaltools.gnu-tools-for-stm32.10.3-2021.10.win32_1.0.100.202210260954/tools/bin/../lib/gcc/arm-none-eabi/10.3.1/thumb/v7e-m+fp/hard\libgcc.a
LOAD c:/st/stm32cubeide_1.11.0/stm32cubeide/plugins/com.st.stm32cube.ide.mcu.externaltools.gnu-tools-for-stm32.10.3-2021.10.win32_1.0.100.202210260954/tools/bin/../lib/gcc/arm-none-eabi/10.3.1/../../../../arm-none-eabi/lib/thumb/v7e-m+fp/hard\libc_nano.a
END GROUP
START GROUP
LOAD c:/st/stm32cubeide_1.11.0/stm32cubeide/plugins/com.st.stm32cube.ide.mcu.externaltools.gnu-tools-for-stm32.10.3-2021.10.win32_1.0.100.202210260954/tools/bin/../lib/gcc/arm-none-eabi/10.3.1/thumb/v7e-m+fp/hard\libgcc.a
LOAD c:/st/stm32cubeide_1.11.0/stm32cubeide/plugins/com.st.stm32cube.ide.mcu.externaltools.gnu-tools-for-stm32.10.3-2021.10.win32_1.0.100.202210260954/tools/bin/../lib/gcc/arm-none-eabi/10.3.1/../../../../arm-none-eabi/lib/thumb/v7e-m+fp/hard\libc_nano.a
LOAD c:/st/stm32cubeide_1.11.0/stm32cubeide/plugins/com.st.stm32cube.ide.mcu.externaltools.gnu-tools-for-stm32.10.3-2021.10.win32_1.0.100.202210260954/tools/bin/../lib/gcc/arm-none-eabi/10.3.1/../../../../arm-none-eabi/lib/thumb/v7e-m+fp/hard\libnosys.a
END GROUP
START GROUP
LOAD c:/st/stm32cubeide_1.11.0/stm32cubeide/plugins/com.st.stm32cube.ide.mcu.externaltools.gnu-tools-for-stm32.10.3-2021.10.win32_1.0.100.202210260954/tools/bin/../lib/gcc/arm-none-eabi/10.3.1/thumb/v7e-m+fp/hard\libgcc.a
LOAD c:/st/stm32cubeide_1.11.0/stm32cubeide/plugins/com.st.stm32cube.ide.mcu.externaltools.gnu-tools-for-stm32.10.3-2021.10.win32_1.0.100.202210260954/tools/bin/../lib/gcc/arm-none-eabi/10.3.1/../../../../arm-none-eabi/lib/thumb/v7e-m+fp/hard\libc_nano.a
LOAD c:/st/stm32cubeide_1.11.0/stm32cubeide/plugins/com.st.stm32cube.ide.mcu.externaltools.gnu-tools-for-stm32.10.3-2021.10.win32_1.0.100.202210260954/tools/bin/../lib/gcc/arm-none-eabi/10.3.1/../../../../arm-none-eabi/lib/thumb/v7e-m+fp/hard\libnosys.a
END GROUP
LOAD c:/st/stm32cubeide_1.11.0/stm32cubeide/plugins/com.st.stm32cube.ide.mcu.externaltools.gnu-tools-for-stm32.10.3-2021.10.win32_1.0.100.202210260954/tools/bin/../lib/gcc/arm-none-eabi/10.3.1/thumb/v7e-m+fp/hard/crtend.o
LOAD c:/st/stm32cubeide_1.11.0/stm32cubeide/plugins/com.st.stm32cube.ide.mcu.externaltools.gnu-tools-for-stm32.10.3-2021.10.win32_1.0.100.202210260954/tools/bin/../lib/gcc/arm-none-eabi/10.3.1/thumb/v7e-m+fp/hard/crtn.o
                0x0000000020020000                _estack = (ORIGIN (RAM) + LENGTH (RAM))
                0x0000000000000200                _Min_Heap_Size = 0x200
                0x0000000000000400                _Min_Stack_Size = 0x400

.isr_vector     0x0000000008000000      0x198
                0x0000000008000000                . = ALIGN (0x4)
 *(.isr_vector)
 .isr_vector    0x0000000008000000      0x198 ./Core/Startup/startup_stm32f411ceux.o
                0x0000000008000000                g_pfnVectors
                0x0000000008000198                . = ALIGN (0x4)

.text           0x00000000080001a0     0xb534
                0x00000000080001a0                . = ALIGN (0x4)
 *(.text)
 .text          0x00000000080001a0       0x40 c:/st/stm32cubeide_1.11.0/stm32cubeide/plugins/com.st.stm32cube.ide.mcu.externaltools.gnu-tools-for-stm32.10.3-2021.10.win32_1.0.100.202210260954/tools/bin/../lib/gcc/arm-none-eabi/10.3.1/thumb/v7e-m+fp/hard/crtbegin.o
 .text          0x00000000080001e0       0x10 c:/st/stm32cubeide_1.11.0/stm32cubeide/plugins/com.st.stm32cube.ide.mcu.externaltools.gnu-tools-for-stm32.10.3-2021.10.win32_1.0.100.202210260954/tools/bin/../lib/gcc/arm-none-eabi/10.3.1/../../../../arm-none-eabi/lib/thumb/v7e-m+fp/hard\libc_nano.a(lib_a-strlen.o)
                0x00000000080001e0                strlen
 .text          0x00000000080001f0       0xa0 c:/st/stm32cubeide_1.11.0/stm32cubeide/plugins/com.st.stm32cube.ide.mcu.externaltools.gnu-tools-for-stm32.10.3-2021.10.win32_1.0.100.202210260954/tools/bin/../lib/gcc/arm-none-eabi/10.3.1/../../../../arm-none-eabi/lib/thumb/v7e-m+fp/hard\libc_nano.a(lib_a-memchr.o)
                0x00000000080001f0                memchr
 .text          0x0000000008000290       0x30 c:/st/stm32cubeide_1.11.0/stm32cubeide/plugins/com.st.stm32cube.ide.mcu.externaltools.gnu-tools-for-stm32.10.3-2021.10.win32_1.0.100.202210260954/tools/bin/../lib/gcc/arm-none-eabi/10.3.1/thumb/v7e-m+fp/hard\libgcc.a(_aeabi_uldivmod.o)
                0x0000000008000290                __aeabi_uldivmod
 .text          0x00000000080002c0      0x2d0 c:/st/stm32cubeide_1.11.0/stm32cubeide/plugins/com.st.stm32cube.ide.mcu.externaltools.gnu-tools-for-stm32.10.3-2021.10.win32_1.0.100.202210260954/tools/bin/../lib/gcc/arm-none-eabi/10.3.1/thumb/v7e-m+fp/hard\libgcc.a(_udivmoddi4.o)
                0x00000000080002c0                __udivmoddi4
 .text          0x0000000008000590        0x4 c:/st/stm32cubeide_1.11.0/stm32cubeide/plugins/com.st.stm32cube.ide.mcu.externaltools.gnu-tools-for-stm32.10.3-2021.10.win32_1.0.100.202210260954/tools/bin/../lib/gcc/arm-none-eabi/10.3.1/thumb/v7e-m+fp/hard\libgcc.a(_dvmd_tls.o)
                0x0000000008000590                __aeabi_idiv0
                0x0000000008000590                __aeabi_ldiv0
 *(.text*)
 .text.__NVIC_EnableIRQ
                0x0000000008000594       0x3c ./Core/Src/EXITinti.o
 .text.initEXIT
                0x00000000080005d0       0x8c ./Core/Src/EXITinti.o
                0x00000000080005d0                initEXIT
 .text.EXTI3_IRQHandler
                0x000000000800065c       0x34 ./Core/Src/EXITinti.o
                0x000000000800065c                EXTI3_IRQHandler
 .text.callGNSS
                0x0000000008000690      0x148 ./Core/Src/GNSSprocess.o
                0x0000000008000690                callGNSS
 .text.clearText_Temp
                0x00000000080007d8       0x18 ./Core/Src/LTEdriver.o
                0x00000000080007d8                clearText_Temp
 .text.clearLTE_Temp
                0x00000000080007f0       0x18 ./Core/Src/LTEdriver.o
                0x00000000080007f0                clearLTE_Temp
 .text.initLTE  0x0000000008000808      0x1bc ./Core/Src/LTEdriver.o
                0x0000000008000808                initLTE
 .text.SHUTDOWN_LTE
                0x00000000080009c4       0x80 ./Core/Src/LTEdriver.o
                0x00000000080009c4                SHUTDOWN_LTE
 .text.clearText_net_Temp
                0x0000000008000a44       0x18 ./Core/Src/initernet.o
                0x0000000008000a44                clearText_net_Temp
 .text.addZero  0x0000000008000a5c       0x44 ./Core/Src/initernet.o
                0x0000000008000a5c                addZero
 .text.AckInternet
                0x0000000008000aa0      0x188 ./Core/Src/initernet.o
                0x0000000008000aa0                AckInternet
 .text.httpSend
                0x0000000008000c28      0x1bc ./Core/Src/initernet.o
                0x0000000008000c28                httpSend
 .text.main     0x0000000008000de4      0x630 ./Core/Src/main.o
                0x0000000008000de4                main
 .text.sysValinit
                0x0000000008001414       0x48 ./Core/Src/main.o
                0x0000000008001414                sysValinit
 .text.sensorValInit
                0x000000000800145c       0x64 ./Core/Src/main.o
                0x000000000800145c                sensorValInit
 .text.SerialDebug
                0x00000000080014c0       0x2c ./Core/Src/main.o
                0x00000000080014c0                SerialDebug
 .text.SendData_RS485
                0x00000000080014ec       0x28 ./Core/Src/main.o
                0x00000000080014ec                SendData_RS485
 .text.SendCMD_LTE
                0x0000000008001514       0x28 ./Core/Src/main.o
                0x0000000008001514                SendCMD_LTE
 .text.HAL_UARTEx_RxEventCallback
                0x000000000800153c       0xc4 ./Core/Src/main.o
                0x000000000800153c                HAL_UARTEx_RxEventCallback
 .text.findTarget
                0x0000000008001600       0x72 ./Core/Src/main.o
                0x0000000008001600                findTarget
 *fill*         0x0000000008001672        0x2 
 .text.HAL_TIM_PeriodElapsedCallback
                0x0000000008001674       0x34 ./Core/Src/main.o
                0x0000000008001674                HAL_TIM_PeriodElapsedCallback
 .text.SystemClock_Config
                0x00000000080016a8       0xd0 ./Core/Src/main.o
                0x00000000080016a8                SystemClock_Config
 .text.MX_TIM4_Init
                0x0000000008001778       0x9c ./Core/Src/main.o
 .text.MX_USART1_UART_Init
                0x0000000008001814       0x54 ./Core/Src/main.o
 .text.MX_USART2_UART_Init
                0x0000000008001868       0x54 ./Core/Src/main.o
 .text.MX_DMA_Init
                0x00000000080018bc       0x6c ./Core/Src/main.o
 .text.MX_GPIO_Init
                0x0000000008001928       0xd4 ./Core/Src/main.o
 .text.Error_Handler
                0x00000000080019fc        0xa ./Core/Src/main.o
                0x00000000080019fc                Error_Handler
 .text.Delimiter
                0x0000000008001a06      0x15c ./Core/Src/msgProcess.o
                0x0000000008001a06                Delimiter
 *fill*         0x0000000008001b62        0x2 
 .text.NMEACRCCal
                0x0000000008001b64       0xa4 ./Core/Src/msgProcess.o
                0x0000000008001b64                NMEACRCCal
 .text.HAL_MspInit
                0x0000000008001c08       0x50 ./Core/Src/stm32f4xx_hal_msp.o
                0x0000000008001c08                HAL_MspInit
 .text.HAL_TIM_Base_MspInit
                0x0000000008001c58       0x50 ./Core/Src/stm32f4xx_hal_msp.o
                0x0000000008001c58                HAL_TIM_Base_MspInit
 .text.HAL_UART_MspInit
                0x0000000008001ca8      0x1e4 ./Core/Src/stm32f4xx_hal_msp.o
                0x0000000008001ca8                HAL_UART_MspInit
 .text.NMI_Handler
                0x0000000008001e8c        0x6 ./Core/Src/stm32f4xx_it.o
                0x0000000008001e8c                NMI_Handler
 .text.HardFault_Handler
                0x0000000008001e92        0x6 ./Core/Src/stm32f4xx_it.o
                0x0000000008001e92                HardFault_Handler
 .text.MemManage_Handler
                0x0000000008001e98        0x6 ./Core/Src/stm32f4xx_it.o
                0x0000000008001e98                MemManage_Handler
 .text.BusFault_Handler
                0x0000000008001e9e        0x6 ./Core/Src/stm32f4xx_it.o
                0x0000000008001e9e                BusFault_Handler
 .text.UsageFault_Handler
                0x0000000008001ea4        0x6 ./Core/Src/stm32f4xx_it.o
                0x0000000008001ea4                UsageFault_Handler
 .text.SVC_Handler
                0x0000000008001eaa        0xe ./Core/Src/stm32f4xx_it.o
                0x0000000008001eaa                SVC_Handler
 .text.DebugMon_Handler
                0x0000000008001eb8        0xe ./Core/Src/stm32f4xx_it.o
                0x0000000008001eb8                DebugMon_Handler
 .text.PendSV_Handler
                0x0000000008001ec6        0xe ./Core/Src/stm32f4xx_it.o
                0x0000000008001ec6                PendSV_Handler
 .text.SysTick_Handler
                0x0000000008001ed4        0xc ./Core/Src/stm32f4xx_it.o
                0x0000000008001ed4                SysTick_Handler
 .text.DMA1_Stream5_IRQHandler
                0x0000000008001ee0       0x14 ./Core/Src/stm32f4xx_it.o
                0x0000000008001ee0                DMA1_Stream5_IRQHandler
 .text.TIM4_IRQHandler
                0x0000000008001ef4       0x14 ./Core/Src/stm32f4xx_it.o
                0x0000000008001ef4                TIM4_IRQHandler
 .text.USART1_IRQHandler
                0x0000000008001f08       0x14 ./Core/Src/stm32f4xx_it.o
                0x0000000008001f08                USART1_IRQHandler
 .text.USART2_IRQHandler
                0x0000000008001f1c       0x14 ./Core/Src/stm32f4xx_it.o
                0x0000000008001f1c                USART2_IRQHandler
 .text.DMA2_Stream2_IRQHandler
                0x0000000008001f30       0x14 ./Core/Src/stm32f4xx_it.o
                0x0000000008001f30                DMA2_Stream2_IRQHandler
 .text.OTG_FS_IRQHandler
                0x0000000008001f44       0x14 ./Core/Src/stm32f4xx_it.o
                0x0000000008001f44                OTG_FS_IRQHandler
 .text._sbrk    0x0000000008001f58       0x6c ./Core/Src/sysmem.o
                0x0000000008001f58                _sbrk
 .text.SystemInit
                0x0000000008001fc4       0x24 ./Core/Src/system_stm32f4xx.o
                0x0000000008001fc4                SystemInit
 .text.Reset_Handler
                0x0000000008001fe8       0x50 ./Core/Startup/startup_stm32f411ceux.o
                0x0000000008001fe8                Reset_Handler
 .text.Default_Handler
                0x0000000008002038        0x2 ./Core/Startup/startup_stm32f411ceux.o
                0x0000000008002038                RTC_Alarm_IRQHandler
                0x0000000008002038                EXTI2_IRQHandler
                0x0000000008002038                SPI4_IRQHandler
                0x0000000008002038                TIM1_CC_IRQHandler
                0x0000000008002038                DMA2_Stream5_IRQHandler
                0x0000000008002038                PVD_IRQHandler
                0x0000000008002038                SDIO_IRQHandler
                0x0000000008002038                TAMP_STAMP_IRQHandler
                0x0000000008002038                TIM1_UP_TIM10_IRQHandler
                0x0000000008002038                I2C3_ER_IRQHandler
                0x0000000008002038                EXTI0_IRQHandler
                0x0000000008002038                I2C2_EV_IRQHandler
                0x0000000008002038                DMA1_Stream2_IRQHandler
                0x0000000008002038                FPU_IRQHandler
                0x0000000008002038                SPI1_IRQHandler
                0x0000000008002038                TIM1_BRK_TIM9_IRQHandler
                0x0000000008002038                DMA2_Stream3_IRQHandler
                0x0000000008002038                USART6_IRQHandler
                0x0000000008002038                DMA2_Stream0_IRQHandler
                0x0000000008002038                I2C1_EV_IRQHandler
                0x0000000008002038                DMA1_Stream6_IRQHandler
                0x0000000008002038                DMA1_Stream1_IRQHandler
                0x0000000008002038                TIM3_IRQHandler
                0x0000000008002038                RCC_IRQHandler
                0x0000000008002038                Default_Handler
                0x0000000008002038                EXTI15_10_IRQHandler
                0x0000000008002038                ADC_IRQHandler
                0x0000000008002038                DMA1_Stream7_IRQHandler
                0x0000000008002038                SPI5_IRQHandler
                0x0000000008002038                TIM5_IRQHandler
                0x0000000008002038                DMA2_Stream7_IRQHandler
                0x0000000008002038                I2C3_EV_IRQHandler
                0x0000000008002038                EXTI9_5_IRQHandler
                0x0000000008002038                RTC_WKUP_IRQHandler
                0x0000000008002038                SPI2_IRQHandler
                0x0000000008002038                DMA1_Stream0_IRQHandler
                0x0000000008002038                EXTI4_IRQHandler
                0x0000000008002038                WWDG_IRQHandler
                0x0000000008002038                TIM2_IRQHandler
                0x0000000008002038                OTG_FS_WKUP_IRQHandler
                0x0000000008002038                TIM1_TRG_COM_TIM11_IRQHandler
                0x0000000008002038                EXTI1_IRQHandler
                0x0000000008002038                I2C2_ER_IRQHandler
                0x0000000008002038                DMA2_Stream1_IRQHandler
                0x0000000008002038                FLASH_IRQHandler
                0x0000000008002038                DMA2_Stream4_IRQHandler
                0x0000000008002038                SPI3_IRQHandler
                0x0000000008002038                DMA1_Stream4_IRQHandler
                0x0000000008002038                I2C1_ER_IRQHandler
                0x0000000008002038                DMA2_Stream6_IRQHandler
                0x0000000008002038                DMA1_Stream3_IRQHandler
 *fill*         0x000000000800203a        0x2 
 .text.HAL_Init
                0x000000000800203c       0x44 ./Drivers/STM32F4xx_HAL_Driver/Src/stm32f4xx_hal.o
                0x000000000800203c                HAL_Init
 .text.HAL_InitTick
                0x0000000008002080       0x60 ./Drivers/STM32F4xx_HAL_Driver/Src/stm32f4xx_hal.o
                0x0000000008002080                HAL_InitTick
 .text.HAL_IncTick
                0x00000000080020e0       0x28 ./Drivers/STM32F4xx_HAL_Driver/Src/stm32f4xx_hal.o
                0x00000000080020e0                HAL_IncTick
 .text.HAL_GetTick
                0x0000000008002108       0x18 ./Drivers/STM32F4xx_HAL_Driver/Src/stm32f4xx_hal.o
                0x0000000008002108                HAL_GetTick
 .text.HAL_Delay
                0x0000000008002120       0x48 ./Drivers/STM32F4xx_HAL_Driver/Src/stm32f4xx_hal.o
                0x0000000008002120                HAL_Delay
 .text.__NVIC_SetPriorityGrouping
                0x0000000008002168       0x48 ./Drivers/STM32F4xx_HAL_Driver/Src/stm32f4xx_hal_cortex.o
 .text.__NVIC_GetPriorityGrouping
                0x00000000080021b0       0x1c ./Drivers/STM32F4xx_HAL_Driver/Src/stm32f4xx_hal_cortex.o
 .text.__NVIC_EnableIRQ
                0x00000000080021cc       0x3c ./Drivers/STM32F4xx_HAL_Driver/Src/stm32f4xx_hal_cortex.o
 .text.__NVIC_SetPriority
                0x0000000008002208       0x54 ./Drivers/STM32F4xx_HAL_Driver/Src/stm32f4xx_hal_cortex.o
 .text.NVIC_EncodePriority
                0x000000000800225c       0x66 ./Drivers/STM32F4xx_HAL_Driver/Src/stm32f4xx_hal_cortex.o
 *fill*         0x00000000080022c2        0x2 
 .text.__NVIC_SystemReset
                0x00000000080022c4       0x2c ./Drivers/STM32F4xx_HAL_Driver/Src/stm32f4xx_hal_cortex.o
 .text.SysTick_Config
                0x00000000080022f0       0x44 ./Drivers/STM32F4xx_HAL_Driver/Src/stm32f4xx_hal_cortex.o
 .text.HAL_NVIC_SetPriorityGrouping
                0x0000000008002334       0x16 ./Drivers/STM32F4xx_HAL_Driver/Src/stm32f4xx_hal_cortex.o
                0x0000000008002334                HAL_NVIC_SetPriorityGrouping
 .text.HAL_NVIC_SetPriority
                0x000000000800234a       0x38 ./Drivers/STM32F4xx_HAL_Driver/Src/stm32f4xx_hal_cortex.o
                0x000000000800234a                HAL_NVIC_SetPriority
 .text.HAL_NVIC_EnableIRQ
                0x0000000008002382       0x1c ./Drivers/STM32F4xx_HAL_Driver/Src/stm32f4xx_hal_cortex.o
                0x0000000008002382                HAL_NVIC_EnableIRQ
 .text.HAL_NVIC_SystemReset
                0x000000000800239e        0x8 ./Drivers/STM32F4xx_HAL_Driver/Src/stm32f4xx_hal_cortex.o
                0x000000000800239e                HAL_NVIC_SystemReset
 .text.HAL_SYSTICK_Config
                0x00000000080023a6       0x18 ./Drivers/STM32F4xx_HAL_Driver/Src/stm32f4xx_hal_cortex.o
                0x00000000080023a6                HAL_SYSTICK_Config
 *fill*         0x00000000080023be        0x2 
 .text.HAL_DMA_Init
                0x00000000080023c0      0x15c ./Drivers/STM32F4xx_HAL_Driver/Src/stm32f4xx_hal_dma.o
                0x00000000080023c0                HAL_DMA_Init
 .text.HAL_DMA_Start_IT
                0x000000000800251c       0xb0 ./Drivers/STM32F4xx_HAL_Driver/Src/stm32f4xx_hal_dma.o
                0x000000000800251c                HAL_DMA_Start_IT
 .text.HAL_DMA_Abort
                0x00000000080025cc       0xe0 ./Drivers/STM32F4xx_HAL_Driver/Src/stm32f4xx_hal_dma.o
                0x00000000080025cc                HAL_DMA_Abort
 .text.HAL_DMA_Abort_IT
                0x00000000080026ac       0x44 ./Drivers/STM32F4xx_HAL_Driver/Src/stm32f4xx_hal_dma.o
                0x00000000080026ac                HAL_DMA_Abort_IT
 .text.HAL_DMA_IRQHandler
                0x00000000080026f0      0x314 ./Drivers/STM32F4xx_HAL_Driver/Src/stm32f4xx_hal_dma.o
                0x00000000080026f0                HAL_DMA_IRQHandler
 .text.DMA_SetConfig
                0x0000000008002a04       0x5c ./Drivers/STM32F4xx_HAL_Driver/Src/stm32f4xx_hal_dma.o
 .text.DMA_CalcBaseAndBitshift
                0x0000000008002a60       0x6c ./Drivers/STM32F4xx_HAL_Driver/Src/stm32f4xx_hal_dma.o
 .text.DMA_CheckFifoParam
                0x0000000008002acc       0xf8 ./Drivers/STM32F4xx_HAL_Driver/Src/stm32f4xx_hal_dma.o
 .text.HAL_GPIO_Init
                0x0000000008002bc4      0x308 ./Drivers/STM32F4xx_HAL_Driver/Src/stm32f4xx_hal_gpio.o
                0x0000000008002bc4                HAL_GPIO_Init
 .text.HAL_GPIO_WritePin
                0x0000000008002ecc       0x32 ./Drivers/STM32F4xx_HAL_Driver/Src/stm32f4xx_hal_gpio.o
                0x0000000008002ecc                HAL_GPIO_WritePin
 .text.HAL_GPIO_TogglePin
                0x0000000008002efe       0x34 ./Drivers/STM32F4xx_HAL_Driver/Src/stm32f4xx_hal_gpio.o
                0x0000000008002efe                HAL_GPIO_TogglePin
 .text.HAL_PCD_Init
                0x0000000008002f32      0x23a ./Drivers/STM32F4xx_HAL_Driver/Src/stm32f4xx_hal_pcd.o
                0x0000000008002f32                HAL_PCD_Init
 .text.HAL_PCD_Start
                0x000000000800316c       0x66 ./Drivers/STM32F4xx_HAL_Driver/Src/stm32f4xx_hal_pcd.o
                0x000000000800316c                HAL_PCD_Start
 .text.HAL_PCD_IRQHandler
                0x00000000080031d2      0x93e ./Drivers/STM32F4xx_HAL_Driver/Src/stm32f4xx_hal_pcd.o
                0x00000000080031d2                HAL_PCD_IRQHandler
 .text.HAL_PCD_SetAddress
                0x0000000008003b10       0x4a ./Drivers/STM32F4xx_HAL_Driver/Src/stm32f4xx_hal_pcd.o
                0x0000000008003b10                HAL_PCD_SetAddress
 .text.HAL_PCD_EP_Open
                0x0000000008003b5a       0xd0 ./Drivers/STM32F4xx_HAL_Driver/Src/stm32f4xx_hal_pcd.o
                0x0000000008003b5a                HAL_PCD_EP_Open
 .text.HAL_PCD_EP_Close
                0x0000000008003c2a       0x94 ./Drivers/STM32F4xx_HAL_Driver/Src/stm32f4xx_hal_pcd.o
                0x0000000008003c2a                HAL_PCD_EP_Close
 .text.HAL_PCD_EP_Receive
                0x0000000008003cbe       0x96 ./Drivers/STM32F4xx_HAL_Driver/Src/stm32f4xx_hal_pcd.o
                0x0000000008003cbe                HAL_PCD_EP_Receive
 .text.HAL_PCD_EP_GetRxCount
                0x0000000008003d54       0x30 ./Drivers/STM32F4xx_HAL_Driver/Src/stm32f4xx_hal_pcd.o
                0x0000000008003d54                HAL_PCD_EP_GetRxCount
 .text.HAL_PCD_EP_Transmit
                0x0000000008003d84       0x94 ./Drivers/STM32F4xx_HAL_Driver/Src/stm32f4xx_hal_pcd.o
                0x0000000008003d84                HAL_PCD_EP_Transmit
 .text.HAL_PCD_EP_SetStall
                0x0000000008003e18       0xc8 ./Drivers/STM32F4xx_HAL_Driver/Src/stm32f4xx_hal_pcd.o
                0x0000000008003e18                HAL_PCD_EP_SetStall
 .text.HAL_PCD_EP_ClrStall
                0x0000000008003ee0       0xac ./Drivers/STM32F4xx_HAL_Driver/Src/stm32f4xx_hal_pcd.o
                0x0000000008003ee0                HAL_PCD_EP_ClrStall
 .text.HAL_PCD_EP_Abort
                0x0000000008003f8c       0x62 ./Drivers/STM32F4xx_HAL_Driver/Src/stm32f4xx_hal_pcd.o
                0x0000000008003f8c                HAL_PCD_EP_Abort
 .text.PCD_WriteEmptyTxFifo
                0x0000000008003fee      0x11a ./Drivers/STM32F4xx_HAL_Driver/Src/stm32f4xx_hal_pcd.o
 .text.PCD_EP_OutXfrComplete_int
                0x0000000008004108      0x1d0 ./Drivers/STM32F4xx_HAL_Driver/Src/stm32f4xx_hal_pcd.o
 .text.PCD_EP_OutSetupPacket_int
                0x00000000080042d8       0x8c ./Drivers/STM32F4xx_HAL_Driver/Src/stm32f4xx_hal_pcd.o
 .text.HAL_PCDEx_SetTxFiFo
                0x0000000008004364       0x8e ./Drivers/STM32F4xx_HAL_Driver/Src/stm32f4xx_hal_pcd_ex.o
                0x0000000008004364                HAL_PCDEx_SetTxFiFo
 .text.HAL_PCDEx_SetRxFiFo
                0x00000000080043f2       0x22 ./Drivers/STM32F4xx_HAL_Driver/Src/stm32f4xx_hal_pcd_ex.o
                0x00000000080043f2                HAL_PCDEx_SetRxFiFo
 .text.HAL_PCDEx_LPM_Callback
                0x0000000008004414       0x18 ./Drivers/STM32F4xx_HAL_Driver/Src/stm32f4xx_hal_pcd_ex.o
                0x0000000008004414                HAL_PCDEx_LPM_Callback
 .text.HAL_RCC_OscConfig
                0x000000000800442c      0x4f0 ./Drivers/STM32F4xx_HAL_Driver/Src/stm32f4xx_hal_rcc.o
                0x000000000800442c                HAL_RCC_OscConfig
 .text.HAL_RCC_ClockConfig
                0x000000000800491c      0x1cc ./Drivers/STM32F4xx_HAL_Driver/Src/stm32f4xx_hal_rcc.o
                0x000000000800491c                HAL_RCC_ClockConfig
 .text.HAL_RCC_GetSysClockFreq
                0x0000000008004ae8      0x18c ./Drivers/STM32F4xx_HAL_Driver/Src/stm32f4xx_hal_rcc.o
                0x0000000008004ae8                HAL_RCC_GetSysClockFreq
 .text.HAL_RCC_GetHCLKFreq
                0x0000000008004c74       0x18 ./Drivers/STM32F4xx_HAL_Driver/Src/stm32f4xx_hal_rcc.o
                0x0000000008004c74                HAL_RCC_GetHCLKFreq
 .text.HAL_RCC_GetPCLK1Freq
                0x0000000008004c8c       0x28 ./Drivers/STM32F4xx_HAL_Driver/Src/stm32f4xx_hal_rcc.o
                0x0000000008004c8c                HAL_RCC_GetPCLK1Freq
 .text.HAL_RCC_GetPCLK2Freq
                0x0000000008004cb4       0x28 ./Drivers/STM32F4xx_HAL_Driver/Src/stm32f4xx_hal_rcc.o
                0x0000000008004cb4                HAL_RCC_GetPCLK2Freq
 .text.HAL_TIM_Base_Init
                0x0000000008004cdc       0x9e ./Drivers/STM32F4xx_HAL_Driver/Src/stm32f4xx_hal_tim.o
                0x0000000008004cdc                HAL_TIM_Base_Init
 *fill*         0x0000000008004d7a        0x2 
 .text.HAL_TIM_Base_Start_IT
                0x0000000008004d7c       0xc4 ./Drivers/STM32F4xx_HAL_Driver/Src/stm32f4xx_hal_tim.o
                0x0000000008004d7c                HAL_TIM_Base_Start_IT
 .text.HAL_TIM_IRQHandler
                0x0000000008004e40      0x210 ./Drivers/STM32F4xx_HAL_Driver/Src/stm32f4xx_hal_tim.o
                0x0000000008004e40                HAL_TIM_IRQHandler
 .text.HAL_TIM_ConfigClockSource
                0x0000000008005050      0x18e ./Drivers/STM32F4xx_HAL_Driver/Src/stm32f4xx_hal_tim.o
                0x0000000008005050                HAL_TIM_ConfigClockSource
 .text.HAL_TIM_OC_DelayElapsedCallback
                0x00000000080051de       0x14 ./Drivers/STM32F4xx_HAL_Driver/Src/stm32f4xx_hal_tim.o
                0x00000000080051de                HAL_TIM_OC_DelayElapsedCallback
 .text.HAL_TIM_IC_CaptureCallback
                0x00000000080051f2       0x14 ./Drivers/STM32F4xx_HAL_Driver/Src/stm32f4xx_hal_tim.o
                0x00000000080051f2                HAL_TIM_IC_CaptureCallback
 .text.HAL_TIM_PWM_PulseFinishedCallback
                0x0000000008005206       0x14 ./Drivers/STM32F4xx_HAL_Driver/Src/stm32f4xx_hal_tim.o
                0x0000000008005206                HAL_TIM_PWM_PulseFinishedCallback
 .text.HAL_TIM_TriggerCallback
                0x000000000800521a       0x14 ./Drivers/STM32F4xx_HAL_Driver/Src/stm32f4xx_hal_tim.o
                0x000000000800521a                HAL_TIM_TriggerCallback
 *fill*         0x000000000800522e        0x2 
 .text.TIM_Base_SetConfig
                0x0000000008005230      0x100 ./Drivers/STM32F4xx_HAL_Driver/Src/stm32f4xx_hal_tim.o
                0x0000000008005230                TIM_Base_SetConfig
 .text.TIM_TI1_ConfigInputStage
                0x0000000008005330       0x5e ./Drivers/STM32F4xx_HAL_Driver/Src/stm32f4xx_hal_tim.o
 .text.TIM_TI2_ConfigInputStage
                0x000000000800538e       0x60 ./Drivers/STM32F4xx_HAL_Driver/Src/stm32f4xx_hal_tim.o
 .text.TIM_ITRx_SetConfig
                0x00000000080053ee       0x36 ./Drivers/STM32F4xx_HAL_Driver/Src/stm32f4xx_hal_tim.o
 .text.TIM_ETR_SetConfig
                0x0000000008005424       0x40 ./Drivers/STM32F4xx_HAL_Driver/Src/stm32f4xx_hal_tim.o
                0x0000000008005424                TIM_ETR_SetConfig
 .text.HAL_TIMEx_MasterConfigSynchronization
                0x0000000008005464       0xdc ./Drivers/STM32F4xx_HAL_Driver/Src/stm32f4xx_hal_tim_ex.o
                0x0000000008005464                HAL_TIMEx_MasterConfigSynchronization
 .text.HAL_TIMEx_CommutCallback
                0x0000000008005540       0x14 ./Drivers/STM32F4xx_HAL_Driver/Src/stm32f4xx_hal_tim_ex.o
                0x0000000008005540                HAL_TIMEx_CommutCallback
 .text.HAL_TIMEx_BreakCallback
                0x0000000008005554       0x14 ./Drivers/STM32F4xx_HAL_Driver/Src/stm32f4xx_hal_tim_ex.o
                0x0000000008005554                HAL_TIMEx_BreakCallback
 .text.HAL_UART_Init
                0x0000000008005568       0x9a ./Drivers/STM32F4xx_HAL_Driver/Src/stm32f4xx_hal_uart.o
                0x0000000008005568                HAL_UART_Init
 .text.HAL_UART_Transmit
                0x0000000008005602      0x124 ./Drivers/STM32F4xx_HAL_Driver/Src/stm32f4xx_hal_uart.o
                0x0000000008005602                HAL_UART_Transmit
 .text.HAL_UARTEx_ReceiveToIdle_DMA
                0x0000000008005726       0xca ./Drivers/STM32F4xx_HAL_Driver/Src/stm32f4xx_hal_uart.o
                0x0000000008005726                HAL_UARTEx_ReceiveToIdle_DMA
 .text.HAL_UART_IRQHandler
                0x00000000080057f0      0x51c ./Drivers/STM32F4xx_HAL_Driver/Src/stm32f4xx_hal_uart.o
                0x00000000080057f0                HAL_UART_IRQHandler
 .text.HAL_UART_TxCpltCallback
                0x0000000008005d0c       0x14 ./Drivers/STM32F4xx_HAL_Driver/Src/stm32f4xx_hal_uart.o
                0x0000000008005d0c                HAL_UART_TxCpltCallback
 .text.HAL_UART_RxCpltCallback
                0x0000000008005d20       0x14 ./Drivers/STM32F4xx_HAL_Driver/Src/stm32f4xx_hal_uart.o
                0x0000000008005d20                HAL_UART_RxCpltCallback
 .text.HAL_UART_RxHalfCpltCallback
                0x0000000008005d34       0x14 ./Drivers/STM32F4xx_HAL_Driver/Src/stm32f4xx_hal_uart.o
                0x0000000008005d34                HAL_UART_RxHalfCpltCallback
 .text.HAL_UART_ErrorCallback
                0x0000000008005d48       0x14 ./Drivers/STM32F4xx_HAL_Driver/Src/stm32f4xx_hal_uart.o
                0x0000000008005d48                HAL_UART_ErrorCallback
 .text.UART_DMAReceiveCplt
                0x0000000008005d5c      0x126 ./Drivers/STM32F4xx_HAL_Driver/Src/stm32f4xx_hal_uart.o
 .text.UART_DMARxHalfCplt
                0x0000000008005e82       0x36 ./Drivers/STM32F4xx_HAL_Driver/Src/stm32f4xx_hal_uart.o
 .text.UART_DMAError
                0x0000000008005eb8       0x94 ./Drivers/STM32F4xx_HAL_Driver/Src/stm32f4xx_hal_uart.o
 .text.UART_WaitOnFlagUntilTimeout
                0x0000000008005f4c       0xdc ./Drivers/STM32F4xx_HAL_Driver/Src/stm32f4xx_hal_uart.o
 .text.UART_Start_Receive_DMA
                0x0000000008006028      0x13c ./Drivers/STM32F4xx_HAL_Driver/Src/stm32f4xx_hal_uart.o
                0x0000000008006028                UART_Start_Receive_DMA
 .text.UART_EndTxTransfer
                0x0000000008006164       0x50 ./Drivers/STM32F4xx_HAL_Driver/Src/stm32f4xx_hal_uart.o
 .text.UART_EndRxTransfer
                0x00000000080061b4       0xc6 ./Drivers/STM32F4xx_HAL_Driver/Src/stm32f4xx_hal_uart.o
 .text.UART_DMAAbortOnError
                0x000000000800627a       0x28 ./Drivers/STM32F4xx_HAL_Driver/Src/stm32f4xx_hal_uart.o
 .text.UART_Transmit_IT
                0x00000000080062a2       0xa0 ./Drivers/STM32F4xx_HAL_Driver/Src/stm32f4xx_hal_uart.o
 .text.UART_EndTransmit_IT
                0x0000000008006342       0x30 ./Drivers/STM32F4xx_HAL_Driver/Src/stm32f4xx_hal_uart.o
 .text.UART_Receive_IT
                0x0000000008006372      0x176 ./Drivers/STM32F4xx_HAL_Driver/Src/stm32f4xx_hal_uart.o
 .text.UART_SetConfig
                0x00000000080064e8      0x4e8 ./Drivers/STM32F4xx_HAL_Driver/Src/stm32f4xx_hal_uart.o
 .text.USB_CoreInit
                0x00000000080069d0       0xc2 ./Drivers/STM32F4xx_HAL_Driver/Src/stm32f4xx_ll_usb.o
                0x00000000080069d0                USB_CoreInit
 *fill*         0x0000000008006a92        0x2 
 .text.USB_SetTurnaroundTime
                0x0000000008006a94      0x144 ./Drivers/STM32F4xx_HAL_Driver/Src/stm32f4xx_ll_usb.o
                0x0000000008006a94                USB_SetTurnaroundTime
 .text.USB_EnableGlobalInt
                0x0000000008006bd8       0x22 ./Drivers/STM32F4xx_HAL_Driver/Src/stm32f4xx_ll_usb.o
                0x0000000008006bd8                USB_EnableGlobalInt
 .text.USB_DisableGlobalInt
                0x0000000008006bfa       0x22 ./Drivers/STM32F4xx_HAL_Driver/Src/stm32f4xx_ll_usb.o
                0x0000000008006bfa                USB_DisableGlobalInt
 .text.USB_SetCurrentMode
                0x0000000008006c1c       0x98 ./Drivers/STM32F4xx_HAL_Driver/Src/stm32f4xx_ll_usb.o
                0x0000000008006c1c                USB_SetCurrentMode
 .text.USB_DevInit
                0x0000000008006cb4      0x2c8 ./Drivers/STM32F4xx_HAL_Driver/Src/stm32f4xx_ll_usb.o
                0x0000000008006cb4                USB_DevInit
 .text.USB_FlushTxFifo
                0x0000000008006f7c       0x68 ./Drivers/STM32F4xx_HAL_Driver/Src/stm32f4xx_ll_usb.o
                0x0000000008006f7c                USB_FlushTxFifo
 .text.USB_FlushRxFifo
                0x0000000008006fe4       0x60 ./Drivers/STM32F4xx_HAL_Driver/Src/stm32f4xx_ll_usb.o
                0x0000000008006fe4                USB_FlushRxFifo
 .text.USB_SetDevSpeed
                0x0000000008007044       0x32 ./Drivers/STM32F4xx_HAL_Driver/Src/stm32f4xx_ll_usb.o
                0x0000000008007044                USB_SetDevSpeed
 .text.USB_GetDevSpeed
                0x0000000008007076       0x4a ./Drivers/STM32F4xx_HAL_Driver/Src/stm32f4xx_ll_usb.o
                0x0000000008007076                USB_GetDevSpeed
 .text.USB_ActivateEndpoint
                0x00000000080070c0      0x10e ./Drivers/STM32F4xx_HAL_Driver/Src/stm32f4xx_ll_usb.o
                0x00000000080070c0                USB_ActivateEndpoint
 *fill*         0x00000000080071ce        0x2 
 .text.USB_DeactivateEndpoint
                0x00000000080071d0      0x1b8 ./Drivers/STM32F4xx_HAL_Driver/Src/stm32f4xx_ll_usb.o
                0x00000000080071d0                USB_DeactivateEndpoint
 .text.USB_EPStartXfer
                0x0000000008007388      0x490 ./Drivers/STM32F4xx_HAL_Driver/Src/stm32f4xx_ll_usb.o
                0x0000000008007388                USB_EPStartXfer
 .text.USB_EP0StartXfer
                0x0000000008007818      0x2b0 ./Drivers/STM32F4xx_HAL_Driver/Src/stm32f4xx_ll_usb.o
                0x0000000008007818                USB_EP0StartXfer
 .text.USB_EPStopXfer
                0x0000000008007ac8      0x154 ./Drivers/STM32F4xx_HAL_Driver/Src/stm32f4xx_ll_usb.o
                0x0000000008007ac8                USB_EPStopXfer
 .text.USB_WritePacket
                0x0000000008007c1c       0x7c ./Drivers/STM32F4xx_HAL_Driver/Src/stm32f4xx_ll_usb.o
                0x0000000008007c1c                USB_WritePacket
 .text.USB_ReadPacket
                0x0000000008007c98       0xb0 ./Drivers/STM32F4xx_HAL_Driver/Src/stm32f4xx_ll_usb.o
                0x0000000008007c98                USB_ReadPacket
 .text.USB_EPSetStall
                0x0000000008007d48       0xdc ./Drivers/STM32F4xx_HAL_Driver/Src/stm32f4xx_ll_usb.o
                0x0000000008007d48                USB_EPSetStall
 .text.USB_EPClearStall
                0x0000000008007e24       0xcc ./Drivers/STM32F4xx_HAL_Driver/Src/stm32f4xx_ll_usb.o
                0x0000000008007e24                USB_EPClearStall
 .text.USB_SetDevAddress
                0x0000000008007ef0       0x4c ./Drivers/STM32F4xx_HAL_Driver/Src/stm32f4xx_ll_usb.o
                0x0000000008007ef0                USB_SetDevAddress
 .text.USB_DevConnect
                0x0000000008007f3c       0x42 ./Drivers/STM32F4xx_HAL_Driver/Src/stm32f4xx_ll_usb.o
                0x0000000008007f3c                USB_DevConnect
 .text.USB_DevDisconnect
                0x0000000008007f7e       0x42 ./Drivers/STM32F4xx_HAL_Driver/Src/stm32f4xx_ll_usb.o
                0x0000000008007f7e                USB_DevDisconnect
 .text.USB_ReadInterrupts
                0x0000000008007fc0       0x26 ./Drivers/STM32F4xx_HAL_Driver/Src/stm32f4xx_ll_usb.o
                0x0000000008007fc0                USB_ReadInterrupts
 .text.USB_ReadDevAllOutEpInterrupt
                0x0000000008007fe6       0x34 ./Drivers/STM32F4xx_HAL_Driver/Src/stm32f4xx_ll_usb.o
                0x0000000008007fe6                USB_ReadDevAllOutEpInterrupt
 .text.USB_ReadDevAllInEpInterrupt
                0x000000000800801a       0x34 ./Drivers/STM32F4xx_HAL_Driver/Src/stm32f4xx_ll_usb.o
                0x000000000800801a                USB_ReadDevAllInEpInterrupt
 .text.USB_ReadDevOutEPInterrupt
                0x000000000800804e       0x3c ./Drivers/STM32F4xx_HAL_Driver/Src/stm32f4xx_ll_usb.o
                0x000000000800804e                USB_ReadDevOutEPInterrupt
 .text.USB_ReadDevInEPInterrupt
                0x000000000800808a       0x5c ./Drivers/STM32F4xx_HAL_Driver/Src/stm32f4xx_ll_usb.o
                0x000000000800808a                USB_ReadDevInEPInterrupt
 .text.USB_GetMode
                0x00000000080080e6       0x1c ./Drivers/STM32F4xx_HAL_Driver/Src/stm32f4xx_ll_usb.o
                0x00000000080080e6                USB_GetMode
 .text.USB_ActivateSetup
                0x0000000008008102       0x46 ./Drivers/STM32F4xx_HAL_Driver/Src/stm32f4xx_ll_usb.o
                0x0000000008008102                USB_ActivateSetup
 .text.USB_EP0_OutStart
                0x0000000008008148       0xbc ./Drivers/STM32F4xx_HAL_Driver/Src/stm32f4xx_ll_usb.o
                0x0000000008008148                USB_EP0_OutStart
 .text.USB_CoreReset
                0x0000000008008204       0x68 ./Drivers/STM32F4xx_HAL_Driver/Src/stm32f4xx_ll_usb.o
 .text.USBD_CDC_Init
                0x000000000800826c      0x1f0 ./Middlewares/ST/STM32_USB_Device_Library/Class/CDC/Src/usbd_cdc.o
 .text.USBD_CDC_DeInit
                0x000000000800845c      0x104 ./Middlewares/ST/STM32_USB_Device_Library/Class/CDC/Src/usbd_cdc.o
 .text.USBD_CDC_Setup
                0x0000000008008560      0x1b8 ./Middlewares/ST/STM32_USB_Device_Library/Class/CDC/Src/usbd_cdc.o
 .text.USBD_CDC_DataIn
                0x0000000008008718       0xfe ./Middlewares/ST/STM32_USB_Device_Library/Class/CDC/Src/usbd_cdc.o
 .text.USBD_CDC_DataOut
                0x0000000008008816       0x70 ./Middlewares/ST/STM32_USB_Device_Library/Class/CDC/Src/usbd_cdc.o
 .text.USBD_CDC_EP0_RxReady
                0x0000000008008886       0x76 ./Middlewares/ST/STM32_USB_Device_Library/Class/CDC/Src/usbd_cdc.o
 .text.USBD_CDC_GetFSCfgDesc
                0x00000000080088fc       0x70 ./Middlewares/ST/STM32_USB_Device_Library/Class/CDC/Src/usbd_cdc.o
 .text.USBD_CDC_GetHSCfgDesc
                0x000000000800896c       0x70 ./Middlewares/ST/STM32_USB_Device_Library/Class/CDC/Src/usbd_cdc.o
 .text.USBD_CDC_GetOtherSpeedCfgDesc
                0x00000000080089dc       0x70 ./Middlewares/ST/STM32_USB_Device_Library/Class/CDC/Src/usbd_cdc.o
 .text.USBD_CDC_GetDeviceQualifierDescriptor
                0x0000000008008a4c       0x20 ./Middlewares/ST/STM32_USB_Device_Library/Class/CDC/Src/usbd_cdc.o
                0x0000000008008a4c                USBD_CDC_GetDeviceQualifierDescriptor
 .text.USBD_CDC_RegisterInterface
                0x0000000008008a6c       0x34 ./Middlewares/ST/STM32_USB_Device_Library/Class/CDC/Src/usbd_cdc.o
                0x0000000008008a6c                USBD_CDC_RegisterInterface
 .text.USBD_CDC_SetTxBuffer
                0x0000000008008aa0       0x44 ./Middlewares/ST/STM32_USB_Device_Library/Class/CDC/Src/usbd_cdc.o
                0x0000000008008aa0                USBD_CDC_SetTxBuffer
 .text.USBD_CDC_SetRxBuffer
                0x0000000008008ae4       0x3a ./Middlewares/ST/STM32_USB_Device_Library/Class/CDC/Src/usbd_cdc.o
                0x0000000008008ae4                USBD_CDC_SetRxBuffer
 *fill*         0x0000000008008b1e        0x2 
 .text.USBD_CDC_TransmitPacket
                0x0000000008008b20       0x8c ./Middlewares/ST/STM32_USB_Device_Library/Class/CDC/Src/usbd_cdc.o
                0x0000000008008b20                USBD_CDC_TransmitPacket
 .text.USBD_CDC_ReceivePacket
                0x0000000008008bac       0x6c ./Middlewares/ST/STM32_USB_Device_Library/Class/CDC/Src/usbd_cdc.o
                0x0000000008008bac                USBD_CDC_ReceivePacket
 .text.USBD_Init
                0x0000000008008c18       0x60 ./Middlewares/ST/STM32_USB_Device_Library/Core/Src/usbd_core.o
                0x0000000008008c18                USBD_Init
 .text.USBD_RegisterClass
                0x0000000008008c78       0x6c ./Middlewares/ST/STM32_USB_Device_Library/Core/Src/usbd_core.o
                0x0000000008008c78                USBD_RegisterClass
 .text.USBD_Start
                0x0000000008008ce4       0x18 ./Middlewares/ST/STM32_USB_Device_Library/Core/Src/usbd_core.o
                0x0000000008008ce4                USBD_Start
 .text.USBD_RunTestMode
                0x0000000008008cfc       0x16 ./Middlewares/ST/STM32_USB_Device_Library/Core/Src/usbd_core.o
                0x0000000008008cfc                USBD_RunTestMode
 .text.USBD_SetClassConfig
                0x0000000008008d12       0x38 ./Middlewares/ST/STM32_USB_Device_Library/Core/Src/usbd_core.o
                0x0000000008008d12                USBD_SetClassConfig
 .text.USBD_ClrClassConfig
                0x0000000008008d4a       0x34 ./Middlewares/ST/STM32_USB_Device_Library/Core/Src/usbd_core.o
                0x0000000008008d4a                USBD_ClrClassConfig
 .text.USBD_LL_SetupStage
                0x0000000008008d7e       0xaa ./Middlewares/ST/STM32_USB_Device_Library/Core/Src/usbd_core.o
                0x0000000008008d7e                USBD_LL_SetupStage
 .text.USBD_LL_DataOutStage
                0x0000000008008e28      0x166 ./Middlewares/ST/STM32_USB_Device_Library/Core/Src/usbd_core.o
                0x0000000008008e28                USBD_LL_DataOutStage
 .text.USBD_LL_DataInStage
                0x0000000008008f8e      0x164 ./Middlewares/ST/STM32_USB_Device_Library/Core/Src/usbd_core.o
                0x0000000008008f8e                USBD_LL_DataInStage
 .text.USBD_LL_Reset
                0x00000000080090f2       0xa4 ./Middlewares/ST/STM32_USB_Device_Library/Core/Src/usbd_core.o
                0x00000000080090f2                USBD_LL_Reset
 .text.USBD_LL_SetSpeed
                0x0000000008009196       0x20 ./Middlewares/ST/STM32_USB_Device_Library/Core/Src/usbd_core.o
                0x0000000008009196                USBD_LL_SetSpeed
 .text.USBD_LL_Suspend
                0x00000000080091b6       0x2c ./Middlewares/ST/STM32_USB_Device_Library/Core/Src/usbd_core.o
                0x00000000080091b6                USBD_LL_Suspend
 .text.USBD_LL_Resume
                0x00000000080091e2       0x30 ./Middlewares/ST/STM32_USB_Device_Library/Core/Src/usbd_core.o
                0x00000000080091e2                USBD_LL_Resume
 .text.USBD_LL_SOF
                0x0000000008009212       0x40 ./Middlewares/ST/STM32_USB_Device_Library/Core/Src/usbd_core.o
                0x0000000008009212                USBD_LL_SOF
 .text.USBD_LL_IsoINIncomplete
                0x0000000008009252       0x64 ./Middlewares/ST/STM32_USB_Device_Library/Core/Src/usbd_core.o
                0x0000000008009252                USBD_LL_IsoINIncomplete
 .text.USBD_LL_IsoOUTIncomplete
                0x00000000080092b6       0x64 ./Middlewares/ST/STM32_USB_Device_Library/Core/Src/usbd_core.o
                0x00000000080092b6                USBD_LL_IsoOUTIncomplete
 .text.USBD_LL_DevConnected
                0x000000000800931a       0x16 ./Middlewares/ST/STM32_USB_Device_Library/Core/Src/usbd_core.o
                0x000000000800931a                USBD_LL_DevConnected
 .text.USBD_LL_DevDisconnected
                0x0000000008009330       0x46 ./Middlewares/ST/STM32_USB_Device_Library/Core/Src/usbd_core.o
                0x0000000008009330                USBD_LL_DevDisconnected
 .text.USBD_CoreFindIF
                0x0000000008009376       0x1a ./Middlewares/ST/STM32_USB_Device_Library/Core/Src/usbd_core.o
                0x0000000008009376                USBD_CoreFindIF
 .text.USBD_CoreFindEP
                0x0000000008009390       0x1a ./Middlewares/ST/STM32_USB_Device_Library/Core/Src/usbd_core.o
                0x0000000008009390                USBD_CoreFindEP
 .text.USBD_GetEpDesc
                0x00000000080093aa       0x74 ./Middlewares/ST/STM32_USB_Device_Library/Core/Src/usbd_core.o
                0x00000000080093aa                USBD_GetEpDesc
 .text.USBD_GetNextDesc
                0x000000000800941e       0x3a ./Middlewares/ST/STM32_USB_Device_Library/Core/Src/usbd_core.o
                0x000000000800941e                USBD_GetNextDesc
 .text.SWAPBYTE
                0x0000000008009458       0x3c ./Middlewares/ST/STM32_USB_Device_Library/Core/Src/usbd_ctlreq.o
 .text.USBD_StdDevReq
                0x0000000008009494       0xe4 ./Middlewares/ST/STM32_USB_Device_Library/Core/Src/usbd_ctlreq.o
                0x0000000008009494                USBD_StdDevReq
 .text.USBD_StdItfReq
                0x0000000008009578       0xd8 ./Middlewares/ST/STM32_USB_Device_Library/Core/Src/usbd_ctlreq.o
                0x0000000008009578                USBD_StdItfReq
 .text.USBD_StdEPReq
                0x0000000008009650      0x33a ./Middlewares/ST/STM32_USB_Device_Library/Core/Src/usbd_ctlreq.o
                0x0000000008009650                USBD_StdEPReq
 *fill*         0x000000000800998a        0x2 
 .text.USBD_GetDescriptor
                0x000000000800998c      0x2d4 ./Middlewares/ST/STM32_USB_Device_Library/Core/Src/usbd_ctlreq.o
 .text.USBD_SetAddress
                0x0000000008009c60       0x88 ./Middlewares/ST/STM32_USB_Device_Library/Core/Src/usbd_ctlreq.o
 .text.USBD_SetConfig
                0x0000000008009ce8      0x154 ./Middlewares/ST/STM32_USB_Device_Library/Core/Src/usbd_ctlreq.o
 .text.USBD_GetConfig
                0x0000000008009e3c       0x6c ./Middlewares/ST/STM32_USB_Device_Library/Core/Src/usbd_ctlreq.o
 .text.USBD_GetStatus
                0x0000000008009ea8       0x68 ./Middlewares/ST/STM32_USB_Device_Library/Core/Src/usbd_ctlreq.o
 .text.USBD_SetFeature
                0x0000000008009f10       0x52 ./Middlewares/ST/STM32_USB_Device_Library/Core/Src/usbd_ctlreq.o
 .text.USBD_ClrFeature
                0x0000000008009f62       0x44 ./Middlewares/ST/STM32_USB_Device_Library/Core/Src/usbd_ctlreq.o
 .text.USBD_ParseSetupRequest
                0x0000000008009fa6       0x74 ./Middlewares/ST/STM32_USB_Device_Library/Core/Src/usbd_ctlreq.o
                0x0000000008009fa6                USBD_ParseSetupRequest
 .text.USBD_CtlError
                0x000000000800a01a       0x22 ./Middlewares/ST/STM32_USB_Device_Library/Core/Src/usbd_ctlreq.o
                0x000000000800a01a                USBD_CtlError
 .text.USBD_GetString
                0x000000000800a03c       0x8c ./Middlewares/ST/STM32_USB_Device_Library/Core/Src/usbd_ctlreq.o
                0x000000000800a03c                USBD_GetString
 .text.USBD_GetLen
                0x000000000800a0c8       0x34 ./Middlewares/ST/STM32_USB_Device_Library/Core/Src/usbd_ctlreq.o
 .text.USBD_CtlSendData
                0x000000000800a0fc       0x36 ./Middlewares/ST/STM32_USB_Device_Library/Core/Src/usbd_ioreq.o
                0x000000000800a0fc                USBD_CtlSendData
 .text.USBD_CtlContinueSendData
                0x000000000800a132       0x22 ./Middlewares/ST/STM32_USB_Device_Library/Core/Src/usbd_ioreq.o
                0x000000000800a132                USBD_CtlContinueSendData
 .text.USBD_CtlPrepareRx
                0x000000000800a154       0x3a ./Middlewares/ST/STM32_USB_Device_Library/Core/Src/usbd_ioreq.o
                0x000000000800a154                USBD_CtlPrepareRx
 .text.USBD_CtlContinueRx
                0x000000000800a18e       0x22 ./Middlewares/ST/STM32_USB_Device_Library/Core/Src/usbd_ioreq.o
                0x000000000800a18e                USBD_CtlContinueRx
 .text.USBD_CtlSendStatus
                0x000000000800a1b0       0x26 ./Middlewares/ST/STM32_USB_Device_Library/Core/Src/usbd_ioreq.o
                0x000000000800a1b0                USBD_CtlSendStatus
 .text.USBD_CtlReceiveStatus
                0x000000000800a1d6       0x26 ./Middlewares/ST/STM32_USB_Device_Library/Core/Src/usbd_ioreq.o
                0x000000000800a1d6                USBD_CtlReceiveStatus
 .text.MX_USB_DEVICE_Init
                0x000000000800a1fc       0x60 ./USB_DEVICE/App/usb_device.o
                0x000000000800a1fc                MX_USB_DEVICE_Init
 .text.CDC_Init_FS
                0x000000000800a25c       0x28 ./USB_DEVICE/App/usbd_cdc_if.o
 .text.CDC_DeInit_FS
                0x000000000800a284       0x10 ./USB_DEVICE/App/usbd_cdc_if.o
 .text.CDC_Control_FS
                0x000000000800a294       0xbc ./USB_DEVICE/App/usbd_cdc_if.o
 .text.CDC_Receive_FS
                0x000000000800a350       0x28 ./USB_DEVICE/App/usbd_cdc_if.o
 .text.CDC_Transmit_FS
                0x000000000800a378       0x4c ./USB_DEVICE/App/usbd_cdc_if.o
                0x000000000800a378                CDC_Transmit_FS
 .text.CDC_TransmitCplt_FS
                0x000000000800a3c4       0x22 ./USB_DEVICE/App/usbd_cdc_if.o
 *fill*         0x000000000800a3e6        0x2 
 .text.USBD_FS_DeviceDescriptor
                0x000000000800a3e8       0x24 ./USB_DEVICE/App/usbd_desc.o
                0x000000000800a3e8                USBD_FS_DeviceDescriptor
 .text.USBD_FS_LangIDStrDescriptor
                0x000000000800a40c       0x24 ./USB_DEVICE/App/usbd_desc.o
                0x000000000800a40c                USBD_FS_LangIDStrDescriptor
 .text.USBD_FS_ProductStrDescriptor
                0x000000000800a430       0x3c ./USB_DEVICE/App/usbd_desc.o
                0x000000000800a430                USBD_FS_ProductStrDescriptor
 .text.USBD_FS_ManufacturerStrDescriptor
                0x000000000800a46c       0x28 ./USB_DEVICE/App/usbd_desc.o
                0x000000000800a46c                USBD_FS_ManufacturerStrDescriptor
 .text.USBD_FS_SerialStrDescriptor
                0x000000000800a494       0x24 ./USB_DEVICE/App/usbd_desc.o
                0x000000000800a494                USBD_FS_SerialStrDescriptor
 .text.USBD_FS_ConfigStrDescriptor
                0x000000000800a4b8       0x3c ./USB_DEVICE/App/usbd_desc.o
                0x000000000800a4b8                USBD_FS_ConfigStrDescriptor
 .text.USBD_FS_InterfaceStrDescriptor
                0x000000000800a4f4       0x3c ./USB_DEVICE/App/usbd_desc.o
                0x000000000800a4f4                USBD_FS_InterfaceStrDescriptor
 .text.Get_SerialNum
                0x000000000800a530       0x58 ./USB_DEVICE/App/usbd_desc.o
 .text.IntToUnicode
                0x000000000800a588       0x7e ./USB_DEVICE/App/usbd_desc.o
 *fill*         0x000000000800a606        0x2 
 .text.HAL_PCD_MspInit
                0x000000000800a608       0xa8 ./USB_DEVICE/Target/usbd_conf.o
                0x000000000800a608                HAL_PCD_MspInit
 .text.HAL_PCD_SetupStageCallback
                0x000000000800a6b0       0x24 ./USB_DEVICE/Target/usbd_conf.o
                0x000000000800a6b0                HAL_PCD_SetupStageCallback
 .text.HAL_PCD_DataOutStageCallback
                0x000000000800a6d4       0x36 ./USB_DEVICE/Target/usbd_conf.o
                0x000000000800a6d4                HAL_PCD_DataOutStageCallback
 .text.HAL_PCD_DataInStageCallback
                0x000000000800a70a       0x34 ./USB_DEVICE/Target/usbd_conf.o
                0x000000000800a70a                HAL_PCD_DataInStageCallback
 .text.HAL_PCD_SOFCallback
                0x000000000800a73e       0x1c ./USB_DEVICE/Target/usbd_conf.o
                0x000000000800a73e                HAL_PCD_SOFCallback
 .text.HAL_PCD_ResetCallback
                0x000000000800a75a       0x3c ./USB_DEVICE/Target/usbd_conf.o
                0x000000000800a75a                HAL_PCD_ResetCallback
 *fill*         0x000000000800a796        0x2 
 .text.HAL_PCD_SuspendCallback
                0x000000000800a798       0x4c ./USB_DEVICE/Target/usbd_conf.o
                0x000000000800a798                HAL_PCD_SuspendCallback
 .text.HAL_PCD_ResumeCallback
                0x000000000800a7e4       0x1c ./USB_DEVICE/Target/usbd_conf.o
                0x000000000800a7e4                HAL_PCD_ResumeCallback
 .text.HAL_PCD_ISOOUTIncompleteCallback
                0x000000000800a800       0x24 ./USB_DEVICE/Target/usbd_conf.o
                0x000000000800a800                HAL_PCD_ISOOUTIncompleteCallback
 .text.HAL_PCD_ISOINIncompleteCallback
                0x000000000800a824       0x24 ./USB_DEVICE/Target/usbd_conf.o
                0x000000000800a824                HAL_PCD_ISOINIncompleteCallback
 .text.HAL_PCD_ConnectCallback
                0x000000000800a848       0x1c ./USB_DEVICE/Target/usbd_conf.o
                0x000000000800a848                HAL_PCD_ConnectCallback
 .text.HAL_PCD_DisconnectCallback
                0x000000000800a864       0x1c ./USB_DEVICE/Target/usbd_conf.o
                0x000000000800a864                HAL_PCD_DisconnectCallback
 .text.USBD_LL_Init
                0x000000000800a880       0x98 ./USB_DEVICE/Target/usbd_conf.o
                0x000000000800a880                USBD_LL_Init
 .text.USBD_LL_Start
                0x000000000800a918       0x36 ./USB_DEVICE/Target/usbd_conf.o
                0x000000000800a918                USBD_LL_Start
 .text.USBD_LL_OpenEP
                0x000000000800a94e       0x4c ./USB_DEVICE/Target/usbd_conf.o
                0x000000000800a94e                USBD_LL_OpenEP
 .text.USBD_LL_CloseEP
                0x000000000800a99a       0x3e ./USB_DEVICE/Target/usbd_conf.o
                0x000000000800a99a                USBD_LL_CloseEP
 .text.USBD_LL_StallEP
                0x000000000800a9d8       0x3e ./USB_DEVICE/Target/usbd_conf.o
                0x000000000800a9d8                USBD_LL_StallEP
 .text.USBD_LL_ClearStallEP
                0x000000000800aa16       0x3e ./USB_DEVICE/Target/usbd_conf.o
                0x000000000800aa16                USBD_LL_ClearStallEP
 .text.USBD_LL_IsStallEP
                0x000000000800aa54       0x58 ./USB_DEVICE/Target/usbd_conf.o
                0x000000000800aa54                USBD_LL_IsStallEP
 .text.USBD_LL_SetUSBAddress
                0x000000000800aaac       0x3e ./USB_DEVICE/Target/usbd_conf.o
                0x000000000800aaac                USBD_LL_SetUSBAddress
 .text.USBD_LL_Transmit
                0x000000000800aaea       0x42 ./USB_DEVICE/Target/usbd_conf.o
                0x000000000800aaea                USBD_LL_Transmit
 .text.USBD_LL_PrepareReceive
                0x000000000800ab2c       0x42 ./USB_DEVICE/Target/usbd_conf.o
                0x000000000800ab2c                USBD_LL_PrepareReceive
 .text.USBD_LL_GetRxDataSize
                0x000000000800ab6e       0x26 ./USB_DEVICE/Target/usbd_conf.o
                0x000000000800ab6e                USBD_LL_GetRxDataSize
 .text.USBD_static_malloc
                0x000000000800ab94       0x1c ./USB_DEVICE/Target/usbd_conf.o
                0x000000000800ab94                USBD_static_malloc
 .text.USBD_static_free
                0x000000000800abb0       0x14 ./USB_DEVICE/Target/usbd_conf.o
                0x000000000800abb0                USBD_static_free
 .text.USBD_Get_USB_Status
                0x000000000800abc4       0x58 ./USB_DEVICE/Target/usbd_conf.o
                0x000000000800abc4                USBD_Get_USB_Status
 .text.atoi     0x000000000800ac1c        0x8 c:/st/stm32cubeide_1.11.0/stm32cubeide/plugins/com.st.stm32cube.ide.mcu.externaltools.gnu-tools-for-stm32.10.3-2021.10.win32_1.0.100.202210260954/tools/bin/../lib/gcc/arm-none-eabi/10.3.1/../../../../arm-none-eabi/lib/thumb/v7e-m+fp/hard\libc_nano.a(lib_a-atoi.o)
                0x000000000800ac1c                atoi
 .text.__errno  0x000000000800ac24        0xc c:/st/stm32cubeide_1.11.0/stm32cubeide/plugins/com.st.stm32cube.ide.mcu.externaltools.gnu-tools-for-stm32.10.3-2021.10.win32_1.0.100.202210260954/tools/bin/../lib/gcc/arm-none-eabi/10.3.1/../../../../arm-none-eabi/lib/thumb/v7e-m+fp/hard\libc_nano.a(lib_a-errno.o)
                0x000000000800ac24                __errno
 .text.__libc_init_array
                0x000000000800ac30       0x48 c:/st/stm32cubeide_1.11.0/stm32cubeide/plugins/com.st.stm32cube.ide.mcu.externaltools.gnu-tools-for-stm32.10.3-2021.10.win32_1.0.100.202210260954/tools/bin/../lib/gcc/arm-none-eabi/10.3.1/../../../../arm-none-eabi/lib/thumb/v7e-m+fp/hard\libc_nano.a(lib_a-init.o)
                0x000000000800ac30                __libc_init_array
 .text.memcpy   0x000000000800ac78       0x1c c:/st/stm32cubeide_1.11.0/stm32cubeide/plugins/com.st.stm32cube.ide.mcu.externaltools.gnu-tools-for-stm32.10.3-2021.10.win32_1.0.100.202210260954/tools/bin/../lib/gcc/arm-none-eabi/10.3.1/../../../../arm-none-eabi/lib/thumb/v7e-m+fp/hard\libc_nano.a(lib_a-memcpy-stub.o)
                0x000000000800ac78                memcpy
 .text.memset   0x000000000800ac94       0x10 c:/st/stm32cubeide_1.11.0/stm32cubeide/plugins/com.st.stm32cube.ide.mcu.externaltools.gnu-tools-for-stm32.10.3-2021.10.win32_1.0.100.202210260954/tools/bin/../lib/gcc/arm-none-eabi/10.3.1/../../../../arm-none-eabi/lib/thumb/v7e-m+fp/hard\libc_nano.a(lib_a-memset.o)
                0x000000000800ac94                memset
 .text.sprintf  0x000000000800aca4       0x40 c:/st/stm32cubeide_1.11.0/stm32cubeide/plugins/com.st.stm32cube.ide.mcu.externaltools.gnu-tools-for-stm32.10.3-2021.10.win32_1.0.100.202210260954/tools/bin/../lib/gcc/arm-none-eabi/10.3.1/../../../../arm-none-eabi/lib/thumb/v7e-m+fp/hard\libc_nano.a(lib_a-sprintf.o)
                0x000000000800aca4                siprintf
                0x000000000800aca4                sprintf
 .text.strchr   0x000000000800ace4       0x1a c:/st/stm32cubeide_1.11.0/stm32cubeide/plugins/com.st.stm32cube.ide.mcu.externaltools.gnu-tools-for-stm32.10.3-2021.10.win32_1.0.100.202210260954/tools/bin/../lib/gcc/arm-none-eabi/10.3.1/../../../../arm-none-eabi/lib/thumb/v7e-m+fp/hard\libc_nano.a(lib_a-strchr.o)
                0x000000000800ace4                strchr
 .text.strncpy  0x000000000800acfe       0x26 c:/st/stm32cubeide_1.11.0/stm32cubeide/plugins/com.st.stm32cube.ide.mcu.externaltools.gnu-tools-for-stm32.10.3-2021.10.win32_1.0.100.202210260954/tools/bin/../lib/gcc/arm-none-eabi/10.3.1/../../../../arm-none-eabi/lib/thumb/v7e-m+fp/hard\libc_nano.a(lib_a-strncpy.o)
                0x000000000800acfe                strncpy
 .text._strtol_l.constprop.0
                0x000000000800ad24      0x104 c:/st/stm32cubeide_1.11.0/stm32cubeide/plugins/com.st.stm32cube.ide.mcu.externaltools.gnu-tools-for-stm32.10.3-2021.10.win32_1.0.100.202210260954/tools/bin/../lib/gcc/arm-none-eabi/10.3.1/../../../../arm-none-eabi/lib/thumb/v7e-m+fp/hard\libc_nano.a(lib_a-strtol.o)
 .text.strtol   0x000000000800ae28       0x14 c:/st/stm32cubeide_1.11.0/stm32cubeide/plugins/com.st.stm32cube.ide.mcu.externaltools.gnu-tools-for-stm32.10.3-2021.10.win32_1.0.100.202210260954/tools/bin/../lib/gcc/arm-none-eabi/10.3.1/../../../../arm-none-eabi/lib/thumb/v7e-m+fp/hard\libc_nano.a(lib_a-strtol.o)
                0x000000000800ae28                strtol
 .text.__ssputs_r
                0x000000000800ae3c       0xb6 c:/st/stm32cubeide_1.11.0/stm32cubeide/plugins/com.st.stm32cube.ide.mcu.externaltools.gnu-tools-for-stm32.10.3-2021.10.win32_1.0.100.202210260954/tools/bin/../lib/gcc/arm-none-eabi/10.3.1/../../../../arm-none-eabi/lib/thumb/v7e-m+fp/hard\libc_nano.a(lib_a-nano-svfprintf.o)
                0x000000000800ae3c                __ssputs_r
 *fill*         0x000000000800aef2        0x2 
 .text._svfprintf_r
                0x000000000800aef4      0x200 c:/st/stm32cubeide_1.11.0/stm32cubeide/plugins/com.st.stm32cube.ide.mcu.externaltools.gnu-tools-for-stm32.10.3-2021.10.win32_1.0.100.202210260954/tools/bin/../lib/gcc/arm-none-eabi/10.3.1/../../../../arm-none-eabi/lib/thumb/v7e-m+fp/hard\libc_nano.a(lib_a-nano-svfprintf.o)
                0x000000000800aef4                _svfiprintf_r
                0x000000000800aef4                _svfprintf_r
 .text._printf_common
                0x000000000800b0f4       0xda c:/st/stm32cubeide_1.11.0/stm32cubeide/plugins/com.st.stm32cube.ide.mcu.externaltools.gnu-tools-for-stm32.10.3-2021.10.win32_1.0.100.202210260954/tools/bin/../lib/gcc/arm-none-eabi/10.3.1/../../../../arm-none-eabi/lib/thumb/v7e-m+fp/hard\libc_nano.a(lib_a-nano-vfprintf_i.o)
                0x000000000800b0f4                _printf_common
 *fill*         0x000000000800b1ce        0x2 
 .text._printf_i
                0x000000000800b1d0      0x24c c:/st/stm32cubeide_1.11.0/stm32cubeide/plugins/com.st.stm32cube.ide.mcu.externaltools.gnu-tools-for-stm32.10.3-2021.10.win32_1.0.100.202210260954/tools/bin/../lib/gcc/arm-none-eabi/10.3.1/../../../../arm-none-eabi/lib/thumb/v7e-m+fp/hard\libc_nano.a(lib_a-nano-vfprintf_i.o)
                0x000000000800b1d0                _printf_i
 .text.memmove  0x000000000800b41c       0x34 c:/st/stm32cubeide_1.11.0/stm32cubeide/plugins/com.st.stm32cube.ide.mcu.externaltools.gnu-tools-for-stm32.10.3-2021.10.win32_1.0.100.202210260954/tools/bin/../lib/gcc/arm-none-eabi/10.3.1/../../../../arm-none-eabi/lib/thumb/v7e-m+fp/hard\libc_nano.a(lib_a-memmove.o)
                0x000000000800b41c                memmove
 .text._free_r  0x000000000800b450       0x98 c:/st/stm32cubeide_1.11.0/stm32cubeide/plugins/com.st.stm32cube.ide.mcu.externaltools.gnu-tools-for-stm32.10.3-2021.10.win32_1.0.100.202210260954/tools/bin/../lib/gcc/arm-none-eabi/10.3.1/../../../../arm-none-eabi/lib/thumb/v7e-m+fp/hard\libc_nano.a(lib_a-nano-freer.o)
                0x000000000800b450                _free_r
 .text.sbrk_aligned
                0x000000000800b4e8       0x40 c:/st/stm32cubeide_1.11.0/stm32cubeide/plugins/com.st.stm32cube.ide.mcu.externaltools.gnu-tools-for-stm32.10.3-2021.10.win32_1.0.100.202210260954/tools/bin/../lib/gcc/arm-none-eabi/10.3.1/../../../../arm-none-eabi/lib/thumb/v7e-m+fp/hard\libc_nano.a(lib_a-nano-mallocr.o)
 .text._malloc_r
                0x000000000800b528       0xe8 c:/st/stm32cubeide_1.11.0/stm32cubeide/plugins/com.st.stm32cube.ide.mcu.externaltools.gnu-tools-for-stm32.10.3-2021.10.win32_1.0.100.202210260954/tools/bin/../lib/gcc/arm-none-eabi/10.3.1/../../../../arm-none-eabi/lib/thumb/v7e-m+fp/hard\libc_nano.a(lib_a-nano-mallocr.o)
                0x000000000800b528                _malloc_r
 .text._realloc_r
                0x000000000800b610       0x5e c:/st/stm32cubeide_1.11.0/stm32cubeide/plugins/com.st.stm32cube.ide.mcu.externaltools.gnu-tools-for-stm32.10.3-2021.10.win32_1.0.100.202210260954/tools/bin/../lib/gcc/arm-none-eabi/10.3.1/../../../../arm-none-eabi/lib/thumb/v7e-m+fp/hard\libc_nano.a(lib_a-nano-reallocr.o)
                0x000000000800b610                _realloc_r
 *fill*         0x000000000800b66e        0x2 
 .text._sbrk_r  0x000000000800b670       0x20 c:/st/stm32cubeide_1.11.0/stm32cubeide/plugins/com.st.stm32cube.ide.mcu.externaltools.gnu-tools-for-stm32.10.3-2021.10.win32_1.0.100.202210260954/tools/bin/../lib/gcc/arm-none-eabi/10.3.1/../../../../arm-none-eabi/lib/thumb/v7e-m+fp/hard\libc_nano.a(lib_a-sbrkr.o)
                0x000000000800b670                _sbrk_r
 .text.__malloc_lock
                0x000000000800b690        0xc c:/st/stm32cubeide_1.11.0/stm32cubeide/plugins/com.st.stm32cube.ide.mcu.externaltools.gnu-tools-for-stm32.10.3-2021.10.win32_1.0.100.202210260954/tools/bin/../lib/gcc/arm-none-eabi/10.3.1/../../../../arm-none-eabi/lib/thumb/v7e-m+fp/hard\libc_nano.a(lib_a-mlock.o)
                0x000000000800b690                __malloc_lock
 .text.__malloc_unlock
                0x000000000800b69c        0xc c:/st/stm32cubeide_1.11.0/stm32cubeide/plugins/com.st.stm32cube.ide.mcu.externaltools.gnu-tools-for-stm32.10.3-2021.10.win32_1.0.100.202210260954/tools/bin/../lib/gcc/arm-none-eabi/10.3.1/../../../../arm-none-eabi/lib/thumb/v7e-m+fp/hard\libc_nano.a(lib_a-mlock.o)
                0x000000000800b69c                __malloc_unlock
 .text._malloc_usable_size_r
                0x000000000800b6a8       0x10 c:/st/stm32cubeide_1.11.0/stm32cubeide/plugins/com.st.stm32cube.ide.mcu.externaltools.gnu-tools-for-stm32.10.3-2021.10.win32_1.0.100.202210260954/tools/bin/../lib/gcc/arm-none-eabi/10.3.1/../../../../arm-none-eabi/lib/thumb/v7e-m+fp/hard\libc_nano.a(lib_a-nano-msizer.o)
                0x000000000800b6a8                _malloc_usable_size_r
 .text.__retarget_lock_acquire_recursive
                0x000000000800b6b8        0x2 c:/st/stm32cubeide_1.11.0/stm32cubeide/plugins/com.st.stm32cube.ide.mcu.externaltools.gnu-tools-for-stm32.10.3-2021.10.win32_1.0.100.202210260954/tools/bin/../lib/gcc/arm-none-eabi/10.3.1/../../../../arm-none-eabi/lib/thumb/v7e-m+fp/hard\libc_nano.a(lib_a-lock.o)
                0x000000000800b6b8                __retarget_lock_acquire_recursive
 .text.__retarget_lock_release_recursive
                0x000000000800b6ba        0x2 c:/st/stm32cubeide_1.11.0/stm32cubeide/plugins/com.st.stm32cube.ide.mcu.externaltools.gnu-tools-for-stm32.10.3-2021.10.win32_1.0.100.202210260954/tools/bin/../lib/gcc/arm-none-eabi/10.3.1/../../../../arm-none-eabi/lib/thumb/v7e-m+fp/hard\libc_nano.a(lib_a-lock.o)
                0x000000000800b6ba                __retarget_lock_release_recursive
 *(.glue_7)
 .glue_7        0x000000000800b6bc        0x0 linker stubs
 *(.glue_7t)
 .glue_7t       0x000000000800b6bc        0x0 linker stubs
 *(.eh_frame)
 .eh_frame      0x000000000800b6bc        0x0 c:/st/stm32cubeide_1.11.0/stm32cubeide/plugins/com.st.stm32cube.ide.mcu.externaltools.gnu-tools-for-stm32.10.3-2021.10.win32_1.0.100.202210260954/tools/bin/../lib/gcc/arm-none-eabi/10.3.1/thumb/v7e-m+fp/hard/crtbegin.o
 *(.init)
 .init          0x000000000800b6bc        0x4 c:/st/stm32cubeide_1.11.0/stm32cubeide/plugins/com.st.stm32cube.ide.mcu.externaltools.gnu-tools-for-stm32.10.3-2021.10.win32_1.0.100.202210260954/tools/bin/../lib/gcc/arm-none-eabi/10.3.1/thumb/v7e-m+fp/hard/crti.o
                0x000000000800b6bc                _init
 .init          0x000000000800b6c0        0x8 c:/st/stm32cubeide_1.11.0/stm32cubeide/plugins/com.st.stm32cube.ide.mcu.externaltools.gnu-tools-for-stm32.10.3-2021.10.win32_1.0.100.202210260954/tools/bin/../lib/gcc/arm-none-eabi/10.3.1/thumb/v7e-m+fp/hard/crtn.o
 *(.fini)
 .fini          0x000000000800b6c8        0x4 c:/st/stm32cubeide_1.11.0/stm32cubeide/plugins/com.st.stm32cube.ide.mcu.externaltools.gnu-tools-for-stm32.10.3-2021.10.win32_1.0.100.202210260954/tools/bin/../lib/gcc/arm-none-eabi/10.3.1/thumb/v7e-m+fp/hard/crti.o
                0x000000000800b6c8                _fini
 .fini          0x000000000800b6cc        0x8 c:/st/stm32cubeide_1.11.0/stm32cubeide/plugins/com.st.stm32cube.ide.mcu.externaltools.gnu-tools-for-stm32.10.3-2021.10.win32_1.0.100.202210260954/tools/bin/../lib/gcc/arm-none-eabi/10.3.1/thumb/v7e-m+fp/hard/crtn.o
                0x000000000800b6d4                . = ALIGN (0x4)
                0x000000000800b6d4                _etext = .

.vfp11_veneer   0x000000000800b6d4        0x0
 .vfp11_veneer  0x000000000800b6d4        0x0 linker stubs

.v4_bx          0x000000000800b6d4        0x0
 .v4_bx         0x000000000800b6d4        0x0 linker stubs

.iplt           0x000000000800b6d4        0x0
 .iplt          0x000000000800b6d4        0x0 c:/st/stm32cubeide_1.11.0/stm32cubeide/plugins/com.st.stm32cube.ide.mcu.externaltools.gnu-tools-for-stm32.10.3-2021.10.win32_1.0.100.202210260954/tools/bin/../lib/gcc/arm-none-eabi/10.3.1/thumb/v7e-m+fp/hard/crtbegin.o

.rodata         0x000000000800b6d4      0x6ac
                0x000000000800b6d4                . = ALIGN (0x4)
 *(.rodata)
 .rodata        0x000000000800b6d4       0x57 ./Core/Src/GNSSprocess.o
 *fill*         0x000000000800b72b        0x1 
 .rodata        0x000000000800b72c      0x10d ./Core/Src/LTEdriver.o
 *fill*         0x000000000800b839        0x3 
 .rodata        0x000000000800b83c      0x21b ./Core/Src/initernet.o
 *fill*         0x000000000800ba57        0x1 
 .rodata        0x000000000800ba58      0x194 ./Core/Src/main.o
 .rodata        0x000000000800bbec        0x3 ./Core/Src/msgProcess.o
 *fill*         0x000000000800bbef        0x1 
 .rodata        0x000000000800bbf0       0x3a ./USB_DEVICE/App/usbd_desc.o
 *(.rodata*)
 *fill*         0x000000000800bc2a        0x2 
 .rodata.AHBPrescTable
                0x000000000800bc2c       0x10 ./Core/Src/system_stm32f4xx.o
                0x000000000800bc2c                AHBPrescTable
 .rodata.APBPrescTable
                0x000000000800bc3c        0x8 ./Core/Src/system_stm32f4xx.o
                0x000000000800bc3c                APBPrescTable
 .rodata.flagBitshiftOffset.0
                0x000000000800bc44        0x8 ./Drivers/STM32F4xx_HAL_Driver/Src/stm32f4xx_hal_dma.o
 .rodata._ctype_
                0x000000000800bc4c      0x101 c:/st/stm32cubeide_1.11.0/stm32cubeide/plugins/com.st.stm32cube.ide.mcu.externaltools.gnu-tools-for-stm32.10.3-2021.10.win32_1.0.100.202210260954/tools/bin/../lib/gcc/arm-none-eabi/10.3.1/../../../../arm-none-eabi/lib/thumb/v7e-m+fp/hard\libc_nano.a(lib_a-ctype_.o)
                0x000000000800bc4c                _ctype_
 .rodata._svfprintf_r.str1.1
                0x000000000800bd4d       0x11 c:/st/stm32cubeide_1.11.0/stm32cubeide/plugins/com.st.stm32cube.ide.mcu.externaltools.gnu-tools-for-stm32.10.3-2021.10.win32_1.0.100.202210260954/tools/bin/../lib/gcc/arm-none-eabi/10.3.1/../../../../arm-none-eabi/lib/thumb/v7e-m+fp/hard\libc_nano.a(lib_a-nano-svfprintf.o)
 .rodata._printf_i.str1.1
                0x000000000800bd5e       0x22 c:/st/stm32cubeide_1.11.0/stm32cubeide/plugins/com.st.stm32cube.ide.mcu.externaltools.gnu-tools-for-stm32.10.3-2021.10.win32_1.0.100.202210260954/tools/bin/../lib/gcc/arm-none-eabi/10.3.1/../../../../arm-none-eabi/lib/thumb/v7e-m+fp/hard\libc_nano.a(lib_a-nano-vfprintf_i.o)
                0x000000000800bd80                . = ALIGN (0x4)

.ARM.extab      0x000000000800bd80        0x0
                0x000000000800bd80                . = ALIGN (0x4)
 *(.ARM.extab* .gnu.linkonce.armextab.*)
                0x000000000800bd80                . = ALIGN (0x4)

.ARM            0x000000000800bd80        0x8
                0x000000000800bd80                . = ALIGN (0x4)
                0x000000000800bd80                __exidx_start = .
 *(.ARM.exidx*)
 .ARM.exidx     0x000000000800bd80        0x8 c:/st/stm32cubeide_1.11.0/stm32cubeide/plugins/com.st.stm32cube.ide.mcu.externaltools.gnu-tools-for-stm32.10.3-2021.10.win32_1.0.100.202210260954/tools/bin/../lib/gcc/arm-none-eabi/10.3.1/thumb/v7e-m+fp/hard\libgcc.a(_udivmoddi4.o)
                0x000000000800bd88                __exidx_end = .
                0x000000000800bd88                . = ALIGN (0x4)

.rel.dyn        0x000000000800bd88        0x0
 .rel.iplt      0x000000000800bd88        0x0 c:/st/stm32cubeide_1.11.0/stm32cubeide/plugins/com.st.stm32cube.ide.mcu.externaltools.gnu-tools-for-stm32.10.3-2021.10.win32_1.0.100.202210260954/tools/bin/../lib/gcc/arm-none-eabi/10.3.1/thumb/v7e-m+fp/hard/crtbegin.o

.preinit_array  0x000000000800bd88        0x0
                0x000000000800bd88                . = ALIGN (0x4)
                0x000000000800bd88                PROVIDE (__preinit_array_start = .)
 *(.preinit_array*)
                0x000000000800bd88                PROVIDE (__preinit_array_end = .)
                0x000000000800bd88                . = ALIGN (0x4)

.init_array     0x000000000800bd88        0x4
                0x000000000800bd88                . = ALIGN (0x4)
                0x000000000800bd88                PROVIDE (__init_array_start = .)
 *(SORT_BY_NAME(.init_array.*))
 *(.init_array*)
 .init_array    0x000000000800bd88        0x4 c:/st/stm32cubeide_1.11.0/stm32cubeide/plugins/com.st.stm32cube.ide.mcu.externaltools.gnu-tools-for-stm32.10.3-2021.10.win32_1.0.100.202210260954/tools/bin/../lib/gcc/arm-none-eabi/10.3.1/thumb/v7e-m+fp/hard/crtbegin.o
                0x000000000800bd8c                PROVIDE (__init_array_end = .)
                0x000000000800bd8c                . = ALIGN (0x4)

.fini_array     0x000000000800bd8c        0x4
                0x000000000800bd8c                . = ALIGN (0x4)
                [!provide]                        PROVIDE (__fini_array_start = .)
 *(SORT_BY_NAME(.fini_array.*))
 *(.fini_array*)
 .fini_array    0x000000000800bd8c        0x4 c:/st/stm32cubeide_1.11.0/stm32cubeide/plugins/com.st.stm32cube.ide.mcu.externaltools.gnu-tools-for-stm32.10.3-2021.10.win32_1.0.100.202210260954/tools/bin/../lib/gcc/arm-none-eabi/10.3.1/thumb/v7e-m+fp/hard/crtbegin.o
                [!provide]                        PROVIDE (__fini_array_end = .)
                0x000000000800bd90                . = ALIGN (0x4)
                0x000000000800bd90                _sidata = LOADADDR (.data)

.data           0x0000000020000000      0x160 load address 0x000000000800bd90
                0x0000000020000000                . = ALIGN (0x4)
                0x0000000020000000                _sdata = .
 *(.data)
 *(.data*)
 .data.SystemCoreClock
                0x0000000020000000        0x4 ./Core/Src/system_stm32f4xx.o
                0x0000000020000000                SystemCoreClock
 .data.uwTickPrio
                0x0000000020000004        0x4 ./Drivers/STM32F4xx_HAL_Driver/Src/stm32f4xx_hal.o
                0x0000000020000004                uwTickPrio
 .data.uwTickFreq
                0x0000000020000008        0x1 ./Drivers/STM32F4xx_HAL_Driver/Src/stm32f4xx_hal.o
                0x0000000020000008                uwTickFreq
 *fill*         0x0000000020000009        0x3 
 .data.USBD_CDC_DeviceQualifierDesc
                0x000000002000000c        0xa ./Middlewares/ST/STM32_USB_Device_Library/Class/CDC/Src/usbd_cdc.o
 *fill*         0x0000000020000016        0x2 
 .data.USBD_CDC
                0x0000000020000018       0x38 ./Middlewares/ST/STM32_USB_Device_Library/Class/CDC/Src/usbd_cdc.o
                0x0000000020000018                USBD_CDC
 .data.USBD_CDC_CfgDesc
                0x0000000020000050       0x43 ./Middlewares/ST/STM32_USB_Device_Library/Class/CDC/Src/usbd_cdc.o
 .data.CDCInEpAdd
                0x0000000020000093        0x1 ./Middlewares/ST/STM32_USB_Device_Library/Class/CDC/Src/usbd_cdc.o
 .data.CDCOutEpAdd
                0x0000000020000094        0x1 ./Middlewares/ST/STM32_USB_Device_Library/Class/CDC/Src/usbd_cdc.o
 .data.CDCCmdEpAdd
                0x0000000020000095        0x1 ./Middlewares/ST/STM32_USB_Device_Library/Class/CDC/Src/usbd_cdc.o
 *fill*         0x0000000020000096        0x2 
 .data.USBD_Interface_fops_FS
                0x0000000020000098       0x14 ./USB_DEVICE/App/usbd_cdc_if.o
                0x0000000020000098                USBD_Interface_fops_FS
 .data.FS_Desc  0x00000000200000ac       0x1c ./USB_DEVICE/App/usbd_desc.o
                0x00000000200000ac                FS_Desc
 .data.USBD_FS_DeviceDesc
                0x00000000200000c8       0x12 ./USB_DEVICE/App/usbd_desc.o
                0x00000000200000c8                USBD_FS_DeviceDesc
 *fill*         0x00000000200000da        0x2 
 .data.USBD_LangIDDesc
                0x00000000200000dc        0x4 ./USB_DEVICE/App/usbd_desc.o
                0x00000000200000dc                USBD_LangIDDesc
 .data.USBD_StringSerial
                0x00000000200000e0       0x1a ./USB_DEVICE/App/usbd_desc.o
                0x00000000200000e0                USBD_StringSerial
 *fill*         0x00000000200000fa        0x2 
 .data._impure_ptr
                0x00000000200000fc        0x4 c:/st/stm32cubeide_1.11.0/stm32cubeide/plugins/com.st.stm32cube.ide.mcu.externaltools.gnu-tools-for-stm32.10.3-2021.10.win32_1.0.100.202210260954/tools/bin/../lib/gcc/arm-none-eabi/10.3.1/../../../../arm-none-eabi/lib/thumb/v7e-m+fp/hard\libc_nano.a(lib_a-impure.o)
                0x00000000200000fc                _impure_ptr
 .data.impure_data
                0x0000000020000100       0x60 c:/st/stm32cubeide_1.11.0/stm32cubeide/plugins/com.st.stm32cube.ide.mcu.externaltools.gnu-tools-for-stm32.10.3-2021.10.win32_1.0.100.202210260954/tools/bin/../lib/gcc/arm-none-eabi/10.3.1/../../../../arm-none-eabi/lib/thumb/v7e-m+fp/hard\libc_nano.a(lib_a-impure.o)
 *(.RamFunc)
 *(.RamFunc*)
                0x0000000020000160                . = ALIGN (0x4)
                0x0000000020000160                _edata = .

.igot.plt       0x0000000020000160        0x0 load address 0x000000000800bef0
 .igot.plt      0x0000000020000160        0x0 c:/st/stm32cubeide_1.11.0/stm32cubeide/plugins/com.st.stm32cube.ide.mcu.externaltools.gnu-tools-for-stm32.10.3-2021.10.win32_1.0.100.202210260954/tools/bin/../lib/gcc/arm-none-eabi/10.3.1/thumb/v7e-m+fp/hard/crtbegin.o
                0x0000000020000160                . = ALIGN (0x4)

.bss            0x0000000020000160     0x2694 load address 0x000000000800bef0
                0x0000000020000160                _sbss = .
                0x0000000020000160                __bss_start__ = _sbss
 *(.bss)
 .bss           0x0000000020000160       0x1c c:/st/stm32cubeide_1.11.0/stm32cubeide/plugins/com.st.stm32cube.ide.mcu.externaltools.gnu-tools-for-stm32.10.3-2021.10.win32_1.0.100.202210260954/tools/bin/../lib/gcc/arm-none-eabi/10.3.1/thumb/v7e-m+fp/hard/crtbegin.o
 *(.bss*)
 .bss.intterruptEvent_Flag
                0x000000002000017c        0x1 ./Core/Src/EXITinti.o
                0x000000002000017c                intterruptEvent_Flag
 *fill*         0x000000002000017d        0x3 
 .bss.GNSS_temp
                0x0000000020000180       0x80 ./Core/Src/GNSSprocess.o
                0x0000000020000180                GNSS_temp
 .bss.latTemp   0x0000000020000200       0x10 ./Core/Src/GNSSprocess.o
                0x0000000020000200                latTemp
 .bss.lonTemp   0x0000000020000210       0x10 ./Core/Src/GNSSprocess.o
                0x0000000020000210                lonTemp
 .bss.processFlag
                0x0000000020000220        0x1 ./Core/Src/GNSSprocess.o
                0x0000000020000220                processFlag
 .bss.returnValue
                0x0000000020000221        0x1 ./Core/Src/GNSSprocess.o
                0x0000000020000221                returnValue
 *fill*         0x0000000020000222        0x2 
 .bss.TextTemp  0x0000000020000224       0x7d ./Core/Src/LTEdriver.o
                0x0000000020000224                TextTemp
 .bss.globalSnedFlag
                0x00000000200002a1        0x1 ./Core/Src/LTEdriver.o
                0x00000000200002a1                globalSnedFlag
 *fill*         0x00000000200002a2        0x2 
 .bss.temp      0x00000000200002a4        0x4 ./Core/Src/initernet.o
                0x00000000200002a4                temp
 .bss.time_temp
                0x00000000200002a8        0xc ./Core/Src/initernet.o
                0x00000000200002a8                time_temp
 .bss.date_temp
                0x00000000200002b4        0xc ./Core/Src/initernet.o
                0x00000000200002b4                date_temp
 .bss.DD        0x00000000200002c0        0x8 ./Core/Src/initernet.o
                0x00000000200002c0                DD
 .bss.MM        0x00000000200002c8        0x8 ./Core/Src/initernet.o
                0x00000000200002c8                MM
 .bss.YY        0x00000000200002d0        0x8 ./Core/Src/initernet.o
                0x00000000200002d0                YY
 .bss.hh        0x00000000200002d8        0x8 ./Core/Src/initernet.o
                0x00000000200002d8                hh
 .bss.mm        0x00000000200002e0        0x8 ./Core/Src/initernet.o
                0x00000000200002e0                mm
 .bss.ss        0x00000000200002e8        0x8 ./Core/Src/initernet.o
                0x00000000200002e8                ss
 .bss.TextNetTemp
                0x00000000200002f0       0x7d ./Core/Src/initernet.o
                0x00000000200002f0                TextNetTemp
 .bss.Error     0x000000002000036d        0x1 ./Core/Src/initernet.o
                0x000000002000036d                Error
 *fill*         0x000000002000036e        0x2 
 .bss.HTTP_URL_Temp
                0x0000000020000370      0x15e ./Core/Src/initernet.o
                0x0000000020000370                HTTP_URL_Temp
 *fill*         0x00000000200004ce        0x2 
 .bss.textBuffer
                0x00000000200004d0       0x80 ./Core/Src/main.o
                0x00000000200004d0                textBuffer
 .bss.URL_temp  0x0000000020000550      0x15e ./Core/Src/main.o
                0x0000000020000550                URL_temp
 *fill*         0x00000000200006ae        0x2 
 .bss.Rx1Buff   0x00000000200006b0       0x80 ./Core/Src/main.o
                0x00000000200006b0                Rx1Buff
 .bss.Rx2Buff   0x0000000020000730       0xff ./Core/Src/main.o
                0x0000000020000730                Rx2Buff
 *fill*         0x000000002000082f        0x1 
 .bss.dataComm_mainBuff
                0x0000000020000830       0x80 ./Core/Src/main.o
                0x0000000020000830                dataComm_mainBuff
 .bss.lteComm_MainBuff
                0x00000000200008b0       0xff ./Core/Src/main.o
                0x00000000200008b0                lteComm_MainBuff
 *fill*         0x00000000200009af        0x1 
 .bss.URL_len   0x00000000200009b0        0x4 ./Core/Src/main.o
                0x00000000200009b0                URL_len
 .bss.sendURL_flag
                0x00000000200009b4        0x1 ./Core/Src/main.o
                0x00000000200009b4                sendURL_flag
 *fill*         0x00000000200009b5        0x3 
 .bss.ENDBYTE   0x00000000200009b8        0x1 ./Core/Src/main.o
                0x00000000200009b8                ENDBYTE
 .bss.AckInternet_ErrCode
                0x00000000200009b9        0x1 ./Core/Src/main.o
                0x00000000200009b9                AckInternet_ErrCode
 .bss.AckInternet_flag
                0x00000000200009ba        0x1 ./Core/Src/main.o
                0x00000000200009ba                AckInternet_flag
 .bss.reboot_min_count
                0x00000000200009bb        0x1 ./Core/Src/main.o
                0x00000000200009bb                reboot_min_count
 .bss.htim4     0x00000000200009bc       0x48 ./Core/Src/main.o
                0x00000000200009bc                htim4
 .bss.huart1    0x0000000020000a04       0x44 ./Core/Src/main.o
                0x0000000020000a04                huart1
 .bss.huart2    0x0000000020000a48       0x44 ./Core/Src/main.o
                0x0000000020000a48                huart2
 .bss.hdma_usart1_rx
                0x0000000020000a8c       0x60 ./Core/Src/main.o
                0x0000000020000a8c                hdma_usart1_rx
 .bss.hdma_usart2_rx
                0x0000000020000aec       0x60 ./Core/Src/main.o
                0x0000000020000aec                hdma_usart2_rx
 .bss.sysCounter
                0x0000000020000b4c        0xc ./Core/Src/main.o
                0x0000000020000b4c                sysCounter
 .bss.sysFlag   0x0000000020000b58        0x3 ./Core/Src/main.o
                0x0000000020000b58                sysFlag
 *fill*         0x0000000020000b5b        0x1 
 .bss.GNSS      0x0000000020000b5c       0x20 ./Core/Src/main.o
                0x0000000020000b5c                GNSS
 .bss.SENSOR    0x0000000020000b7c       0x54 ./Core/Src/main.o
                0x0000000020000b7c                SENSOR
 .bss.__sbrk_heap_end
                0x0000000020000bd0        0x4 ./Core/Src/sysmem.o
 .bss.uwTick    0x0000000020000bd4        0x4 ./Drivers/STM32F4xx_HAL_Driver/Src/stm32f4xx_hal.o
                0x0000000020000bd4                uwTick
 .bss.cfgidx.0  0x0000000020000bd8        0x1 ./Middlewares/ST/STM32_USB_Device_Library/Core/Src/usbd_ctlreq.o
 *fill*         0x0000000020000bd9        0x3 
 .bss.hUsbDeviceFS
                0x0000000020000bdc      0x2dc ./USB_DEVICE/App/usb_device.o
                0x0000000020000bdc                hUsbDeviceFS
 .bss.UserRxBufferFS
                0x0000000020000eb8      0x800 ./USB_DEVICE/App/usbd_cdc_if.o
                0x0000000020000eb8                UserRxBufferFS
 .bss.UserTxBufferFS
                0x00000000200016b8      0x800 ./USB_DEVICE/App/usbd_cdc_if.o
                0x00000000200016b8                UserTxBufferFS
 .bss.USBD_StrDesc
                0x0000000020001eb8      0x200 ./USB_DEVICE/App/usbd_desc.o
                0x0000000020001eb8                USBD_StrDesc
 .bss.hpcd_USB_OTG_FS
                0x00000000200020b8      0x50c ./USB_DEVICE/Target/usbd_conf.o
                0x00000000200020b8                hpcd_USB_OTG_FS
 .bss.mem.0     0x00000000200025c4      0x220 ./USB_DEVICE/Target/usbd_conf.o
 .bss.__malloc_free_list
                0x00000000200027e4        0x4 c:/st/stm32cubeide_1.11.0/stm32cubeide/plugins/com.st.stm32cube.ide.mcu.externaltools.gnu-tools-for-stm32.10.3-2021.10.win32_1.0.100.202210260954/tools/bin/../lib/gcc/arm-none-eabi/10.3.1/../../../../arm-none-eabi/lib/thumb/v7e-m+fp/hard\libc_nano.a(lib_a-nano-mallocr.o)
                0x00000000200027e4                __malloc_free_list
 .bss.__malloc_sbrk_start
                0x00000000200027e8        0x4 c:/st/stm32cubeide_1.11.0/stm32cubeide/plugins/com.st.stm32cube.ide.mcu.externaltools.gnu-tools-for-stm32.10.3-2021.10.win32_1.0.100.202210260954/tools/bin/../lib/gcc/arm-none-eabi/10.3.1/../../../../arm-none-eabi/lib/thumb/v7e-m+fp/hard\libc_nano.a(lib_a-nano-mallocr.o)
                0x00000000200027e8                __malloc_sbrk_start
 .bss.errno     0x00000000200027ec        0x4 c:/st/stm32cubeide_1.11.0/stm32cubeide/plugins/com.st.stm32cube.ide.mcu.externaltools.gnu-tools-for-stm32.10.3-2021.10.win32_1.0.100.202210260954/tools/bin/../lib/gcc/arm-none-eabi/10.3.1/../../../../arm-none-eabi/lib/thumb/v7e-m+fp/hard\libc_nano.a(lib_a-reent.o)
                0x00000000200027ec                errno
 .bss.__lock___malloc_recursive_mutex
                0x00000000200027f0        0x1 c:/st/stm32cubeide_1.11.0/stm32cubeide/plugins/com.st.stm32cube.ide.mcu.externaltools.gnu-tools-for-stm32.10.3-2021.10.win32_1.0.100.202210260954/tools/bin/../lib/gcc/arm-none-eabi/10.3.1/../../../../arm-none-eabi/lib/thumb/v7e-m+fp/hard\libc_nano.a(lib_a-lock.o)
                0x00000000200027f0                __lock___malloc_recursive_mutex
 *(COMMON)
                0x00000000200027f4                . = ALIGN (0x4)
 *fill*         0x00000000200027f1        0x3 
                0x00000000200027f4                _ebss = .
                0x00000000200027f4                __bss_end__ = _ebss

._user_heap_stack
                0x00000000200027f4      0x604 load address 0x000000000800bef0
                0x00000000200027f8                . = ALIGN (0x8)
 *fill*         0x00000000200027f4        0x4 
                [!provide]                        PROVIDE (end = .)
                0x00000000200027f8                PROVIDE (_end = .)
                0x00000000200029f8                . = (. + _Min_Heap_Size)
 *fill*         0x00000000200027f8      0x200 
                0x0000000020002df8                . = (. + _Min_Stack_Size)
 *fill*         0x00000000200029f8      0x400 
                0x0000000020002df8                . = ALIGN (0x8)

/DISCARD/
 libc.a(*)
 libm.a(*)
 libgcc.a(*)

.ARM.attributes
                0x0000000000000000       0x30
 *(.ARM.attributes)
 .ARM.attributes
                0x0000000000000000       0x1e c:/st/stm32cubeide_1.11.0/stm32cubeide/plugins/com.st.stm32cube.ide.mcu.externaltools.gnu-tools-for-stm32.10.3-2021.10.win32_1.0.100.202210260954/tools/bin/../lib/gcc/arm-none-eabi/10.3.1/thumb/v7e-m+fp/hard/crti.o
 .ARM.attributes
                0x000000000000001e       0x34 c:/st/stm32cubeide_1.11.0/stm32cubeide/plugins/com.st.stm32cube.ide.mcu.externaltools.gnu-tools-for-stm32.10.3-2021.10.win32_1.0.100.202210260954/tools/bin/../lib/gcc/arm-none-eabi/10.3.1/thumb/v7e-m+fp/hard/crtbegin.o
 .ARM.attributes
                0x0000000000000052       0x34 ./Core/Src/EXITinti.o
 .ARM.attributes
                0x0000000000000086       0x34 ./Core/Src/GNSSprocess.o
 .ARM.attributes
                0x00000000000000ba       0x34 ./Core/Src/LTEdriver.o
 .ARM.attributes
                0x00000000000000ee       0x34 ./Core/Src/initernet.o
 .ARM.attributes
                0x0000000000000122       0x34 ./Core/Src/main.o
 .ARM.attributes
                0x0000000000000156       0x34 ./Core/Src/msgProcess.o
 .ARM.attributes
                0x000000000000018a       0x34 ./Core/Src/stm32f4xx_hal_msp.o
 .ARM.attributes
                0x00000000000001be       0x34 ./Core/Src/stm32f4xx_it.o
 .ARM.attributes
                0x00000000000001f2       0x34 ./Core/Src/sysmem.o
 .ARM.attributes
                0x0000000000000226       0x34 ./Core/Src/system_stm32f4xx.o
 .ARM.attributes
                0x000000000000025a       0x21 ./Core/Startup/startup_stm32f411ceux.o
 .ARM.attributes
                0x000000000000027b       0x34 ./Drivers/STM32F4xx_HAL_Driver/Src/stm32f4xx_hal.o
 .ARM.attributes
                0x00000000000002af       0x34 ./Drivers/STM32F4xx_HAL_Driver/Src/stm32f4xx_hal_cortex.o
 .ARM.attributes
                0x00000000000002e3       0x34 ./Drivers/STM32F4xx_HAL_Driver/Src/stm32f4xx_hal_dma.o
 .ARM.attributes
                0x0000000000000317       0x34 ./Drivers/STM32F4xx_HAL_Driver/Src/stm32f4xx_hal_gpio.o
 .ARM.attributes
                0x000000000000034b       0x34 ./Drivers/STM32F4xx_HAL_Driver/Src/stm32f4xx_hal_pcd.o
 .ARM.attributes
                0x000000000000037f       0x34 ./Drivers/STM32F4xx_HAL_Driver/Src/stm32f4xx_hal_pcd_ex.o
 .ARM.attributes
                0x00000000000003b3       0x34 ./Drivers/STM32F4xx_HAL_Driver/Src/stm32f4xx_hal_rcc.o
 .ARM.attributes
                0x00000000000003e7       0x34 ./Drivers/STM32F4xx_HAL_Driver/Src/stm32f4xx_hal_tim.o
 .ARM.attributes
                0x000000000000041b       0x34 ./Drivers/STM32F4xx_HAL_Driver/Src/stm32f4xx_hal_tim_ex.o
 .ARM.attributes
                0x000000000000044f       0x34 ./Drivers/STM32F4xx_HAL_Driver/Src/stm32f4xx_hal_uart.o
 .ARM.attributes
                0x0000000000000483       0x34 ./Drivers/STM32F4xx_HAL_Driver/Src/stm32f4xx_ll_usb.o
 .ARM.attributes
                0x00000000000004b7       0x34 ./Middlewares/ST/STM32_USB_Device_Library/Class/CDC/Src/usbd_cdc.o
 .ARM.attributes
                0x00000000000004eb       0x34 ./Middlewares/ST/STM32_USB_Device_Library/Core/Src/usbd_core.o
 .ARM.attributes
                0x000000000000051f       0x34 ./Middlewares/ST/STM32_USB_Device_Library/Core/Src/usbd_ctlreq.o
 .ARM.attributes
                0x0000000000000553       0x34 ./Middlewares/ST/STM32_USB_Device_Library/Core/Src/usbd_ioreq.o
 .ARM.attributes