../Core/Src/main.c:75:5:main	56	static
../Core/Src/main.c:505:6:sysValinit	4	static
../Core/Src/main.c:522:6:sensorValInit	8	static
../Core/Src/main.c:538:6:UART6_Debug	16	static
../Core/Src/main.c:543:6:SendData_RS485	16	static
../Core/Src/main.c:547:6:SendCMD_LTE	16	static
../Core/Src/main.c:553:6:HAL_UARTEx_RxEventCallback	16	static
../Core/Src/main.c:577:5:findTarget	24	static
../Core/Src/main.c:593:6:HAL_TIM_PeriodElapsedCallback	16	static
../Core/Src/main.c:601:6:Clear_Buff_Commu	8	static
../Core/Src/main.c:606:6:resetWDT	8	static
../Core/Src/main.c:631:6:SystemClock_Config	88	static
../Core/Src/main.c:677:13:MX_TIM4_Init	32	static
../Core/Src/main.c:722:13:MX_USART1_UART_Init	8	static
../Core/Src/main.c:755:13:MX_USART2_UART_Init	8	static
../Core/Src/main.c:788:13:MX_USART6_UART_Init	8	static
../Core/Src/main.c:819:13:MX_DMA_Init	16	static
../Core/Src/main.c:841:13:MX_GPIO_Init	40	static
../Core/Src/main.c:883:6:Error_Handler	4	static,ignoring_inline_asm
