../Core/Src/main.c:56:5:main	8	static
../Core/Src/main.c:199:6:sysValinit	4	static
../Core/Src/main.c:213:6:SerialDebug	16	static
../Core/Src/main.c:219:6:SendData	16	static
../Core/Src/main.c:223:6:SendCMD_LTE	16	static
../Core/Src/main.c:229:6:HAL_UARTEx_RxEventCallback	16	static
../Core/Src/main.c:253:6:HAL_TIM_PeriodElapsedCallback	16	static
../Core/Src/main.c:263:6:initLTE	16	static
../Core/Src/main.c:374:6:clearText_buff	8	static
../Core/Src/main.c:377:6:clearLTE_buff	8	static
../Core/Src/main.c:381:5:networkRegStatus	8	static
../Core/Src/main.c:399:5:RebootLTE	8	static
../Core/Src/main.c:415:5:findTarget	24	static
../Core/Src/main.c:450:6:SystemClock_Config	88	static
../Core/Src/main.c:496:13:MX_TIM4_Init	32	static
../Core/Src/main.c:541:13:MX_USART1_UART_Init	8	static
../Core/Src/main.c:574:13:MX_USART2_UART_Init	8	static
../Core/Src/main.c:605:13:MX_DMA_Init	16	static
../Core/Src/main.c:627:13:MX_GPIO_Init	40	static
../Core/Src/main.c:659:6:Error_Handler	4	static,ignoring_inline_asm
