../Core/Src/main.c:51:5:main	8	static
../Core/Src/main.c:169:6:sysValinit	4	static
../Core/Src/main.c:183:6:SerialDebug	16	static
../Core/Src/main.c:189:6:SendData	16	static
../Core/Src/main.c:193:6:SendCMD_LTE	16	static
../Core/Src/main.c:199:6:HAL_UARTEx_RxEventCallback	16	static
../Core/Src/main.c:223:6:HAL_TIM_PeriodElapsedCallback	16	static
../Core/Src/main.c:233:6:initLTE	16	static
../Core/Src/main.c:344:5:networkRegStatus	8	static
../Core/Src/main.c:362:5:RebootLTE	8	static
../Core/Src/main.c:378:5:findTarget	24	static
../Core/Src/main.c:413:6:SystemClock_Config	88	static
../Core/Src/main.c:459:13:MX_TIM4_Init	32	static
../Core/Src/main.c:504:13:MX_USART1_UART_Init	8	static
../Core/Src/main.c:537:13:MX_USART2_UART_Init	8	static
../Core/Src/main.c:568:13:MX_DMA_Init	16	static
../Core/Src/main.c:590:13:MX_GPIO_Init	40	static
../Core/Src/main.c:625:6:Error_Handler	4	static,ignoring_inline_asm
